Component: ARM Compiler 5.06 update 6 (build 750) Tool: armlink [4d35ed]

==============================================================================

Section Cross References

    main.o(i.main) refers to tasks.o(i.xTaskCreate) for xTaskCreate
    main.o(i.main) refers to tasks.o(i.vTaskDelay) for vTaskDelay
    main.o(i.main) refers to board.o(i.rt_feed_iwdg) for rt_feed_iwdg
    main.o(i.main) refers to app_led.o(i.thread_entry_led) for thread_entry_led
    main.o(i.main) refers to app_shell.o(i.thread_entry_shell) for thread_entry_shell
    main.o(i.main) refers to app_gnss.o(i.thread_entry_gnss) for thread_entry_gnss
    main.o(i.main) refers to app_packet.o(i.thread_entry_packet) for thread_entry_packet
    main.o(i.main) refers to app_can_recv.o(i.thread_entry_can_recv) for thread_entry_can_recv
    main.o(i.main) refers to app_can_send.o(i.thread_entry_can_send) for thread_entry_can_send
    main.o(i.main) refers to app_lte.o(i.thread_entry_lte) for thread_entry_lte
    main.o(i.main) refers to app_at.o(i.thread_entry_at) for thread_entry_at
    main.o(i.main) refers to app_sms.o(i.thread_entry_sms) for thread_entry_sms
    main.o(i.main) refers to app_gb4.o(i.thread_entry_gb4) for thread_entry_gb4
    app_led.o(i.led_green_handle) refers to drv_gpio.o(i.rt_led_green_on) for rt_led_green_on
    app_led.o(i.led_green_handle) refers to drv_gpio.o(i.rt_led_green_off) for rt_led_green_off
    app_led.o(i.led_green_handle) refers to app_led.o(.data) for state
    app_led.o(i.thread_entry_led) refers to tasks.o(i.vTaskDelay) for vTaskDelay
    app_led.o(i.thread_entry_led) refers to app_led.o(i.led_green_handle) for led_green_handle
    app_gnss.o(i.filter_gnss_data) refers to dfltui.o(.text) for __aeabi_ui2d
    app_gnss.o(i.filter_gnss_data) refers to ddiv.o(.text) for __aeabi_ddiv
    app_gnss.o(i.filter_gnss_data) refers to pro_data.o(i.ComputeDistance) for ComputeDistance
    app_gnss.o(i.filter_gnss_data) refers to dmul.o(.text) for __aeabi_dmul
    app_gnss.o(i.filter_gnss_data) refers to cdrcmple.o(.text) for __aeabi_cdrcmple
    app_gnss.o(i.filter_gnss_data) refers to app_gnss.o(.bss) for gnss_data
    app_gnss.o(i.gnss_data_verify) refers to app_gnss.o(i.gps_ascii_to_hex) for gps_ascii_to_hex
    app_gnss.o(i.gnss_info_handler) refers to strstr.o(.text) for strstr
    app_gnss.o(i.gnss_info_handler) refers to app_gnss.o(i.gnss_data_verify) for gnss_data_verify
    app_gnss.o(i.gnss_info_handler) refers to app_gnss.o(i.parse_rmc) for parse_rmc
    app_gnss.o(i.gnss_info_handler) refers to app_gnss.o(i.parse_gga) for parse_gga
    app_gnss.o(i.gnss_info_handler) refers to app_gnss.o(i.parse_gpgsv) for parse_gpgsv
    app_gnss.o(i.gnss_info_handler) refers to app_gnss.o(i.parse_bdgsv) for parse_bdgsv
    app_gnss.o(i.gnss_info_handler) refers to app_gnss.o(i.filter_gnss_data) for filter_gnss_data
    app_gnss.o(i.gnss_info_handler) refers to drv_rtc.o(i.get_rtc_timestamp) for get_rtc_timestamp
    app_gnss.o(i.gnss_info_handler) refers to printf8.o(i.__0printf$8) for __2printf
    app_gnss.o(i.gnss_info_handler) refers to app_gnss.o(.data) for gnss_module_flag
    app_gnss.o(i.gnss_info_handler) refers to app_gnss.o(.bss) for gnss_data
    app_gnss.o(i.gnss_rx_data_handle) refers to tasks.o(i.xTaskGetTickCount) for xTaskGetTickCount
    app_gnss.o(i.gnss_rx_data_handle) refers to app_gnss.o(.bss) for gnss
    app_gnss.o(i.gnss_ticks_handle) refers to tasks.o(i.xTaskGetTickCount) for xTaskGetTickCount
    app_gnss.o(i.gnss_ticks_handle) refers to queue.o(i.xQueueGiveFromISR) for xQueueGiveFromISR
    app_gnss.o(i.gnss_ticks_handle) refers to app_gnss.o(.bss) for gnss
    app_gnss.o(i.parse_bdgsv) refers to pro_data.o(i.get_data_str) for get_data_str
    app_gnss.o(i.parse_bdgsv) refers to pro_data.o(i.fr_atof) for fr_atof
    app_gnss.o(i.parse_bdgsv) refers to dfixui.o(.text) for __aeabi_d2uiz
    app_gnss.o(i.parse_bdgsv) refers to app_gnss.o(.bss) for gnss_data
    app_gnss.o(i.parse_gga) refers to pro_data.o(i.get_data_str) for get_data_str
    app_gnss.o(i.parse_gga) refers to pro_data.o(i.fr_atof) for fr_atof
    app_gnss.o(i.parse_gga) refers to dfixui.o(.text) for __aeabi_d2uiz
    app_gnss.o(i.parse_gga) refers to dmul.o(.text) for __aeabi_dmul
    app_gnss.o(i.parse_gga) refers to app_gnss.o(.bss) for gnss_data
    app_gnss.o(i.parse_gpgsv) refers to pro_data.o(i.get_data_str) for get_data_str
    app_gnss.o(i.parse_gpgsv) refers to pro_data.o(i.fr_atof) for fr_atof
    app_gnss.o(i.parse_gpgsv) refers to dfixui.o(.text) for __aeabi_d2uiz
    app_gnss.o(i.parse_gpgsv) refers to app_gnss.o(.bss) for gnss_data
    app_gnss.o(i.parse_rmc) refers to pro_data.o(i.get_data_str) for get_data_str
    app_gnss.o(i.parse_rmc) refers to pro_data.o(i.fr_atof) for fr_atof
    app_gnss.o(i.parse_rmc) refers to dmul.o(.text) for __aeabi_dmul
    app_gnss.o(i.parse_rmc) refers to dfixui.o(.text) for __aeabi_d2uiz
    app_gnss.o(i.parse_rmc) refers to ddiv.o(.text) for __aeabi_ddiv
[...]
    __main_after_scatterload                 0x08008191   Thumb Code     0  entry5.o(.ARM.Collect$$$$00000004)
    _main_clock                              0x08008191   Thumb Code     0  entry7b.o(.ARM.Collect$$$$00000008)
    _main_cpp_init                           0x08008191   Thumb Code     0  entry8b.o(.ARM.Collect$$$$0000000A)
    _main_init                               0x08008191   Thumb Code     0  entry9a.o(.ARM.Collect$$$$0000000B)
    __rt_final_cpp                           0x08008199   Thumb Code     0  entry10a.o(.ARM.Collect$$$$0000000D)
    __rt_final_exit                          0x08008199   Thumb Code     0  entry11a.o(.ARM.Collect$$$$0000000F)
    SVC_Handler                              0x0800819d   Thumb Code    28  port.o(.emb_text)
    __asm___6_port_c_39a90d8d__prvStartFirstTask 0x080081bd   Thumb Code    28  port.o(.emb_text)
    __asm___6_port_c_39a90d8d__prvEnableVFP  0x080081dd   Thumb Code    16  port.o(.emb_text)
    PendSV_Handler                           0x080081f1   Thumb Code    88  port.o(.emb_text)
    vPortGetIPSR                             0x0800824d   Thumb Code     6  port.o(.emb_text)
    Reset_Handler                            0x08008255   Thumb Code     8  startup_stm32f4xx.o(.text)
    NMI_Handler                              0x0800825d   Thumb Code     2  startup_stm32f4xx.o(.text)
    HardFault_Handler                        0x0800825f   Thumb Code     2  startup_stm32f4xx.o(.text)
    MemManage_Handler                        0x08008261   Thumb Code     2  startup_stm32f4xx.o(.text)
    BusFault_Handler                         0x08008263   Thumb Code     2  startup_stm32f4xx.o(.text)
    UsageFault_Handler                       0x08008265   Thumb Code     2  startup_stm32f4xx.o(.text)
    DebugMon_Handler                         0x08008269   Thumb Code     2  startup_stm32f4xx.o(.text)
    ADC_IRQHandler                           0x0800826f   Thumb Code     0  startup_stm32f4xx.o(.text)
    CAN1_RX1_IRQHandler                      0x0800826f   Thumb Code     0  startup_stm32f4xx.o(.text)
    CAN1_SCE_IRQHandler                      0x0800826f   Thumb Code     0  startup_stm32f4xx.o(.text)
    CAN1_TX_IRQHandler                       0x0800826f   Thumb Code     0  startup_stm32f4xx.o(.text)
    CAN2_RX0_IRQHandler                      0x0800826f   Thumb Code     0  startup_stm32f4xx.o(.text)
    CAN2_RX1_IRQHandler                      0x0800826f   Thumb Code     0  startup_stm32f4xx.o(.text)
    CAN2_SCE_IRQHandler                      0x0800826f   Thumb Code     0  startup_stm32f4xx.o(.text)
    CAN2_TX_IRQHandler                       0x0800826f   Thumb Code     0  startup_stm32f4xx.o(.text)
    CRYP_IRQHandler                          0x0800826f   Thumb Code     0  startup_stm32f4xx.o(.text)
    DCMI_IRQHandler                          0x0800826f   Thumb Code     0  startup_stm32f4xx.o(.text)
    DMA1_Stream0_IRQHandler                  0x0800826f   Thumb Code     0  startup_stm32f4xx.o(.text)
    DMA1_Stream1_IRQHandler                  0x0800826f   Thumb Code     0  startup_stm32f4xx.o(.text)
    DMA1_Stream2_IRQHandler                  0x0800826f   Thumb Code     0  startup_stm32f4xx.o(.text)
    DMA1_Stream3_IRQHandler                  0x0800826f   Thumb Code     0  startup_stm32f4xx.o(.text)
    DMA1_Stream4_IRQHandler                  0x0800826f   Thumb Code     0  startup_stm32f4xx.o(.text)
    DMA1_Stream5_IRQHandler                  0x0800826f   Thumb Code     0  startup_stm32f4xx.o(.text)
    DMA1_Stream6_IRQHandler                  0x0800826f   Thumb Code     0  startup_stm32f4xx.o(.text)
    DMA1_Stream7_IRQHandler                  0x0800826f   Thumb Code     0  startup_stm32f4xx.o(.text)
    DMA2_Stream0_IRQHandler                  0x0800826f   Thumb Code     0  startup_stm32f4xx.o(.text)
    DMA2_Stream1_IRQHandler                  0x0800826f   Thumb Code     0  startup_stm32f4xx.o(.text)
    DMA2_Stream2_IRQHandler                  0x0800826f   Thumb Code     0  startup_stm32f4xx.o(.text)
    DMA2_Stream3_IRQHandler                  0x0800826f   Thumb Code     0  startup_stm32f4xx.o(.text)
    DMA2_Stream4_IRQHandler                  0x0800826f   Thumb Code     0  startup_stm32f4xx.o(.text)
    DMA2_Stream5_IRQHandler                  0x0800826f   Thumb Code     0  startup_stm32f4xx.o(.text)
    DMA2_Stream6_IRQHandler                  0x0800826f   Thumb Code     0  startup_stm32f4xx.o(.text)
    DMA2_Stream7_IRQHandler                  0x0800826f   Thumb Code     0  startup_stm32f4xx.o(.text)
    ETH_IRQHandler                           0x0800826f   Thumb Code     0  startup_stm32f4xx.o(.text)
    ETH_WKUP_IRQHandler                      0x0800826f   Thumb Code     0  startup_stm32f4xx.o(.text)
    EXTI0_IRQHandler                         0x0800826f   Thumb Code     0  startup_stm32f4xx.o(.text)
    EXTI15_10_IRQHandler                     0x0800826f   Thumb Code     0  startup_stm32f4xx.o(.text)
    EXTI1_IRQHandler                         0x0800826f   Thumb Code     0  startup_stm32f4xx.o(.text)
    EXTI2_IRQHandler                         0x0800826f   Thumb Code     0  startup_stm32f4xx.o(.text)
    EXTI3_IRQHandler                         0x0800826f   Thumb Code     0  startup_stm32f4xx.o(.text)
    EXTI4_IRQHandler                         0x0800826f   Thumb Code     0  startup_stm32f4xx.o(.text)
    EXTI9_5_IRQHandler                       0x0800826f   Thumb Code     0  startup_stm32f4xx.o(.text)
    FLASH_IRQHandler                         0x0800826f   Thumb Code     0  startup_stm32f4xx.o(.text)
    FPU_IRQHandler                           0x0800826f   Thumb Code     0  startup_stm32f4xx.o(.text)
    FSMC_IRQHandler                          0x0800826f   Thumb Code     0  startup_stm32f4xx.o(.text)
    HASH_RNG_IRQHandler                      0x0800826f   Thumb Code     0  startup_stm32f4xx.o(.text)
    I2C1_ER_IRQHandler                       0x0800826f   Thumb Code     0  startup_stm32f4xx.o(.text)
    I2C1_EV_IRQHandler                       0x0800826f   Thumb Code     0  startup_stm32f4xx.o(.text)
    I2C2_ER_IRQHandler                       0x0800826f   Thumb Code     0  startup_stm32f4xx.o(.text)
    I2C2_EV_IRQHandler                       0x0800826f   Thumb Code     0  startup_stm32f4xx.o(.text)
    I2C3_ER_IRQHandler                       0x0800826f   Thumb Code     0  startup_stm32f4xx.o(.text)
    I2C3_EV_IRQHandler                       0x0800826f   Thumb Code     0  startup_stm32f4xx.o(.text)
    OTG_FS_IRQHandler                        0x0800826f   Thumb Code     0  startup_stm32f4xx.o(.text)
    OTG_FS_WKUP_IRQHandler                   0x0800826f   Thumb Code     0  startup_stm32f4xx.o(.text)
    OTG_HS_EP1_IN_IRQHandler                 0x0800826f   Thumb Code     0  startup_stm32f4xx.o(.text)
    OTG_HS_EP1_OUT_IRQHandler                0x0800826f   Thumb Code     0  startup_stm32f4xx.o(.text)
    OTG_HS_IRQHandler                        0x0800826f   Thumb Code     0  startup_stm32f4xx.o(.text)
    OTG_HS_WKUP_IRQHandler                   0x0800826f   Thumb Code     0  startup_stm32f4xx.o(.text)
    PVD_IRQHandler                           0x0800826f   Thumb Code     0  startup_stm32f4xx.o(.text)
    RCC_IRQHandler                           0x0800826f   Thumb Code     0  startup_stm32f4xx.o(.text)
    SPI1_IRQHandler                          0x0800826f   Thumb Code     0  startup_stm32f4xx.o(.text)
    SPI2_IRQHandler                          0x0800826f   Thumb Code     0  startup_stm32f4xx.o(.text)
    SPI3_IRQHandler                          0x0800826f   Thumb Code     0  startup_stm32f4xx.o(.text)
    TAMP_STAMP_IRQHandler                    0x0800826f   Thumb Code     0  startup_stm32f4xx.o(.text)
    TIM1_BRK_TIM9_IRQHandler                 0x0800826f   Thumb Code     0  startup_stm32f4xx.o(.text)
    TIM1_CC_IRQHandler                       0x0800826f   Thumb Code     0  startup_stm32f4xx.o(.text)
    TIM1_TRG_COM_TIM11_IRQHandler            0x0800826f   Thumb Code     0  startup_stm32f4xx.o(.text)
    TIM1_UP_TIM10_IRQHandler                 0x0800826f   Thumb Code     0  startup_stm32f4xx.o(.text)
    TIM2_IRQHandler                          0x0800826f   Thumb Code     0  startup_stm32f4xx.o(.text)
    TIM4_IRQHandler                          0x0800826f   Thumb Code     0  startup_stm32f4xx.o(.text)
    TIM5_IRQHandler                          0x0800826f   Thumb Code     0  startup_stm32f4xx.o(.text)
    TIM6_DAC_IRQHandler                      0x0800826f   Thumb Code     0  startup_stm32f4xx.o(.text)
    TIM7_IRQHandler                          0x0800826f   Thumb Code     0  startup_stm32f4xx.o(.text)
    TIM8_BRK_TIM12_IRQHandler                0x0800826f   Thumb Code     0  startup_stm32f4xx.o(.text)
    TIM8_CC_IRQHandler                       0x0800826f   Thumb Code     0  startup_stm32f4xx.o(.text)
    TIM8_TRG_COM_TIM14_IRQHandler            0x0800826f   Thumb Code     0  startup_stm32f4xx.o(.text)
    TIM8_UP_TIM13_IRQHandler                 0x0800826f   Thumb Code     0  startup_stm32f4xx.o(.text)
    WWDG_IRQHandler                          0x0800826f   Thumb Code     0  startup_stm32f4xx.o(.text)
    mktime                                   0x08008279   Thumb Code   150  mktime.o(.text)
    __aeabi_memcpy                           0x08008321   Thumb Code    36  memcpya.o(.text)
    __aeabi_memcpy4                          0x08008321   Thumb Code     0  memcpya.o(.text)
    __aeabi_memcpy8                          0x08008321   Thumb Code     0  memcpya.o(.text)
    __aeabi_memset                           0x08008345   Thumb Code    14  memseta.o(.text)
    __aeabi_memset4                          0x08008345   Thumb Code     0  memseta.o(.text)
    __aeabi_memset8                          0x08008345   Thumb Code     0  memseta.o(.text)
    __aeabi_memclr                           0x08008353   Thumb Code     4  memseta.o(.text)
    __aeabi_memclr4                          0x08008353   Thumb Code     0  memseta.o(.text)
    __aeabi_memclr8                          0x08008353   Thumb Code     0  memseta.o(.text)
    _memset$wrapper                          0x08008357   Thumb Code    18  memseta.o(.text)
    strstr                                   0x08008369   Thumb Code    36  strstr.o(.text)
    strlen                                   0x0800838d   Thumb Code    14  strlen.o(.text)
    __0sscanf                                0x0800839d   Thumb Code    48  __0sscanf.o(.text)
    _scanf_int                               0x080083d5   Thumb Code   332  _scanf_int.o(.text)
    _scanf_string                            0x08008521   Thumb Code   224  _scanf_str.o(.text)
    __aeabi_dadd                             0x08008601   Thumb Code   322  dadd.o(.text)
    __aeabi_dsub                             0x08008743   Thumb Code     6  dadd.o(.text)
    __aeabi_drsub                            0x08008749   Thumb Code     6  dadd.o(.text)
    __aeabi_dmul                             0x0800874f   Thumb Code   228  dmul.o(.text)
    __aeabi_ddiv                             0x08008833   Thumb Code   222  ddiv.o(.text)
    __aeabi_i2d                              0x08008911   Thumb Code    34  dflti.o(.text)
    __aeabi_ui2d                             0x08008933   Thumb Code    26  dfltui.o(.text)
    __aeabi_d2uiz                            0x0800894d   Thumb Code    50  dfixui.o(.text)
    __aeabi_cdrcmple                         0x08008981   Thumb Code    48  cdrcmple.o(.text)
    __aeabi_uldivmod                         0x080089b1   Thumb Code    98  uldiv.o(.text)
    __aeabi_llsl                             0x08008a13   Thumb Code    30  llshl.o(.text)
    _ll_shift_l                              0x08008a13   Thumb Code     0  llshl.o(.text)
    __aeabi_llsr                             0x08008a31   Thumb Code    32  llushr.o(.text)
    _ll_ushift_r                             0x08008a31   Thumb Code     0  llushr.o(.text)
    __aeabi_lasr                             0x08008a51   Thumb Code    36  llsshr.o(.text)
    _ll_sshift_r                             0x08008a51   Thumb Code     0  llsshr.o(.text)
    localtime                                0x08008a75   Thumb Code     6  localtime_w.o(.text)
    _localtime                               0x08008a81   Thumb Code   134  localtime_i.o(.text)
    _chval                                   0x08008b0d   Thumb Code    28  _chval.o(.text)
    __vfscanf_char                           0x08008b35   Thumb Code    20  scanf_char.o(.text)
    _sgetc                                   0x08008b51   Thumb Code    30  _sgetc.o(.text)
    _sbackspace                              0x08008b6f   Thumb Code    34  _sgetc.o(.text)
    __I$use$fp                               0x08008b91   Thumb Code     0  iusefp.o(.text)
    _double_round                            0x08008b91   Thumb Code    30  depilogue.o(.text)
    _double_epilogue                         0x08008baf   Thumb Code   156  depilogue.o(.text)
    _dsqrt                                   0x08008c4b   Thumb Code   162  dsqrt.o(.text)
    __scatterload                            0x08008ced   Thumb Code    28  init.o(.text)
    __scatterload_rt2                        0x08008ced   Thumb Code     0  init.o(.text)
    isspace                                  0x08008d11   Thumb Code    10  isspace_c.o(.text)
    __vfscanf                                0x08008d1d   Thumb Code   808  _scanf.o(.text)
    __aeabi_d2iz                             0x08009049   Thumb Code    62  dfixi.o(.text)
    __ctype_lookup                           0x08009089   Thumb Code    34  ctype_c.o(.text)
    __decompress                             0x080090b1   Thumb Code     0  __dczerorl2.o(.text)
    __decompress1                            0x080090b1   Thumb Code    86  __dczerorl2.o(.text)
    main                                     0x08009109   Thumb Code    36  components.o(i.$Sub$$main)
    CAN1_RX0_IRQHandler                      0x08009139   Thumb Code    64  drv_can.o(i.CAN1_RX0_IRQHandler)
    CAN_DeInit                               0x0800917d   Thumb Code    50  stm32f4xx_can.o(i.CAN_DeInit)
    CAN_FilterInit                           0x080091b5   Thumb Code   258  stm32f4xx_can.o(i.CAN_FilterInit)
    CAN_ITConfig                             0x080092bd   Thumb Code    18  stm32f4xx_can.o(i.CAN_ITConfig)
    CAN_Init                                 0x080092cf   Thumb Code   276  stm32f4xx_can.o(i.CAN_Init)
    CAN_Receive                              0x080093e3   Thumb Code   240  stm32f4xx_can.o(i.CAN_Receive)
    CAN_Transmit                             0x080094d3   Thumb Code   294  stm32f4xx_can.o(i.CAN_Transmit)
    ComputeDistance                          0x080095f9   Thumb Code   438  pro_data.o(i.ComputeDistance)
    EXTI_ClearITPendingBit                   0x080097c1   Thumb Code     6  stm32f4xx_exti.o(i.EXTI_ClearITPendingBit)
    EXTI_Init                                0x080097cd   Thumb Code   142  stm32f4xx_exti.o(i.EXTI_Init)
    GPIO_Init                                0x08009861   Thumb Code   144  stm32f4xx_gpio.o(i.GPIO_Init)
    GPIO_PinAFConfig                         0x080098f1   Thumb Code    70  stm32f4xx_gpio.o(i.GPIO_PinAFConfig)
    GPIO_ResetBits                           0x08009937   Thumb Code     4  stm32f4xx_gpio.o(i.GPIO_ResetBits)
    GPIO_SetBits                             0x0800993b   Thumb Code     4  stm32f4xx_gpio.o(i.GPIO_SetBits)
    IWDG_ReloadCounter                       0x08009941   Thumb Code    10  stm32f4xx_iwdg.o(i.IWDG_ReloadCounter)
    NVIC_Init                                0x08009951   Thumb Code   106  misc.o(i.NVIC_Init)
    NVIC_PriorityGroupConfig                 0x080099c9   Thumb Code    10  misc.o(i.NVIC_PriorityGroupConfig)
    NVIC_SetVectorTable                      0x080099dd   Thumb Code    12  misc.o(i.NVIC_SetVectorTable)
    PWR_BackupAccessCmd                      0x080099f1   Thumb Code     6  stm32f4xx_pwr.o(i.PWR_BackupAccessCmd)
    PowTow                                   0x080099fd   Thumb Code    36  pro_data.o(i.PowTow)
    RCC_AHB1PeriphClockCmd                   0x08009a21   Thumb Code    26  stm32f4xx_rcc.o(i.RCC_AHB1PeriphClockCmd)
    RCC_APB1PeriphClockCmd                   0x08009a41   Thumb Code    26  stm32f4xx_rcc.o(i.RCC_APB1PeriphClockCmd)
    RCC_APB1PeriphResetCmd                   0x08009a61   Thumb Code    26  stm32f4xx_rcc.o(i.RCC_APB1PeriphResetCmd)
    RCC_APB2PeriphClockCmd                   0x08009a81   Thumb Code    26  stm32f4xx_rcc.o(i.RCC_APB2PeriphClockCmd)
    RCC_DeInit                               0x08009aa1   Thumb Code    60  stm32f4xx_rcc.o(i.RCC_DeInit)
    RCC_GetClocksFreq                        0x08009ae9   Thumb Code   214  stm32f4xx_rcc.o(i.RCC_GetClocksFreq)
    RCC_GetFlagStatus                        0x08009bd1   Thumb Code    60  stm32f4xx_rcc.o(i.RCC_GetFlagStatus)
    RCC_GetSYSCLKSource                      0x08009c11   Thumb Code    10  stm32f4xx_rcc.o(i.RCC_GetSYSCLKSource)
    RCC_HCLKConfig                           0x08009c21   Thumb Code    18  stm32f4xx_rcc.o(i.RCC_HCLKConfig)
    RCC_HSEConfig                            0x08009c39   Thumb Code    12  stm32f4xx_rcc.o(i.RCC_HSEConfig)
    RCC_LSEConfig                            0x08009c49   Thumb Code    40  stm32f4xx_rcc.o(i.RCC_LSEConfig)
    RCC_PCLK1Config                          0x08009c75   Thumb Code    18  stm32f4xx_rcc.o(i.RCC_PCLK1Config)
    RCC_PCLK2Config                          0x08009c8d   Thumb Code    20  stm32f4xx_rcc.o(i.RCC_PCLK2Config)
    RCC_PLLCmd                               0x08009ca5   Thumb Code     6  stm32f4xx_rcc.o(i.RCC_PLLCmd)
    RCC_PLLConfig                            0x08009cb1   Thumb Code    30  stm32f4xx_rcc.o(i.RCC_PLLConfig)
    RCC_RTCCLKCmd                            0x08009cd5   Thumb Code     6  stm32f4xx_rcc.o(i.RCC_RTCCLKCmd)
    RCC_RTCCLKConfig                         0x08009ce1   Thumb Code    50  stm32f4xx_rcc.o(i.RCC_RTCCLKConfig)
    RCC_SYSCLKConfig                         0x08009d1d   Thumb Code    18  stm32f4xx_rcc.o(i.RCC_SYSCLKConfig)
    RCC_WaitForHSEStartUp                    0x08009d35   Thumb Code    56  stm32f4xx_rcc.o(i.RCC_WaitForHSEStartUp)
    RTC_Alarm_IRQHandler                     0x08009d6d   Thumb Code    16  drv_rtc.o(i.RTC_Alarm_IRQHandler)
    RTC_ClearFlag                            0x08009db5   Thumb Code    24  stm32f4xx_rtc.o(i.RTC_ClearFlag)
    RTC_ClearITPendingBit                    0x08009dd1   Thumb Code    28  stm32f4xx_rtc.o(i.RTC_ClearITPendingBit)
    RTC_EnterInitMode                        0x08009df1   Thumb Code    76  stm32f4xx_rtc.o(i.RTC_EnterInitMode)
    RTC_ExitInitMode                         0x08009e41   Thumb Code    14  stm32f4xx_rtc.o(i.RTC_ExitInitMode)
    RTC_GetDate                              0x08009e55   Thumb Code    68  stm32f4xx_rtc.o(i.RTC_GetDate)
    RTC_GetFlagStatus                        0x08009ea1   Thumb Code    34  stm32f4xx_rtc.o(i.RTC_GetFlagStatus)
    RTC_GetTime                              0x08009ec9   Thumb Code    72  stm32f4xx_rtc.o(i.RTC_GetTime)
    RTC_ITConfig                             0x08009f19   Thumb Code    94  stm32f4xx_rtc.o(i.RTC_ITConfig)
    RTC_Init                                 0x08009f7d   Thumb Code    94  stm32f4xx_rtc.o(i.RTC_Init)
    RTC_ReadBackupRegister                   0x08009fe1   Thumb Code    26  stm32f4xx_rtc.o(i.RTC_ReadBackupRegister)
    RTC_SetDate                              0x0800a001   Thumb Code   174  stm32f4xx_rtc.o(i.RTC_SetDate)
    RTC_SetTime                              0x0800a0b9   Thumb Code   184  stm32f4xx_rtc.o(i.RTC_SetTime)
    RTC_SetWakeUpCounter                     0x0800a179   Thumb Code    22  stm32f4xx_rtc.o(i.RTC_SetWakeUpCounter)
    RTC_WKUP_IRQHandler                      0x0800a195   Thumb Code    76  drv_rtc.o(i.RTC_WKUP_IRQHandler)
    RTC_WaitForSynchro                       0x0800a1e5   Thumb Code    92  stm32f4xx_rtc.o(i.RTC_WaitForSynchro)
    RTC_WakeUpClockConfig                    0x0800a245   Thumb Code    42  stm32f4xx_rtc.o(i.RTC_WakeUpClockConfig)
    RTC_WakeUpCmd                            0x0800a275   Thumb Code   116  stm32f4xx_rtc.o(i.RTC_WakeUpCmd)
    RTC_WriteBackupRegister                  0x0800a2ed   Thumb Code    24  stm32f4xx_rtc.o(i.RTC_WriteBackupRegister)
    Rad                                      0x0800a309   Thumb Code    56  pro_data.o(i.Rad)
    SDIO_IRQHandler                          0x0800a351   Thumb Code     2  drv_emmc.o(i.SDIO_IRQHandler)
    SysTick_Handler                          0x0800a441   Thumb Code    46  port.o(i.SysTick_Handler)
    SystemInit                               0x0800a475   Thumb Code    88  system_stm32f4xx.o(i.SystemInit)
    TIM3_IRQHandler                          0x0800a4dd   Thumb Code    72  drv_timer.o(i.TIM3_IRQHandler)
    TIM_ClearITPendingBit                    0x0800a539   Thumb Code     6  stm32f4xx_tim.o(i.TIM_ClearITPendingBit)
    TIM_Cmd                                  0x0800a53f   Thumb Code    24  stm32f4xx_tim.o(i.TIM_Cmd)
    TIM_GetITStatus                          0x0800a557   Thumb Code    34  stm32f4xx_tim.o(i.TIM_GetITStatus)
    TIM_ITConfig                             0x0800a579   Thumb Code    18  stm32f4xx_tim.o(i.TIM_ITConfig)
    TIM_TimeBaseInit                         0x0800a58d   Thumb Code   104  stm32f4xx_tim.o(i.TIM_TimeBaseInit)
    UART4_IRQHandler                         0x0800a611   Thumb Code    52  drv_uart.o(i.UART4_IRQHandler)
    UART5_IRQHandler                         0x0800a649   Thumb Code     8  drv_uart.o(i.UART5_IRQHandler)
    USART1_IRQHandler                        0x0800a651   Thumb Code    54  drv_uart.o(i.USART1_IRQHandler)
    USART2_IRQHandler                        0x0800a68d   Thumb Code     8  drv_uart.o(i.USART2_IRQHandler)
    USART3_IRQHandler                        0x0800a695   Thumb Code    52  drv_uart.o(i.USART3_IRQHandler)
    USART6_IRQHandler                        0x0800a6cd   Thumb Code     8  drv_uart.o(i.USART6_IRQHandler)
    USART_Cmd                                0x0800a6d5   Thumb Code    24  stm32f4xx_usart.o(i.USART_Cmd)
    USART_GetFlagStatus                      0x0800a6ed   Thumb Code    26  stm32f4xx_usart.o(i.USART_GetFlagStatus)
    USART_ITConfig                           0x0800a707   Thumb Code    74  stm32f4xx_usart.o(i.USART_ITConfig)
    USART_Init                               0x0800a751   Thumb Code   204  stm32f4xx_usart.o(i.USART_Init)
    USART_ReceiveData                        0x0800a825   Thumb Code    10  stm32f4xx_usart.o(i.USART_ReceiveData)
    USART_SendData                           0x0800a82f   Thumb Code     8  stm32f4xx_usart.o(i.USART_SendData)
    __0printf$8                              0x0800a839   Thumb Code    22  printf8.o(i.__0printf$8)
    __1printf$8                              0x0800a839   Thumb Code     0  printf8.o(i.__0printf$8)
    __2printf                                0x0800a839   Thumb Code     0  printf8.o(i.__0printf$8)
    __0sprintf$8                             0x0800a859   Thumb Code    34  printf8.o(i.__0sprintf$8)
    __1sprintf$8                             0x0800a859   Thumb Code     0  printf8.o(i.__0sprintf$8)
    __2sprintf                               0x0800a859   Thumb Code     0  printf8.o(i.__0sprintf$8)
    __ARM_fpclassify                         0x0800a881   Thumb Code    48  fpclassify.o(i.__ARM_fpclassify)
    __hardfp_cos                             0x0800a8b1   Thumb Code   180  cos.o(i.__hardfp_cos)
    __hardfp_sin                             0x0800a979   Thumb Code   180  sin.o(i.__hardfp_sin)
    __hardfp_sqrt                            0x0800aa41   Thumb Code   122  sqrt.o(i.__hardfp_sqrt)
    __ieee754_rem_pio2                       0x0800aac1   Thumb Code   938  rred.o(i.__ieee754_rem_pio2)
    __kernel_cos                             0x0800aef9   Thumb Code   322  cos_i.o(i.__kernel_cos)
    __kernel_poly                            0x0800b069   Thumb Code   248  poly.o(i.__kernel_poly)
    __kernel_sin                             0x0800b161   Thumb Code   280  sin_i.o(i.__kernel_sin)
    __mathlib_dbl_infnan                     0x0800b291   Thumb Code    20  dunder.o(i.__mathlib_dbl_infnan)
    __mathlib_dbl_invalid                    0x0800b2a9   Thumb Code    24  dunder.o(i.__mathlib_dbl_invalid)
    __mathlib_dbl_underflow                  0x0800b2c9   Thumb Code    24  dunder.o(i.__mathlib_dbl_underflow)
    __scatterload_copy                       0x0800b2e9   Thumb Code    14  handlers.o(i.__scatterload_copy)
    __scatterload_null                       0x0800b2f7   Thumb Code     2  handlers.o(i.__scatterload_null)
    __scatterload_zeroinit                   0x0800b2f9   Thumb Code    14  handlers.o(i.__scatterload_zeroinit)
    __set_errno                              0x0800b309   Thumb Code     6  errno.o(i.__set_errno)
    analysis_gb1939_dmc                      0x0800be11   Thumb Code   502  app_can_recv.o(i.analysis_gb1939_dmc)
    analysis_gb27145_dm                      0x0800c021   Thumb Code   292  app_can_recv.o(i.analysis_gb27145_dm)
    at_config_sms_event                      0x0800c7fd   Thumb Code   100  app_at.o(i.at_config_sms_event)
    at_config_sms_fromat                     0x0800c87d   Thumb Code   100  app_at.o(i.at_config_sms_fromat)
    at_ctrl_at_syn                           0x0800c8f5   Thumb Code    68  app_at.o(i.at_ctrl_at_syn)
    at_ctrl_echo_syn                         0x0800c949   Thumb Code    68  app_at.o(i.at_ctrl_echo_syn)
    at_get_ccid_syn                          0x0800c99d   Thumb Code    96  app_at.o(i.at_get_ccid_syn)
    at_get_cgatt_syn                         0x0800ca11   Thumb Code    90  app_at.o(i.at_get_cgatt_syn)
    at_get_cgreg_syn                         0x0800ca81   Thumb Code    90  app_at.o(i.at_get_cgreg_syn)
    at_get_csq_syn                           0x0800caf1   Thumb Code    94  app_at.o(i.at_get_csq_syn)
    at_get_imei_syn                          0x0800cb65   Thumb Code    96  app_at.o(i.at_get_imei_syn)
    at_get_local_ip_syn                      0x0800cbd9   Thumb Code   112  app_at.o(i.at_get_local_ip_syn)
    at_get_lte_cclk                          0x0800cc61   Thumb Code   124  app_at.o(i.at_get_lte_cclk)
    at_get_sim_syn                           0x0800ccf1   Thumb Code    78  app_at.o(i.at_get_sim_syn)
    at_rx_data_handle                        0x0800ced5   Thumb Code    18  app_at.o(i.at_rx_data_handle)
    at_set_apn_syn                           0x0800ceed   Thumb Code   112  app_at.o(i.at_set_apn_syn)
    at_set_cgreg_syn                         0x0800cf81   Thumb Code    68  app_at.o(i.at_set_cgreg_syn)
    at_ticks_handle                          0x0800cfdd   Thumb Code    74  app_at.o(i.at_ticks_handle)
    at_wait_cmd_ok_syn                       0x0800d031   Thumb Code    70  app_at.o(i.at_wait_cmd_ok_syn)
    can_cycle_send_handler                   0x0800d081   Thumb Code   566  app_can_send.o(i.can_cycle_send_handler)
    fabs                                     0x0800d3e1   Thumb Code    24  fabs.o(i.fabs)
    fputc                                    0x0800d4f1   Thumb Code    32  drv_uart.o(i.fputc)
    fr_atof                                  0x0800d515   Thumb Code   228  pro_data.o(i.fr_atof)
    get_can_send_queue                       0x0800d611   Thumb Code     6  app_can_send.o(i.get_can_send_queue)
    get_comma_posi                           0x0800d61d   Thumb Code    44  pro_data.o(i.get_comma_posi)
    get_data_str                             0x0800d649   Thumb Code    88  pro_data.o(i.get_data_str)
    get_products_queue                       0x0800d6a1   Thumb Code     6  app_products.o(i.get_products_queue)
    get_rtc_time                             0x0800d6ad   Thumb Code    66  drv_rtc.o(i.get_rtc_time)
    get_rtc_timestamp                        0x0800d6ef   Thumb Code    54  drv_rtc.o(i.get_rtc_timestamp)
    gnss_info_handler                        0x0800d785   Thumb Code   708  app_gnss.o(i.gnss_info_handler)
    gnss_rx_data_handle                      0x0800dadd   Thumb Code    18  app_gnss.o(i.gnss_rx_data_handle)
    gnss_ticks_handle                        0x0800daf5   Thumb Code    76  app_gnss.o(i.gnss_ticks_handle)
    $Super$$main                             0x0800dbe5   Thumb Code   252  main.o(i.main)
    main_thread_entry                        0x0800ddd5   Thumb Code    12  components.o(i.main_thread_entry)
    packet_call_back                         0x0800dde1   Thumb Code    44  app_packet.o(i.packet_call_back)
    pvPortMalloc                             0x0800ecd5   Thumb Code   296  heap_4.o(i.pvPortMalloc)
    pvTaskIncrementMutexHeldCount            0x0800ee11   Thumb Code    26  tasks.o(i.pvTaskIncrementMutexHeldCount)
    pxPortInitialiseStack                    0x0800ee31   Thumb Code    38  port.o(i.pxPortInitialiseStack)
    read_gnss_positing_state                 0x0800ee5d   Thumb Code     8  app_gnss.o(i.read_gnss_positing_state)
    read_in_batter_vol                       0x0800ee69   Thumb Code     6  app_in.o(i.read_in_batter_vol)
    read_in_power_vol                        0x0800ee75   Thumb Code     6  app_in.o(i.read_in_power_vol)
    read_lte_net_init_state                  0x0800ee81   Thumb Code     8  app_lte.o(i.read_lte_net_init_state)
    read_lte_sim_state                       0x0800ee8d   Thumb Code     6  app_lte.o(i.read_lte_sim_state)
    register_mobile_netwrok                  0x0800ee99   Thumb Code   184  app_lte.o(i.register_mobile_netwrok)
    rt_bt_mode_not_at                        0x0800f001   Thumb Code     2  drv_gpio.o(i.rt_bt_mode_not_at)
    rt_can1_stb_on                           0x0800f005   Thumb Code    12  drv_gpio.o(i.rt_can1_stb_on)
    rt_can2_stb_on                           0x0800f015   Thumb Code    12  drv_gpio.o(i.rt_can2_stb_on)
    rt_feed_iwdg                             0x0800f025   Thumb Code     8  board.o(i.rt_feed_iwdg)
    rt_gnss_back_low                         0x0800f02d   Thumb Code     2  drv_gpio.o(i.rt_gnss_back_low)
    rt_gnss_power_off                        0x0800f031   Thumb Code    12  drv_gpio.o(i.rt_gnss_power_off)
    rt_gnss_power_on                         0x0800f041   Thumb Code    12  drv_gpio.o(i.rt_gnss_power_on)
    rt_gpio_set_mode                         0x0800f051   Thumb Code    42  drv_gpio.o(i.rt_gpio_set_mode)
    rt_hw_gpio_init                          0x0800f07d   Thumb Code   384  drv_gpio.o(i.rt_hw_gpio_init)
    rt_hw_init_board                         0x0800f211   Thumb Code    50  board.o(i.rt_hw_init_board)
    rt_hw_init_can                           0x0800f245   Thumb Code   296  drv_can.o(i.rt_hw_init_can)
    rt_hw_init_hse                           0x0800f379   Thumb Code   102  board.o(i.rt_hw_init_hse)
    rt_hw_init_nvic                          0x0800f3df   Thumb Code   200  board.o(i.rt_hw_init_nvic)
    rt_hw_init_rtc                           0x0800f4a7   Thumb Code   216  drv_rtc.o(i.rt_hw_init_rtc)
    rt_hw_init_tim3                          0x0800f581   Thumb Code   110  drv_timer.o(i.rt_hw_init_tim3)
    rt_hw_init_uart1                         0x0800f605   Thumb Code   130  drv_uart.o(i.rt_hw_init_uart1)
    rt_hw_init_uart3                         0x0800f691   Thumb Code   180  drv_uart.o(i.rt_hw_init_uart3)
    rt_hw_init_uart4                         0x0800f751   Thumb Code   194  drv_uart.o(i.rt_hw_init_uart4)
    rt_hw_set_wakeup                         0x0800f821   Thumb Code    86  drv_rtc.o(i.rt_hw_set_wakeup)
    rt_irq_tim3_sethook                      0x0800f879   Thumb Code    48  drv_timer.o(i.rt_irq_tim3_sethook)
    rt_irq_uart_sethook                      0x0800f8b9   Thumb Code    92  drv_uart.o(i.rt_irq_uart_sethook)
    rt_irq_wkup_sethook                      0x0800f92d   Thumb Code    12  drv_rtc.o(i.rt_irq_wkup_sethook)
    rt_led_blue_on                           0x0800f93d   Thumb Code     2  drv_gpio.o(i.rt_led_blue_on)
    rt_led_green_off                         0x0800f941   Thumb Code    12  drv_gpio.o(i.rt_led_green_off)
    rt_led_green_on                          0x0800f951   Thumb Code    12  drv_gpio.o(i.rt_led_green_on)
    rt_led_yellow_on                         0x0800f961   Thumb Code     2  drv_gpio.o(i.rt_led_yellow_on)
    rt_localtime                             0x0800f965   Thumb Code    58  drv_rtc.o(i.rt_localtime)
    rt_lte_power_off                         0x0800f9a5   Thumb Code    14  drv_gpio.o(i.rt_lte_power_off)
    rt_lte_power_on                          0x0800f9b9   Thumb Code    14  drv_gpio.o(i.rt_lte_power_on)
    rt_lte_reset_low                         0x0800f9cd   Thumb Code     2  drv_gpio.o(i.rt_lte_reset_low)
    rt_lte_switch_high                       0x0800f9d1   Thumb Code    12  drv_gpio.o(i.rt_lte_switch_high)
    rt_lte_switch_low                        0x0800f9e1   Thumb Code    12  drv_gpio.o(i.rt_lte_switch_low)
    rt_mktime                                0x0800f9f1   Thumb Code    48  drv_rtc.o(i.rt_mktime)
    rt_power_bt_off                          0x0800fa21   Thumb Code     2  drv_gpio.o(i.rt_power_bt_off)
    rt_power_flash_off                       0x0800fa23   Thumb Code     2  drv_gpio.o(i.rt_power_flash_off)
    rt_power_rs232_on                        0x0800fa25   Thumb Code    14  drv_gpio.o(i.rt_power_rs232_on)
    rt_read_can_rx_buf                       0x0800fa39   Thumb Code   166  drv_can.o(i.rt_read_can_rx_buf)
    rt_read_uart_buf                         0x0800faed   Thumb Code   482  drv_uart.o(i.rt_read_uart_buf)
    rt_ringbuffer_data_len                   0x0800fd19   Thumb Code    76  ringbuffer.o(i.rt_ringbuffer_data_len)
    rt_ringbuffer_get                        0x0800fd65   Thumb Code   164  ringbuffer.o(i.rt_ringbuffer_get)
    rt_ringbuffer_init                       0x0800fe09   Thumb Code    48  ringbuffer.o(i.rt_ringbuffer_init)
    rt_ringbuffer_put                        0x0800fe39   Thumb Code   168  ringbuffer.o(i.rt_ringbuffer_put)
    rt_ringbuffer_status                     0x0800fee1   Thumb Code    42  ringbuffer.o(i.rt_ringbuffer_status)
    rt_write_can_rx_buf                      0x0800ff0d   Thumb Code   118  drv_can.o(i.rt_write_can_rx_buf)
    rt_write_uart_buf                        0x0800ff89   Thumb Code   154  drv_uart.o(i.rt_write_uart_buf)
    set_rtc_time                             0x0801002d   Thumb Code    90  drv_rtc.o(i.set_rtc_time)
    shell_rx_data_handle                     0x08010305   Thumb Code    18  app_shell.o(i.shell_rx_data_handle)
    shell_ticks_handle                       0x0801031d   Thumb Code    76  app_shell.o(i.shell_ticks_handle)
    swap_uint16_t                            0x08010371   Thumb Code    26  pro_data.o(i.swap_uint16_t)
    thread_entry_at                          0x0801038d   Thumb Code   158  app_at.o(i.thread_entry_at)
    thread_entry_can_recv                    0x08010469   Thumb Code    40  app_can_recv.o(i.thread_entry_can_recv)
    thread_entry_can_send                    0x08010495   Thumb Code    80  app_can_send.o(i.thread_entry_can_send)
    thread_entry_gb4                         0x080104e9   Thumb Code     6  app_gb4.o(i.thread_entry_gb4)
    thread_entry_gnss                        0x080104f1   Thumb Code   108  app_gnss.o(i.thread_entry_gnss)
    thread_entry_led                         0x0801058d   Thumb Code    22  app_led.o(i.thread_entry_led)
    thread_entry_lte                         0x080105a5   Thumb Code   186  app_lte.o(i.thread_entry_lte)
    thread_entry_packet                      0x080106d9   Thumb Code    80  app_packet.o(i.thread_entry_packet)
    thread_entry_shell                       0x08010771   Thumb Code   100  app_shell.o(i.thread_entry_shell)
    thread_entry_sms                         0x08010805   Thumb Code    70  app_sms.o(i.thread_entry_sms)
    turn_on_lte_module                       0x08010869   Thumb Code   248  app_lte.o(i.turn_on_lte_module)
    uxListRemove                             0x08010a4d   Thumb Code    40  list.o(i.uxListRemove)
    vListInitialise                          0x08010a75   Thumb Code    26  list.o(i.vListInitialise)
    vListInitialiseItem                      0x08010a8f   Thumb Code     6  list.o(i.vListInitialiseItem)
    vListInsert                              0x08010a95   Thumb Code    52  list.o(i.vListInsert)
    vListInsertEnd                           0x08010ac9   Thumb Code    24  list.o(i.vListInsertEnd)
    vPortEnterCritical                       0x08010ae1   Thumb Code    76  port.o(i.vPortEnterCritical)
    vPortExitCritical                        0x08010b35   Thumb Code    56  port.o(i.vPortExitCritical)
    vPortFree                                0x08010b71   Thumb Code   140  heap_4.o(i.vPortFree)
    vPortSetupTimerInterrupt                 0x08010c05   Thumb Code    24  port.o(i.vPortSetupTimerInterrupt)
    vPortValidateInterruptPriority           0x08010c21   Thumb Code   106  port.o(i.vPortValidateInterruptPriority)
    vQueueAddToRegistry                      0x08010c99   Thumb Code    38  queue.o(i.vQueueAddToRegistry)
    vQueueWaitForMessageRestricted           0x08010cc5   Thumb Code    74  queue.o(i.vQueueWaitForMessageRestricted)
    vTaskDelay                               0x08010d11   Thumb Code    82  tasks.o(i.vTaskDelay)
    vTaskMissedYield                         0x08010d6d   Thumb Code     8  tasks.o(i.vTaskMissedYield)
    vTaskPlaceOnEventList                    0x08010d79   Thumb Code    52  tasks.o(i.vTaskPlaceOnEventList)
    vTaskPlaceOnEventListRestricted          0x08010db1   Thumb Code    60  tasks.o(i.vTaskPlaceOnEventListRestricted)
    vTaskPriorityInherit                     0x08010df1   Thumb Code   164  tasks.o(i.vTaskPriorityInherit)
    vTaskSetTimeOutState                     0x08010ea1   Thumb Code    38  tasks.o(i.vTaskSetTimeOutState)
    vTaskStartScheduler                      0x08010ed1   Thumb Code   118  tasks.o(i.vTaskStartScheduler)
    vTaskSuspendAll                          0x08010f65   Thumb Code    12  tasks.o(i.vTaskSuspendAll)
    vTaskSwitchContext                       0x08010f75   Thumb Code   118  tasks.o(i.vTaskSwitchContext)
    write_can1_rx_buf                        0x08011001   Thumb Code   170  drv_can.o(i.write_can1_rx_buf)
    write_com1_recv_buf                      0x080110bd   Thumb Code   168  drv_uart.o(i.write_com1_recv_buf)
    write_com2_recv_buf                      0x0801117d   Thumb Code   150  drv_uart.o(i.write_com2_recv_buf)
    write_com3_recv_buf                      0x0801122d   Thumb Code   168  drv_uart.o(i.write_com3_recv_buf)
    write_com4_recv_buf                      0x080112ed   Thumb Code   168  drv_uart.o(i.write_com4_recv_buf)
    write_com6_recv_buf                      0x080113ad   Thumb Code   124  drv_uart.o(i.write_com6_recv_buf)
    xPortStartScheduler                      0x08011439   Thumb Code   288  port.o(i.xPortStartScheduler)
    xQueueCreateMutex                        0x08011575   Thumb Code    34  queue.o(i.xQueueCreateMutex)
    xQueueGenericCreate                      0x08011597   Thumb Code    88  queue.o(i.xQueueGenericCreate)
    xQueueGenericReceive                     0x080115f1   Thumb Code   446  queue.o(i.xQueueGenericReceive)
    xQueueGenericReset                       0x080117b5   Thumb Code   146  queue.o(i.xQueueGenericReset)
    xQueueGenericSend                        0x0801184d   Thumb Code   420  queue.o(i.xQueueGenericSend)
    xQueueGenericSendFromISR                 0x080119f5   Thumb Code   248  queue.o(i.xQueueGenericSendFromISR)
    xQueueGiveFromISR                        0x08011aed   Thumb Code   224  queue.o(i.xQueueGiveFromISR)
    xTaskCheckForTimeOut                     0x08011bcd   Thumb Code   132  tasks.o(i.xTaskCheckForTimeOut)
    xTaskCreate                              0x08011c59   Thumb Code    96  tasks.o(i.xTaskCreate)
    xTaskGetSchedulerState                   0x08011cb9   Thumb Code    24  tasks.o(i.xTaskGetSchedulerState)
    xTaskGetTickCount                        0x08011cd9   Thumb Code     6  tasks.o(i.xTaskGetTickCount)
    xTaskIncrementTick                       0x08011ce5   Thumb Code   282  tasks.o(i.xTaskIncrementTick)
    xTaskPriorityDisinherit                  0x08011e2d   Thumb Code   188  tasks.o(i.xTaskPriorityDisinherit)
    xTaskRemoveFromEventList                 0x08011ef5   Thumb Code   128  tasks.o(i.xTaskRemoveFromEventList)
    xTaskResumeAll                           0x08011f8d   Thumb Code   224  tasks.o(i.xTaskResumeAll)
    xTimerCreateTimerTask                    0x08012091   Thumb Code    64  timers.o(i.xTimerCreateTimerTask)
    xTimerGenericCommand                     0x080120e5   Thumb Code   126  timers.o(i.xTimerGenericCommand)
    __ctype_categories                       0x080122a4   Data          64  ctype_c.o(.constdata)
    Region$$Table$$Base                      0x080122e4   Number         0  anon$$obj.o(Region$$Table)
    Region$$Table$$Limit                     0x08012304   Number         0  anon$$obj.o(Region$$Table)
    pxCurrentTCB                             0x200000dc   Data           4  tasks.o(.data)
    SystemCoreClock                          0x2000013c   Data           4  system_stm32f4xx.o(.data)
    AHBPrescTable                            0x20000140   Data          16  system_stm32f4xx.o(.data)
    __stdout                                 0x20000150   Data           4  stdout.o(.data)
    at                                       0x20003a84   Data          12  app_at.o(.bss)
    xQueueRegistry                           0x200156e4   Data          64  queue.o(.bss)
    __initial_sp                             0x20015e60   Data           0  startup_stm32f4xx.o(STACK)



==============================================================================

Memory Map of the image

  Image Entry point : 0x08008189

  Load Region LR_IROM1 (Base: 0x08008000, Size: 0x0000a45c, Max: 0x00080000, ABSOLUTE, COMPRESSED[0x0000a354])

    Execution Region ER_IROM1 (Exec base: 0x08008000, Load base: 0x08008000, Size: 0x0000a304, Max: 0x00080000, ABSOLUTE)

    Exec Addr    Load Addr    Size         Type   Attr      Idx    E Section Name        Object

    0x08008000   0x08008000   0x00000188   Data   RO         6790    RESET               startup_stm32f4xx.o
    0x08008188   0x08008188   0x00000000   Code   RO         7716  * .ARM.Collect$$$$00000000  mc_w.l(entry.o)
    0x08008188   0x08008188   0x00000004   Code   RO         8047    .ARM.Collect$$$$00000001  mc_w.l(entry2.o)
    0x0800818c   0x0800818c   0x00000004   Code   RO         8050    .ARM.Collect$$$$00000004  mc_w.l(entry5.o)
    0x08008190   0x08008190   0x00000000   Code   RO         8052    .ARM.Collect$$$$00000008  mc_w.l(entry7b.o)
    0x08008190   0x08008190   0x00000000   Code   RO         8054    .ARM.Collect$$$$0000000A  mc_w.l(entry8b.o)
    0x08008190   0x08008190   0x00000008   Code   RO         8055    .ARM.Collect$$$$0000000B  mc_w.l(entry9a.o)
    0x08008198   0x08008198   0x00000000   Code   RO         8057    .ARM.Collect$$$$0000000D  mc_w.l(entry10a.o)
    0x08008198   0x08008198   0x00000000   Code   RO         8059    .ARM.Collect$$$$0000000F  mc_w.l(entry11a.o)
    0x08008198   0x08008198   0x00000004   Code   RO         8048    .ARM.Collect$$$$00002712  mc_w.l(entry2.o)
    0x0800819c   0x0800819c   0x000000b6   Code   RO         2146    .emb_text           port.o
    0x08008252   0x08008252   0x00000002   PAD
    0x08008254   0x08008254   0x00000024   Code   RO         6791    .text               startup_stm32f4xx.o
    0x08008278   0x08008278   0x000000a8   Code   RO         7723    .text               mc_w.l(mktime.o)
    0x08008320   0x08008320   0x00000024   Code   RO         7726    .text               mc_w.l(memcpya.o)
    0x08008344   0x08008344   0x00000024   Code   RO         7728    .text               mc_w.l(memseta.o)
    0x08008368   0x08008368   0x00000024   Code   RO         7730    .text               mc_w.l(strstr.o)
    0x0800838c   0x0800838c   0x0000000e   Code   RO         7732    .text               mc_w.l(strlen.o)
    0x0800839a   0x0800839a   0x00000002   PAD
    0x0800839c   0x0800839c   0x00000038   Code   RO         7997    .text               mc_w.l(__0sscanf.o)
    0x080083d4   0x080083d4   0x0000014c   Code   RO         7999    .text               mc_w.l(_scanf_int.o)
    0x08008520   0x08008520   0x000000e0   Code   RO         8001    .text               mc_w.l(_scanf_str.o)
    0x08008600   0x08008600   0x0000014e   Code   RO         8003    .text               mf_w.l(dadd.o)
    0x0800874e   0x0800874e   0x000000e4   Code   RO         8005    .text               mf_w.l(dmul.o)
    0x08008832   0x08008832   0x000000de   Code   RO         8007    .text               mf_w.l(ddiv.o)
    0x08008910   0x08008910   0x00000022   Code   RO         8009    .text               mf_w.l(dflti.o)
    0x08008932   0x08008932   0x0000001a   Code   RO         8011    .text               mf_w.l(dfltui.o)
    0x0800894c   0x0800894c   0x00000032   Code   RO         8013    .text               mf_w.l(dfixui.o)
    0x0800897e   0x0800897e   0x00000002   PAD
    0x08008980   0x08008980   0x00000030   Code   RO         8015    .text               mf_w.l(cdrcmple.o)
    0x080089b0   0x080089b0   0x00000062   Code   RO         8064    .text               mc_w.l(uldiv.o)
    0x08008a12   0x08008a12   0x0000001e   Code   RO         8066    .text               mc_w.l(llshl.o)
    0x08008a30   0x08008a30   0x00000020   Code   RO         8068    .text               mc_w.l(llushr.o)
    0x08008a50   0x08008a50   0x00000024   Code   RO         8070    .text               mc_w.l(llsshr.o)
    0x08008a74   0x08008a74   0x0000000c   Code   RO         8072    .text               mc_w.l(localtime_w.o)
    0x08008a80   0x08008a80   0x0000008c   Code   RO         8075    .text               mc_w.l(localtime_i.o)
    0x08008b0c   0x08008b0c   0x0000001c   Code   RO         8085    .text               mc_w.l(_chval.o)
    0x08008b28   0x08008b28   0x00000028   Code   RO         8087    .text               mc_w.l(scanf_char.o)
    0x08008b50   0x08008b50   0x00000040   Code   RO         8089    .text               mc_w.l(_sgetc.o)
    0x08008b90   0x08008b90   0x00000000   Code   RO         8091    .text               mc_w.l(iusefp.o)
    0x08008b90   0x08008b90   0x000000ba   Code   RO         8094    .text               mf_w.l(depilogue.o)
    0x08008c4a   0x08008c4a   0x000000a2   Code   RO         8098    .text               mf_w.l(dsqrt.o)
    0x08008cec   0x08008cec   0x00000024   Code   RO         8114    .text               mc_w.l(init.o)
    0x08008d10   0x08008d10   0x0000000a   Code   RO         8116    .text               mc_w.l(isspace_c.o)
    0x08008d1a   0x08008d1a   0x00000002   PAD
    0x08008d1c   0x08008d1c   0x0000032c   Code   RO         8118    .text               mc_w.l(_scanf.o)
    0x08009048   0x08009048   0x0000003e   Code   RO         8120    .text               mf_w.l(dfixi.o)
    0x08009086   0x08009086   0x00000002   PAD
    0x08009088   0x08009088   0x00000028   Code   RO         8122    .text               mc_w.l(ctype_c.o)
    0x080090b0   0x080090b0   0x00000056   Code   RO         8133    .text               mc_w.l(__dczerorl2.o)
    0x08009106   0x08009106   0x00000002   PAD
    0x08009108   0x08009108   0x00000030   Code   RO         6795    i.$Sub$$main        components.o
    0x08009138   0x08009138   0x00000044   Code   RO         1747    i.CAN1_RX0_IRQHandler  drv_can.o
    0x0800917c   0x0800917c   0x00000038   Code   RO         3160    i.CAN_DeInit        stm32f4xx_can.o
    0x080091b4   0x080091b4   0x00000108   Code   RO         3162    i.CAN_FilterInit    stm32f4xx_can.o
    0x080092bc   0x080092bc   0x00000012   Code   RO         3168    i.CAN_ITConfig      stm32f4xx_can.o
    0x080092ce   0x080092ce   0x00000114   Code   RO         3169    i.CAN_Init          stm32f4xx_can.o
    0x080093e2   0x080093e2   0x000000f0   Code   RO         3172    i.CAN_Receive       stm32f4xx_can.o
    0x080094d2   0x080094d2   0x00000126   Code   RO         3177    i.CAN_Transmit      stm32f4xx_can.o
    0x080095f8   0x080095f8   0x000001c8   Code   RO         7445    i.ComputeDistance   pro_data.o
    0x080097c0   0x080097c0   0x0000000c   Code   RO         3922    i.EXTI_ClearITPendingBit  stm32f4xx_exti.o
    0x080097cc   0x080097cc   0x00000094   Code   RO         3927    i.EXTI_Init         stm32f4xx_exti.o
    0x08009860   0x08009860   0x00000090   Code   RO         4294    i.GPIO_Init         stm32f4xx_gpio.o
    0x080098f0   0x080098f0   0x00000046   Code   RO         4295    i.GPIO_PinAFConfig  stm32f4xx_gpio.o
    0x08009936   0x08009936   0x00000004   Code   RO         4301    i.GPIO_ResetBits    stm32f4xx_gpio.o
    0x0800993a   0x0800993a   0x00000004   Code   RO         4302    i.GPIO_SetBits      stm32f4xx_gpio.o
    0x0800993e   0x0800993e   0x00000002   PAD
    0x08009940   0x08009940   0x00000010   Code   RO         4753    i.IWDG_ReloadCounter  stm32f4xx_iwdg.o
    0x08009950   0x08009950   0x00000078   Code   RO         2878    i.NVIC_Init         misc.o
    0x080099c8   0x080099c8   0x00000014   Code   RO         2879    i.NVIC_PriorityGroupConfig  misc.o
    0x080099dc   0x080099dc   0x00000014   Code   RO         2880    i.NVIC_SetVectorTable  misc.o
    0x080099f0   0x080099f0   0x0000000c   Code   RO         4797    i.PWR_BackupAccessCmd  stm32f4xx_pwr.o
    0x080099fc   0x080099fc   0x00000024   Code   RO         7446    i.PowTow            pro_data.o
    0x08009a20   0x08009a20   0x00000020   Code   RO         4879    i.RCC_AHB1PeriphClockCmd  stm32f4xx_rcc.o
    0x08009a40   0x08009a40   0x00000020   Code   RO         4888    i.RCC_APB1PeriphClockCmd  stm32f4xx_rcc.o
    0x08009a60   0x08009a60   0x00000020   Code   RO         4890    i.RCC_APB1PeriphResetCmd  stm32f4xx_rcc.o
    0x08009a80   0x08009a80   0x00000020   Code   RO         4891    i.RCC_APB2PeriphClockCmd  stm32f4xx_rcc.o
    0x08009aa0   0x08009aa0   0x00000048   Code   RO         4899    i.RCC_DeInit        stm32f4xx_rcc.o
    0x08009ae8   0x08009ae8   0x000000e8   Code   RO         4900    i.RCC_GetClocksFreq  stm32f4xx_rcc.o
    0x08009bd0   0x08009bd0   0x00000040   Code   RO         4901    i.RCC_GetFlagStatus  stm32f4xx_rcc.o
    0x08009c10   0x08009c10   0x00000010   Code   RO         4903    i.RCC_GetSYSCLKSource  stm32f4xx_rcc.o
    0x08009c20   0x08009c20   0x00000018   Code   RO         4904    i.RCC_HCLKConfig    stm32f4xx_rcc.o
    0x08009c38   0x08009c38   0x00000010   Code   RO         4905    i.RCC_HSEConfig     stm32f4xx_rcc.o
    0x08009c48   0x08009c48   0x0000002c   Code   RO         4909    i.RCC_LSEConfig     stm32f4xx_rcc.o
    0x08009c74   0x08009c74   0x00000018   Code   RO         4913    i.RCC_PCLK1Config   stm32f4xx_rcc.o
    0x08009c8c   0x08009c8c   0x00000018   Code   RO         4914    i.RCC_PCLK2Config   stm32f4xx_rcc.o
    0x08009ca4   0x08009ca4   0x0000000c   Code   RO         4915    i.RCC_PLLCmd        stm32f4xx_rcc.o
    0x08009cb0   0x08009cb0   0x00000024   Code   RO         4916    i.RCC_PLLConfig     stm32f4xx_rcc.o
    0x08009cd4   0x08009cd4   0x0000000c   Code   RO         4919    i.RCC_RTCCLKCmd     stm32f4xx_rcc.o
    0x08009ce0   0x08009ce0   0x0000003c   Code   RO         4920    i.RCC_RTCCLKConfig  stm32f4xx_rcc.o
    0x08009d1c   0x08009d1c   0x00000018   Code   RO         4921    i.RCC_SYSCLKConfig  stm32f4xx_rcc.o
    0x08009d34   0x08009d34   0x00000038   Code   RO         4922    i.RCC_WaitForHSEStartUp  stm32f4xx_rcc.o
    0x08009d6c   0x08009d6c   0x00000014   Code   RO         1616    i.RTC_Alarm_IRQHandler  drv_rtc.o
    0x08009d80   0x08009d80   0x00000016   Code   RO         5216    i.RTC_Bcd2ToByte    stm32f4xx_rtc.o
    0x08009d96   0x08009d96   0x0000001c   Code   RO         5218    i.RTC_ByteToBcd2    stm32f4xx_rtc.o
    0x08009db2   0x08009db2   0x00000002   PAD
    0x08009db4   0x08009db4   0x0000001c   Code   RO         5221    i.RTC_ClearFlag     stm32f4xx_rtc.o
    0x08009dd0   0x08009dd0   0x00000020   Code   RO         5222    i.RTC_ClearITPendingBit  stm32f4xx_rtc.o
    0x08009df0   0x08009df0   0x00000050   Code   RO         5228    i.RTC_EnterInitMode  stm32f4xx_rtc.o
    0x08009e40   0x08009e40   0x00000014   Code   RO         5229    i.RTC_ExitInitMode  stm32f4xx_rtc.o
    0x08009e54   0x08009e54   0x0000004c   Code   RO         5232    i.RTC_GetDate       stm32f4xx_rtc.o
    0x08009ea0   0x08009ea0   0x00000028   Code   RO         5233    i.RTC_GetFlagStatus  stm32f4xx_rtc.o
    0x08009ec8   0x08009ec8   0x00000050   Code   RO         5237    i.RTC_GetTime       stm32f4xx_rtc.o
    0x08009f18   0x08009f18   0x00000064   Code   RO         5241    i.RTC_ITConfig      stm32f4xx_rtc.o
    0x08009f7c   0x08009f7c   0x00000064   Code   RO         5242    i.RTC_Init          stm32f4xx_rtc.o
    0x08009fe0   0x08009fe0   0x00000020   Code   RO         5245    i.RTC_ReadBackupRegister  stm32f4xx_rtc.o
    0x0800a000   0x0800a000   0x000000b8   Code   RO         5248    i.RTC_SetDate       stm32f4xx_rtc.o
    0x0800a0b8   0x0800a0b8   0x000000c0   Code   RO         5249    i.RTC_SetTime       stm32f4xx_rtc.o
    0x0800a178   0x0800a178   0x0000001c   Code   RO         5250    i.RTC_SetWakeUpCounter  stm32f4xx_rtc.o
    0x0800a194   0x0800a194   0x00000050   Code   RO         1617    i.RTC_WKUP_IRQHandler  drv_rtc.o
    0x0800a1e4   0x0800a1e4   0x00000060   Code   RO         5265    i.RTC_WaitForSynchro  stm32f4xx_rtc.o
    0x0800a244   0x0800a244   0x00000030   Code   RO         5266    i.RTC_WakeUpClockConfig  stm32f4xx_rtc.o
    0x0800a274   0x0800a274   0x00000078   Code   RO         5267    i.RTC_WakeUpCmd     stm32f4xx_rtc.o
    0x0800a2ec   0x0800a2ec   0x0000001c   Code   RO         5268    i.RTC_WriteBackupRegister  stm32f4xx_rtc.o
    0x0800a308   0x0800a308   0x00000048   Code   RO         7447    i.Rad               pro_data.o
    0x0800a350   0x0800a350   0x00000002   Code   RO         1918    i.SDIO_IRQHandler   drv_emmc.o
    0x0800a352   0x0800a352   0x00000002   PAD
    0x0800a354   0x0800a354   0x000000ec   Code   RO         6759    i.SetSysClock       system_stm32f4xx.o
    0x0800a440   0x0800a440   0x00000034   Code   RO         2147    i.SysTick_Handler   port.o
    0x0800a474   0x0800a474   0x00000068   Code   RO         6761    i.SystemInit        system_stm32f4xx.o
    0x0800a4dc   0x0800a4dc   0x0000005c   Code   RO         1713    i.TIM3_IRQHandler   drv_timer.o
    0x0800a538   0x0800a538   0x00000006   Code   RO         5970    i.TIM_ClearITPendingBit  stm32f4xx_tim.o
    0x0800a53e   0x0800a53e   0x00000018   Code   RO         5975    i.TIM_Cmd           stm32f4xx_tim.o
    0x0800a556   0x0800a556   0x00000022   Code   RO         5996    i.TIM_GetITStatus   stm32f4xx_tim.o
    0x0800a578   0x0800a578   0x00000012   Code   RO         6000    i.TIM_ITConfig      stm32f4xx_tim.o
    0x0800a58a   0x0800a58a   0x00000002   PAD
    0x0800a58c   0x0800a58c   0x00000084   Code   RO         6047    i.TIM_TimeBaseInit  stm32f4xx_tim.o
    0x0800a610   0x0800a610   0x00000038   Code   RO         1434    i.UART4_IRQHandler  drv_uart.o
    0x0800a648   0x0800a648   0x00000008   Code   RO         1435    i.UART5_IRQHandler  drv_uart.o
    0x0800a650   0x0800a650   0x0000003c   Code   RO         1436    i.USART1_IRQHandler  drv_uart.o
    0x0800a68c   0x0800a68c   0x00000008   Code   RO         1437    i.USART2_IRQHandler  drv_uart.o
    0x0800a694   0x0800a694   0x00000038   Code   RO         1438    i.USART3_IRQHandler  drv_uart.o
    0x0800a6cc   0x0800a6cc   0x00000008   Code   RO         1439    i.USART6_IRQHandler  drv_uart.o
    0x0800a6d4   0x0800a6d4   0x00000018   Code   RO         6521    i.USART_Cmd         stm32f4xx_usart.o
    0x0800a6ec   0x0800a6ec   0x0000001a   Code   RO         6524    i.USART_GetFlagStatus  stm32f4xx_usart.o
    0x0800a706   0x0800a706   0x0000004a   Code   RO         6527    i.USART_ITConfig    stm32f4xx_usart.o
    0x0800a750   0x0800a750   0x000000d4   Code   RO         6528    i.USART_Init        stm32f4xx_usart.o
    0x0800a824   0x0800a824   0x0000000a   Code   RO         6535    i.USART_ReceiveData  stm32f4xx_usart.o
    0x0800a82e   0x0800a82e   0x00000008   Code   RO         6538    i.USART_SendData    stm32f4xx_usart.o
    0x0800a836   0x0800a836   0x00000002   PAD
    0x0800a838   0x0800a838   0x00000020   Code   RO         7943    i.__0printf$8       mc_w.l(printf8.o)
    0x0800a858   0x0800a858   0x00000028   Code   RO         7945    i.__0sprintf$8      mc_w.l(printf8.o)
    0x0800a880   0x0800a880   0x00000030   Code   RO         8110    i.__ARM_fpclassify  m_wm.l(fpclassify.o)
    0x0800a8b0   0x0800a8b0   0x000000c8   Code   RO         7680    i.__hardfp_cos      m_wm.l(cos.o)
    0x0800a978   0x0800a978   0x000000c8   Code   RO         7692    i.__hardfp_sin      m_wm.l(sin.o)
    0x0800aa40   0x0800aa40   0x0000007a   Code   RO         7704    i.__hardfp_sqrt     m_wm.l(sqrt.o)
    0x0800aaba   0x0800aaba   0x00000006   PAD
    0x0800aac0   0x0800aac0   0x00000438   Code   RO         8036    i.__ieee754_rem_pio2  m_wm.l(rred.o)
    0x0800aef8   0x0800aef8   0x00000170   Code   RO         8019    i.__kernel_cos      m_wm.l(cos_i.o)
    0x0800b068   0x0800b068   0x000000f8   Code   RO         8112    i.__kernel_poly     m_wm.l(poly.o)
    0x0800b160   0x0800b160   0x00000130   Code   RO         8041    i.__kernel_sin      m_wm.l(sin_i.o)
    0x0800b290   0x0800b290   0x00000014   Code   RO         8023    i.__mathlib_dbl_infnan  m_wm.l(dunder.o)
    0x0800b2a4   0x0800b2a4   0x00000004   PAD
    0x0800b2a8   0x0800b2a8   0x00000020   Code   RO         8025    i.__mathlib_dbl_invalid  m_wm.l(dunder.o)
    0x0800b2c8   0x0800b2c8   0x00000020   Code   RO         8028    i.__mathlib_dbl_underflow  m_wm.l(dunder.o)
    0x0800b2e8   0x0800b2e8   0x0000000e   Code   RO         8127    i.__scatterload_copy  mc_w.l(handlers.o)
    0x0800b2f6   0x0800b2f6   0x00000002   Code   RO         8128    i.__scatterload_null  mc_w.l(handlers.o)
    0x0800b2f8   0x0800b2f8   0x0000000e   Code   RO         8129    i.__scatterload_zeroinit  mc_w.l(handlers.o)
    0x0800b306   0x0800b306   0x00000002   PAD
    0x0800b308   0x0800b308   0x0000000c   Code   RO         8080    i.__set_errno       mc_w.l(errno.o)
    0x0800b314   0x0800b314   0x00000410   Code   RO         7950    i._printf_core      mc_w.l(printf8.o)
    0x0800b724   0x0800b724   0x00000024   Code   RO         7951    i._printf_post_padding  mc_w.l(printf8.o)
    0x0800b748   0x0800b748   0x0000002e   Code   RO         7952    i._printf_pre_padding  mc_w.l(printf8.o)
    0x0800b776   0x0800b776   0x0000000a   Code   RO         7954    i._sputc            mc_w.l(printf8.o)
    0x0800b780   0x0800b780   0x00000690   Code   RO          753    i.analysis_can_data  app_can_recv.o
    0x0800be10   0x0800be10   0x00000210   Code   RO          754    i.analysis_gb1939_dmc  app_can_recv.o
    0x0800c020   0x0800c020   0x00000128   Code   RO          755    i.analysis_gb27145_dm  app_can_recv.o
    0x0800c148   0x0800c148   0x0000007c   Code   RO          510    i.at_cmd_get_csq    app_at.o
    0x0800c1c4   0x0800c1c4   0x000000a4   Code   RO          511    i.at_cmd_local_ip   app_at.o
    0x0800c268   0x0800c268   0x00000070   Code   RO          512    i.at_cmd_match_ok   app_at.o
    0x0800c2d8   0x0800c2d8   0x000000b8   Code   RO          513    i.at_cmd_parse_cclk  app_at.o
    0x0800c390   0x0800c390   0x00000074   Code   RO          514    i.at_cmd_parse_cgatt  app_at.o
    0x0800c404   0x0800c404   0x0000007c   Code   RO          515    i.at_cmd_parse_cgreg  app_at.o
    0x0800c480   0x0800c480   0x0000006c   Code   RO          516    i.at_cmd_parse_iccid  app_at.o
    0x0800c4ec   0x0800c4ec   0x00000074   Code   RO          517    i.at_cmd_parse_imei  app_at.o
    0x0800c560   0x0800c560   0x0000005c   Code   RO          518    i.at_cmd_ready      app_at.o
    0x0800c5bc   0x0800c5bc   0x000001e8   Code   RO          519    i.at_cmd_send_syn   app_at.o
    0x0800c7a4   0x0800c7a4   0x00000058   Code   RO          520    i.at_cmd_sim_state  app_at.o
    0x0800c7fc   0x0800c7fc   0x00000080   Code   RO          521    i.at_config_sms_event  app_at.o
    0x0800c87c   0x0800c87c   0x00000078   Code   RO          522    i.at_config_sms_fromat  app_at.o
    0x0800c8f4   0x0800c8f4   0x00000054   Code   RO          523    i.at_ctrl_at_syn    app_at.o
    0x0800c948   0x0800c948   0x00000054   Code   RO          524    i.at_ctrl_echo_syn  app_at.o
    0x0800c99c   0x0800c99c   0x00000074   Code   RO          525    i.at_get_ccid_syn   app_at.o
    0x0800ca10   0x0800ca10   0x00000070   Code   RO          526    i.at_get_cgatt_syn  app_at.o
    0x0800ca80   0x0800ca80   0x00000070   Code   RO          527    i.at_get_cgreg_syn  app_at.o
    0x0800caf0   0x0800caf0   0x00000074   Code   RO          528    i.at_get_csq_syn    app_at.o
    0x0800cb64   0x0800cb64   0x00000074   Code   RO          529    i.at_get_imei_syn   app_at.o
    0x0800cbd8   0x0800cbd8   0x00000088   Code   RO          530    i.at_get_local_ip_syn  app_at.o
    0x0800cc60   0x0800cc60   0x00000090   Code   RO          531    i.at_get_lte_cclk   app_at.o
    0x0800ccf0   0x0800ccf0   0x00000064   Code   RO          532    i.at_get_sim_syn    app_at.o
    0x0800cd54   0x0800cd54   0x00000180   Code   RO          533    i.at_recv_data      app_at.o
    0x0800ced4   0x0800ced4   0x00000018   Code   RO          534    i.at_rx_data_handle  app_at.o
    0x0800ceec   0x0800ceec   0x00000094   Code   RO          535    i.at_set_apn_syn    app_at.o
    0x0800cf80   0x0800cf80   0x0000005c   Code   RO          536    i.at_set_cgreg_syn  app_at.o
    0x0800cfdc   0x0800cfdc   0x00000054   Code   RO          537    i.at_ticks_handle   app_at.o
    0x0800d030   0x0800d030   0x00000050   Code   RO          538    i.at_wait_cmd_ok_syn  app_at.o
    0x0800d080   0x0800d080   0x0000026c   Code   RO          800    i.can_cycle_send_handler  app_can_send.o
    0x0800d2ec   0x0800d2ec   0x000000d0   Code   RO         1618    i.check_rtc_time    drv_rtc.o
    0x0800d3bc   0x0800d3bc   0x00000024   Code   RO          756    i.dm1_can_id        app_can_recv.o
    0x0800d3e0   0x0800d3e0   0x00000018   Code   RO         8106    i.fabs              m_wm.l(fabs.o)
    0x0800d3f8   0x0800d3f8   0x000000f8   Code   RO          129    i.filter_gnss_data  app_gnss.o
    0x0800d4f0   0x0800d4f0   0x00000024   Code   RO         1441    i.fputc             drv_uart.o
    0x0800d514   0x0800d514   0x000000fc   Code   RO         7455    i.fr_atof           pro_data.o
    0x0800d610   0x0800d610   0x0000000c   Code   RO          801    i.get_can_send_queue  app_can_send.o
    0x0800d61c   0x0800d61c   0x0000002c   Code   RO         7458    i.get_comma_posi    pro_data.o
    0x0800d648   0x0800d648   0x00000058   Code   RO         7459    i.get_data_str      pro_data.o
    0x0800d6a0   0x0800d6a0   0x0000000c   Code   RO          411    i.get_products_queue  app_products.o
    0x0800d6ac   0x0800d6ac   0x00000042   Code   RO         1619    i.get_rtc_time      drv_rtc.o
    0x0800d6ee   0x0800d6ee   0x00000036   Code   RO         1620    i.get_rtc_timestamp  drv_rtc.o
    0x0800d724   0x0800d724   0x0000005e   Code   RO          130    i.gnss_data_verify  app_gnss.o
    0x0800d782   0x0800d782   0x00000002   PAD
    0x0800d784   0x0800d784   0x00000358   Code   RO          131    i.gnss_info_handler  app_gnss.o
    0x0800dadc   0x0800dadc   0x00000018   Code   RO          132    i.gnss_rx_data_handle  app_gnss.o
    0x0800daf4   0x0800daf4   0x00000054   Code   RO          133    i.gnss_ticks_handle  app_gnss.o
    0x0800db48   0x0800db48   0x00000066   Code   RO          134    i.gps_ascii_to_hex  app_gnss.o
    0x0800dbae   0x0800dbae   0x00000002   PAD
    0x0800dbb0   0x0800dbb0   0x00000034   Code   RO          101    i.led_green_handle  app_led.o
    0x0800dbe4   0x0800dbe4   0x000001f0   Code   RO            1    i.main              main.o
    0x0800ddd4   0x0800ddd4   0x0000000c   Code   RO         6796    i.main_thread_entry  components.o
    0x0800dde0   0x0800dde0   0x00000034   Code   RO          347    i.packet_call_back  app_packet.o
    0x0800de14   0x0800de14   0x00000058   Code   RO          135    i.parse_bdgsv       app_gnss.o
    0x0800de6c   0x0800de6c   0x000000d8   Code   RO          136    i.parse_gga         app_gnss.o
    0x0800df44   0x0800df44   0x00000058   Code   RO          137    i.parse_gpgsv       app_gnss.o
    0x0800df9c   0x0800df9c   0x00000398   Code   RO          138    i.parse_rmc         app_gnss.o
    0x0800e334   0x0800e334   0x00000098   Code   RO         2422    i.prvAddCurrentTaskToDelayedList  tasks.o
    0x0800e3cc   0x0800e3cc   0x000000b8   Code   RO         2423    i.prvAddNewTaskToReadyList  tasks.o
    0x0800e484   0x0800e484   0x00000064   Code   RO         2759    i.prvCheckForValidListAndQueue  timers.o
    0x0800e4e8   0x0800e4e8   0x00000064   Code   RO         2424    i.prvCheckTasksWaitingTermination  tasks.o
    0x0800e54c   0x0800e54c   0x0000002a   Code   RO         2224    i.prvCopyDataFromQueue  queue.o
    0x0800e576   0x0800e576   0x0000007c   Code   RO         2225    i.prvCopyDataToQueue  queue.o
    0x0800e5f2   0x0800e5f2   0x00000012   Code   RO         2425    i.prvDeleteTCB      tasks.o
    0x0800e604   0x0800e604   0x00000028   Code   RO         2760    i.prvGetNextExpireTime  timers.o
    0x0800e62c   0x0800e62c   0x0000007c   Code   RO         2049    i.prvHeapInit       heap_4.o
    0x0800e6a8   0x0800e6a8   0x00000028   Code   RO         2426    i.prvIdleTask       tasks.o
    0x0800e6d0   0x0800e6d0   0x0000001c   Code   RO         2226    i.prvInitialiseMutex  queue.o
    0x0800e6ec   0x0800e6ec   0x0000002a   Code   RO         2227    i.prvInitialiseNewQueue  queue.o
    0x0800e716   0x0800e716   0x000000b4   Code   RO         2427    i.prvInitialiseNewTask  tasks.o
    0x0800e7ca   0x0800e7ca   0x00000002   PAD
    0x0800e7cc   0x0800e7cc   0x00000068   Code   RO         2428    i.prvInitialiseTaskLists  tasks.o
    0x0800e834   0x0800e834   0x00000068   Code   RO         2050    i.prvInsertBlockIntoFreeList  heap_4.o
    0x0800e89c   0x0800e89c   0x00000058   Code   RO         2762    i.prvInsertTimerInActiveList  timers.o
    0x0800e8f4   0x0800e8f4   0x0000001a   Code   RO         2228    i.prvIsQueueEmpty   queue.o
    0x0800e90e   0x0800e90e   0x0000001e   Code   RO         2229    i.prvIsQueueFull    queue.o
    0x0800e92c   0x0800e92c   0x00000064   Code   RO         2763    i.prvProcessExpiredTimer  timers.o
    0x0800e990   0x0800e990   0x000000f8   Code   RO         2764    i.prvProcessReceivedCommands  timers.o
    0x0800ea88   0x0800ea88   0x00000074   Code   RO         2765    i.prvProcessTimerOrBlockTask  timers.o
    0x0800eafc   0x0800eafc   0x00000034   Code   RO         2430    i.prvResetNextTaskUnblockTime  tasks.o
    0x0800eb30   0x0800eb30   0x0000002c   Code   RO         2766    i.prvSampleTimeNow  timers.o
    0x0800eb5c   0x0800eb5c   0x000000a0   Code   RO         2767    i.prvSwitchTimerLists  timers.o
    0x0800ebfc   0x0800ebfc   0x00000040   Code   RO         2148    i.prvTaskExitError  port.o
    0x0800ec3c   0x0800ec3c   0x0000001a   Code   RO         2768    i.prvTimerTask      timers.o
    0x0800ec56   0x0800ec56   0x0000007e   Code   RO         2230    i.prvUnlockQueue    queue.o
    0x0800ecd4   0x0800ecd4   0x0000013c   Code   RO         2051    i.pvPortMalloc      heap_4.o
    0x0800ee10   0x0800ee10   0x00000020   Code   RO         2433    i.pvTaskIncrementMutexHeldCount  tasks.o
    0x0800ee30   0x0800ee30   0x0000002c   Code   RO         2149    i.pxPortInitialiseStack  port.o
    0x0800ee5c   0x0800ee5c   0x0000000c   Code   RO          150    i.read_gnss_positing_state  app_gnss.o
    0x0800ee68   0x0800ee68   0x0000000c   Code   RO          863    i.read_in_batter_vol  app_in.o
    0x0800ee74   0x0800ee74   0x0000000c   Code   RO          868    i.read_in_power_vol  app_in.o
    0x0800ee80   0x0800ee80   0x0000000c   Code   RO          708    i.read_lte_net_init_state  app_lte.o
    0x0800ee8c   0x0800ee8c   0x0000000c   Code   RO          709    i.read_lte_sim_state  app_lte.o
    0x0800ee98   0x0800ee98   0x00000168   Code   RO          710    i.register_mobile_netwrok  app_lte.o
    0x0800f000   0x0800f000   0x00000002   Code   RO         1182    i.rt_bt_mode_not_at  drv_gpio.o
    0x0800f002   0x0800f002   0x00000002   PAD
    0x0800f004   0x0800f004   0x00000010   Code   RO         1185    i.rt_can1_stb_on    drv_gpio.o
    0x0800f014   0x0800f014   0x00000010   Code   RO         1187    i.rt_can2_stb_on    drv_gpio.o
    0x0800f024   0x0800f024   0x00000008   Code   RO          984    i.rt_feed_iwdg      board.o
    0x0800f02c   0x0800f02c   0x00000002   Code   RO         1189    i.rt_gnss_back_low  drv_gpio.o
    0x0800f02e   0x0800f02e   0x00000002   PAD
    0x0800f030   0x0800f030   0x00000010   Code   RO         1190    i.rt_gnss_power_off  drv_gpio.o
    0x0800f040   0x0800f040   0x00000010   Code   RO         1191    i.rt_gnss_power_on  drv_gpio.o
    0x0800f050   0x0800f050   0x0000002a   Code   RO         1192    i.rt_gpio_set_mode  drv_gpio.o
    0x0800f07a   0x0800f07a   0x00000002   PAD
    0x0800f07c   0x0800f07c   0x00000194   Code   RO         1194    i.rt_hw_gpio_init   drv_gpio.o
    0x0800f210   0x0800f210   0x00000032   Code   RO          985    i.rt_hw_init_board  board.o
    0x0800f242   0x0800f242   0x00000002   PAD
    0x0800f244   0x0800f244   0x00000134   Code   RO         1748    i.rt_hw_init_can    drv_can.o
    0x0800f378   0x0800f378   0x00000066   Code   RO          986    i.rt_hw_init_hse    board.o
    0x0800f3de   0x0800f3de   0x000000c8   Code   RO          989    i.rt_hw_init_nvic   board.o
    0x0800f4a6   0x0800f4a6   0x000000d8   Code   RO         1621    i.rt_hw_init_rtc    drv_rtc.o
    0x0800f57e   0x0800f57e   0x00000002   PAD
    0x0800f580   0x0800f580   0x00000084   Code   RO         1714    i.rt_hw_init_tim3   drv_timer.o
    0x0800f604   0x0800f604   0x0000008c   Code   RO         1443    i.rt_hw_init_uart1  drv_uart.o
    0x0800f690   0x0800f690   0x000000c0   Code   RO         1445    i.rt_hw_init_uart3  drv_uart.o
    0x0800f750   0x0800f750   0x000000d0   Code   RO         1446    i.rt_hw_init_uart4  drv_uart.o
    0x0800f820   0x0800f820   0x00000056   Code   RO         1622    i.rt_hw_set_wakeup  drv_rtc.o
    0x0800f876   0x0800f876   0x00000002   PAD
    0x0800f878   0x0800f878   0x00000040   Code   RO         1715    i.rt_irq_tim3_sethook  drv_timer.o
    0x0800f8b8   0x0800f8b8   0x00000074   Code   RO         1449    i.rt_irq_uart_sethook  drv_uart.o
    0x0800f92c   0x0800f92c   0x00000010   Code   RO         1624    i.rt_irq_wkup_sethook  drv_rtc.o
    0x0800f93c   0x0800f93c   0x00000002   Code   RO         1196    i.rt_led_blue_on    drv_gpio.o
    0x0800f93e   0x0800f93e   0x00000002   PAD
    0x0800f940   0x0800f940   0x00000010   Code   RO         1197    i.rt_led_green_off  drv_gpio.o
    0x0800f950   0x0800f950   0x00000010   Code   RO         1198    i.rt_led_green_on   drv_gpio.o
    0x0800f960   0x0800f960   0x00000002   Code   RO         1202    i.rt_led_yellow_on  drv_gpio.o
    0x0800f962   0x0800f962   0x00000002   PAD
    0x0800f964   0x0800f964   0x00000040   Code   RO         1625    i.rt_localtime      drv_rtc.o
    0x0800f9a4   0x0800f9a4   0x00000014   Code   RO         1203    i.rt_lte_power_off  drv_gpio.o
    0x0800f9b8   0x0800f9b8   0x00000014   Code   RO         1204    i.rt_lte_power_on   drv_gpio.o
    0x0800f9cc   0x0800f9cc   0x00000002   Code   RO         1206    i.rt_lte_reset_low  drv_gpio.o
    0x0800f9ce   0x0800f9ce   0x00000002   PAD
    0x0800f9d0   0x0800f9d0   0x00000010   Code   RO         1207    i.rt_lte_switch_high  drv_gpio.o
    0x0800f9e0   0x0800f9e0   0x00000010   Code   RO         1208    i.rt_lte_switch_low  drv_gpio.o
    0x0800f9f0   0x0800f9f0   0x00000030   Code   RO         1626    i.rt_mktime         drv_rtc.o
    0x0800fa20   0x0800fa20   0x00000002   Code   RO         1209    i.rt_power_bt_off   drv_gpio.o
    0x0800fa22   0x0800fa22   0x00000002   Code   RO         1213    i.rt_power_flash_off  drv_gpio.o
    0x0800fa24   0x0800fa24   0x00000014   Code   RO         1216    i.rt_power_rs232_on  drv_gpio.o
    0x0800fa38   0x0800fa38   0x000000b4   Code   RO         1749    i.rt_read_can_rx_buf  drv_can.o
    0x0800faec   0x0800faec   0x0000022c   Code   RO         1450    i.rt_read_uart_buf  drv_uart.o
    0x0800fd18   0x0800fd18   0x0000004c   Code   RO         7209    i.rt_ringbuffer_data_len  ringbuffer.o
    0x0800fd64   0x0800fd64   0x000000a4   Code   RO         7210    i.rt_ringbuffer_get  ringbuffer.o
    0x0800fe08   0x0800fe08   0x00000030   Code   RO         7213    i.rt_ringbuffer_init  ringbuffer.o
    0x0800fe38   0x0800fe38   0x000000a8   Code   RO         7214    i.rt_ringbuffer_put  ringbuffer.o
    0x0800fee0   0x0800fee0   0x0000002a   Code   RO         7219    i.rt_ringbuffer_status  ringbuffer.o
    0x0800ff0a   0x0800ff0a   0x00000002   PAD
    0x0800ff0c   0x0800ff0c   0x0000007c   Code   RO         1750    i.rt_write_can_rx_buf  drv_can.o
    0x0800ff88   0x0800ff88   0x000000a4   Code   RO         1451    i.rt_write_uart_buf  drv_uart.o
    0x0801002c   0x0801002c   0x0000005a   Code   RO         1627    i.set_rtc_time      drv_rtc.o
    0x08010086   0x08010086   0x00000002   PAD
    0x08010088   0x08010088   0x0000027c   Code   RO          303    i.shell_cmd_handler  app_shell.o
    0x08010304   0x08010304   0x00000018   Code   RO          304    i.shell_rx_data_handle  app_shell.o
    0x0801031c   0x0801031c   0x00000054   Code   RO          305    i.shell_ticks_handle  app_shell.o
    0x08010370   0x08010370   0x0000001a   Code   RO         7474    i.swap_uint16_t     pro_data.o
    0x0801038a   0x0801038a   0x00000002   PAD
    0x0801038c   0x0801038c   0x000000dc   Code   RO          540    i.thread_entry_at   app_at.o
    0x08010468   0x08010468   0x0000002c   Code   RO          757    i.thread_entry_can_recv  app_can_recv.o
    0x08010494   0x08010494   0x00000054   Code   RO          802    i.thread_entry_can_send  app_can_send.o
    0x080104e8   0x080104e8   0x00000006   Code   RO          942    i.thread_entry_gb4  app_gb4.o
    0x080104ee   0x080104ee   0x00000002   PAD
    0x080104f0   0x080104f0   0x0000009c   Code   RO          154    i.thread_entry_gnss  app_gnss.o
    0x0801058c   0x0801058c   0x00000016   Code   RO          102    i.thread_entry_led  app_led.o
    0x080105a2   0x080105a2   0x00000002   PAD
    0x080105a4   0x080105a4   0x00000134   Code   RO          711    i.thread_entry_lte  app_lte.o
    0x080106d8   0x080106d8   0x00000098   Code   RO          348    i.thread_entry_packet  app_packet.o
    0x08010770   0x08010770   0x00000094   Code   RO          306    i.thread_entry_shell  app_shell.o
    0x08010804   0x08010804   0x00000064   Code   RO          452    i.thread_entry_sms  app_sms.o
    0x08010868   0x08010868   0x000001e4   Code   RO          712    i.turn_on_lte_module  app_lte.o
    0x08010a4c   0x08010a4c   0x00000028   Code   RO         2110    i.uxListRemove      list.o
    0x08010a74   0x08010a74   0x0000001a   Code   RO         2111    i.vListInitialise   list.o
    0x08010a8e   0x08010a8e   0x00000006   Code   RO         2112    i.vListInitialiseItem  list.o
    0x08010a94   0x08010a94   0x00000034   Code   RO         2113    i.vListInsert       list.o
    0x08010ac8   0x08010ac8   0x00000018   Code   RO         2114    i.vListInsertEnd    list.o
    0x08010ae0   0x08010ae0   0x00000054   Code   RO         2151    i.vPortEnterCritical  port.o
    0x08010b34   0x08010b34   0x0000003c   Code   RO         2152    i.vPortExitCritical  port.o
    0x08010b70   0x08010b70   0x00000094   Code   RO         2052    i.vPortFree         heap_4.o
    0x08010c04   0x08010c04   0x0000001c   Code   RO         2153    i.vPortSetupTimerInterrupt  port.o
    0x08010c20   0x08010c20   0x00000078   Code   RO         2154    i.vPortValidateInterruptPriority  port.o
    0x08010c98   0x08010c98   0x0000002c   Code   RO         2236    i.vQueueAddToRegistry  queue.o
    0x08010cc4   0x08010cc4   0x0000004a   Code   RO         2240    i.vQueueWaitForMessageRestricted  queue.o
    0x08010d0e   0x08010d0e   0x00000002   PAD
    0x08010d10   0x08010d10   0x0000005c   Code   RO         2441    i.vTaskDelay        tasks.o
    0x08010d6c   0x08010d6c   0x0000000c   Code   RO         2446    i.vTaskMissedYield  tasks.o
    0x08010d78   0x08010d78   0x00000038   Code   RO         2448    i.vTaskPlaceOnEventList  tasks.o
    0x08010db0   0x08010db0   0x00000040   Code   RO         2449    i.vTaskPlaceOnEventListRestricted  tasks.o
    0x08010df0   0x08010df0   0x000000b0   Code   RO         2451    i.vTaskPriorityInherit  tasks.o
    0x08010ea0   0x08010ea0   0x00000030   Code   RO         2455    i.vTaskSetTimeOutState  tasks.o
    0x08010ed0   0x08010ed0   0x00000094   Code   RO         2456    i.vTaskStartScheduler  tasks.o
    0x08010f64   0x08010f64   0x00000010   Code   RO         2458    i.vTaskSuspendAll   tasks.o
    0x08010f74   0x08010f74   0x0000008c   Code   RO         2459    i.vTaskSwitchContext  tasks.o
    0x08011000   0x08011000   0x000000bc   Code   RO         1751    i.write_can1_rx_buf  drv_can.o
    0x080110bc   0x080110bc   0x000000c0   Code   RO         1452    i.write_com1_recv_buf  drv_uart.o
    0x0801117c   0x0801117c   0x000000b0   Code   RO         1453    i.write_com2_recv_buf  drv_uart.o
    0x0801122c   0x0801122c   0x000000c0   Code   RO         1454    i.write_com3_recv_buf  drv_uart.o
    0x080112ec   0x080112ec   0x000000c0   Code   RO         1455    i.write_com4_recv_buf  drv_uart.o
    0x080113ac   0x080113ac   0x0000008c   Code   RO         1457    i.write_com6_recv_buf  drv_uart.o
    0x08011438   0x08011438   0x0000013c   Code   RO         2155    i.xPortStartScheduler  port.o
    0x08011574   0x08011574   0x00000022   Code   RO         2242    i.xQueueCreateMutex  queue.o
    0x08011596   0x08011596   0x00000058   Code   RO         2243    i.xQueueGenericCreate  queue.o
    0x080115ee   0x080115ee   0x00000002   PAD
    0x080115f0   0x080115f0   0x000001c4   Code   RO         2244    i.xQueueGenericReceive  queue.o
    0x080117b4   0x080117b4   0x00000098   Code   RO         2245    i.xQueueGenericReset  queue.o
    0x0801184c   0x0801184c   0x000001a8   Code   RO         2246    i.xQueueGenericSend  queue.o
    0x080119f4   0x080119f4   0x000000f8   Code   RO         2247    i.xQueueGenericSendFromISR  queue.o
    0x08011aec   0x08011aec   0x000000e0   Code   RO         2248    i.xQueueGiveFromISR  queue.o
    0x08011bcc   0x08011bcc   0x0000008c   Code   RO         2460    i.xTaskCheckForTimeOut  tasks.o
    0x08011c58   0x08011c58   0x00000060   Code   RO         2461    i.xTaskCreate       tasks.o
    0x08011cb8   0x08011cb8   0x00000020   Code   RO         2465    i.xTaskGetSchedulerState  tasks.o
    0x08011cd8   0x08011cd8   0x0000000c   Code   RO         2466    i.xTaskGetTickCount  tasks.o
    0x08011ce4   0x08011ce4   0x00000148   Code   RO         2468    i.xTaskIncrementTick  tasks.o
    0x08011e2c   0x08011e2c   0x000000c8   Code   RO         2471    i.xTaskPriorityDisinherit  tasks.o
    0x08011ef4   0x08011ef4   0x00000098   Code   RO         2472    i.xTaskRemoveFromEventList  tasks.o
    0x08011f8c   0x08011f8c   0x00000104   Code   RO         2474    i.xTaskResumeAll    tasks.o
    0x08012090   0x08012090   0x00000054   Code   RO         2772    i.xTimerCreateTimerTask  timers.o
    0x080120e4   0x080120e4   0x00000084   Code   RO         2773    i.xTimerGenericCommand  timers.o
    0x08012168   0x08012168   0x0000000c   Data   RO         7724    .constdata          mc_w.l(mktime.o)
    0x08012174   0x08012174   0x00000004   PAD
    0x08012178   0x08012178   0x00000030   Data   RO         8020    .constdata          m_wm.l(cos_i.o)
    0x080121a8   0x080121a8   0x000000c8   Data   RO         8038    .constdata          m_wm.l(rred.o)
    0x08012270   0x08012270   0x00000028   Data   RO         8042    .constdata          m_wm.l(sin_i.o)
    0x08012298   0x08012298   0x0000000c   Data   RO         8076    .constdata          mc_w.l(localtime_i.o)
    0x080122a4   0x080122a4   0x00000040   Data   RO         8123    .constdata          mc_w.l(ctype_c.o)
    0x080122e4   0x080122e4   0x00000020   Data   RO         8125    Region$$Table       anon$$obj.o


    Execution Region RW_IRAM1 (Exec base: 0x20000000, Load base: 0x08012304, Size: 0x00015e60, Max: 0x00020000, ABSOLUTE, COMPRESSED[0x00000050])

    Exec Addr    Load Addr    Size         Type   Attr      Idx    E Section Name        Object

    0x20000000   COMPRESSED   0x00000001   Data   RW          103    .data               app_led.o
    0x20000001   COMPRESSED   0x00000001   Data   RW          156    .data               app_gnss.o
    0x20000002   COMPRESSED   0x00000002   PAD
    0x20000004   COMPRESSED   0x00000004   Data   RW          349    .data               app_packet.o
    0x20000008   COMPRESSED   0x00000005   Data   RW          415    .data               app_products.o
    0x2000000d   COMPRESSED   0x00000003   PAD
    0x20000010   COMPRESSED   0x00000004   Data   RW          454    .data               app_sms.o
    0x20000014   COMPRESSED   0x00000012   Data   RW          542    .data               app_at.o
    0x20000026   COMPRESSED   0x00000002   PAD
    0x20000028   COMPRESSED   0x0000000b   Data   RW          804    .data               app_can_send.o
    0x20000033   COMPRESSED   0x00000001   PAD
    0x20000034   COMPRESSED   0x00000060   Data   RW         1459    .data               drv_uart.o
    0x20000094   COMPRESSED   0x00000008   Data   RW         1629    .data               drv_rtc.o
    0x2000009c   COMPRESSED   0x00000010   Data   RW         1716    .data               drv_timer.o
    0x200000ac   COMPRESSED   0x0000000c   Data   RW         1753    .data               drv_can.o
    0x200000b8   COMPRESSED   0x00000018   Data   RW         2057    .data               heap_4.o
    0x200000d0   COMPRESSED   0x0000000c   Data   RW         2156    .data               port.o
    0x200000dc   COMPRESSED   0x0000003c   Data   RW         2477    .data               tasks.o
    0x20000118   COMPRESSED   0x00000014   Data   RW         2779    .data               timers.o
    0x2000012c   COMPRESSED   0x00000010   Data   RW         4923    .data               stm32f4xx_rcc.o
    0x2000013c   COMPRESSED   0x00000014   Data   RW         6762    .data               system_stm32f4xx.o
    0x20000150   COMPRESSED   0x00000004   Data   RW         8061    .data               mc_w.l(stdout.o)
    0x20000154   COMPRESSED   0x00000004   Data   RW         8081    .data               mc_w.l(errno.o)
    0x20000158        -       0x0000047f   Zero   RW          155    .bss                app_gnss.o
    0x200005d7   COMPRESSED   0x00000001   PAD
    0x200005d8        -       0x0000010c   Zero   RW          307    .bss                app_shell.o
    0x200006e4        -       0x00000202   Zero   RW          453    .bss                app_sms.o
    0x200008e6   COMPRESSED   0x00000002   PAD
    0x200008e8        -       0x000035a8   Zero   RW          541    .bss                app_at.o
    0x20003e90        -       0x00000054   Zero   RW          713    .bss                app_lte.o
    0x20003ee4        -       0x000004e1   Zero   RW          758    .bss                app_can_recv.o
    0x200043c5   COMPRESSED   0x00000001   PAD
    0x200043c6        -       0x00000016   Zero   RW          871    .bss                app_in.o
    0x200043dc        -       0x00001200   Zero   RW         1458    .bss                drv_uart.o
    0x200055dc        -       0x00000018   Zero   RW         1628    .bss                drv_rtc.o
    0x200055f4        -       0x000000f0   Zero   RW         1752    .bss                drv_can.o
    0x200056e4        -       0x00010000   Zero   RW         2056    .bss                heap_4.o
    0x200156e4        -       0x00000040   Zero   RW         2255    .bss                queue.o
    0x20015724        -       0x000002e4   Zero   RW         2476    .bss                tasks.o
    0x20015a08        -       0x00000028   Zero   RW         2778    .bss                timers.o
    0x20015a30        -       0x0000002c   Zero   RW         8073    .bss                mc_w.l(localtime_w.o)
    0x20015a5c   COMPRESSED   0x00000004   PAD
    0x20015a60        -       0x00000400   Zero   RW         6788    STACK               startup_stm32f4xx.o


==============================================================================

Image component sizes


      Code (inc. data)   RO Data    RW Data    ZI Data      Debug   Object Name

      4116        824          0         18      13736      24053   app_at.o
      2584        138          0          0       1249       5836   app_can_recv.o
       716         64          0         11          0       3454   app_can_send.o
         0          0          0          0          0        928   app_fifo.o
         6          0          0          0          0        483   app_gb4.o
      2888        318          0          1       1151       9537   app_gnss.o
        24         12          0          0         22       1105   app_in.o
        74          6          0          1          0       1015   app_led.o
      1176        544          0          0         84       3193   app_lte.o
       204         80          0          4          0       3657   app_packet.o
        12          6          0          5          0        693   app_products.o
       892        298          0          0        268       5489   app_shell.o
       100         30          0          4        514        743   app_sms.o
       360          0          0          0          0     282509   board.o
        60         12          0          0          0       1045   components.o
       868         54          0         12        240       4798   drv_can.o
         2          0          0          0          0        438   drv_emmc.o
       648         70          0          0          0      10070   drv_gpio.o
       948         32          0          8         24       9060   drv_rtc.o
       288         58          0         16          0       2490   drv_timer.o
      2500        300          0         96       4608      17342   drv_uart.o
         0          0          0          0          0       9248   event_groups.o
       692         62          0         24      65536      11983   heap_4.o
       148          0          0          0          0       3226   list.o
       496        244          0          0          0      24787   main.o
       160         32          0          0          0       2369   misc.o
       950         90          0         12          0      10873   port.o
       974         58          0          0          0       5703   pro_data.o
      2158         22          0          0         64      15737   queue.o
       498          0          0          0          0       4485   ringbuffer.o
        36          8        392          0       1024        904   startup_stm32f4xx.o
      1148         12          0          0          0       5369   stm32f4xx_can.o
       160         12          0          0          0       1749   stm32f4xx_exti.o
       222          0          0          0          0       3199   stm32f4xx_gpio.o
        16          6          0          0          0        525   stm32f4xx_iwdg.o
        12          6          0          0          0        566   stm32f4xx_pwr.o
       844        122          0         16          0      13759   stm32f4xx_rcc.o
      1334        100          0          0          0      13592   stm32f4xx_rtc.o
       214         28          0          0          0       4018   stm32f4xx_tim.o
       354          8          0          0          0       5081   stm32f4xx_usart.o
       340         32          0         20          0       2197   system_stm32f4xx.o
      2834        368          0         60        740      21701   tasks.o
      1138        116          0         20         40       9139   timers.o

    ----------------------------------------------------------------------
     33244       4172        424        336      89304     558148   Object Totals
         0          0         32          0          0          0   (incl. Generated)
        50          0          0          8          4          0   (incl. Padding)

    ----------------------------------------------------------------------

      Code (inc. data)   RO Data    RW Data    ZI Data      Debug   Library Member Name

       200         20          0          0          0        164   cos.o
       368         46         48          0          0        200   cos_i.o
        84         16          0          0          0        372   dunder.o
        24          0          0          0          0        124   fabs.o
        48          0          0          0          0        124   fpclassify.o
       248          0          0          0          0        152   poly.o
      1080        142        200          0          0        188   rred.o
       200         20          0          0          0        164   sin.o
       304         24         40          0          0        208   sin_i.o
       122          0          0          0          0        148   sqrt.o
        56          8          0          0          0         84   __0sscanf.o
        86          0          0          0          0          0   __dczerorl2.o
        28          0          0          0          0         68   _chval.o
       812          4          0          0          0        112   _scanf.o
       332          0          0          0          0         96   _scanf_int.o
       224          0          0          0          0         96   _scanf_str.o
        64          0          0          0          0         84   _sgetc.o
        40          6         64          0          0         68   ctype_c.o
         0          0          0          0          0          0   entry.o
         0          0          0          0          0          0   entry10a.o
         0          0          0          0          0          0   entry11a.o
         8          4          0          0          0          0   entry2.o
         4          0          0          0          0          0   entry5.o
         0          0          0          0          0          0   entry7b.o
         0          0          0          0          0          0   entry8b.o
         8          4          0          0          0          0   entry9a.o
        12          6          0          4          0         68   errno.o
        30          0          0          0          0          0   handlers.o
        36          8          0          0          0         68   init.o
        10          0          0          0          0         68   isspace_c.o
         0          0          0          0          0          0   iusefp.o
        30          0          0          0          0         68   llshl.o
        36          0          0          0          0         68   llsshr.o
        32          0          0          0          0         68   llushr.o
       140          6         12          0          0         76   localtime_i.o
        12          6          0          0         44         68   localtime_w.o
        36          0          0          0          0         68   memcpya.o
        36          0          0          0          0        108   memseta.o
       168         18         12          0          0         80   mktime.o
      1204         60          0          0          0        504   printf8.o
        40          8          0          0          0         84   scanf_char.o
         0          0          0          4          0          0   stdout.o
        14          0          0          0          0         68   strlen.o
        36          0          0          0          0         80   strstr.o
        98          0          0          0          0         92   uldiv.o
        48          0          0          0          0         68   cdrcmple.o
       334          0          0          0          0        148   dadd.o
       222          0          0          0          0        100   ddiv.o
       186          0          0          0          0        176   depilogue.o
        62          0          0          0          0         80   dfixi.o
        50          0          0          0          0         76   dfixui.o
        34          0          0          0          0         76   dflti.o
        26          0          0          0          0         76   dfltui.o
       228          0          0          0          0         96   dmul.o
       162          0          0          0          0        100   dsqrt.o

    ----------------------------------------------------------------------
      7684        406        380          8         48       5084   Library Totals
        22          0          4          0          4          0   (incl. Padding)

    ----------------------------------------------------------------------

      Code (inc. data)   RO Data    RW Data    ZI Data      Debug   Library Name

      2678        268        288          0          0       1844   m_wm.l
      3632        138         88          8         44       2244   mc_w.l
      1352          0          0          0          0        996   mf_w.l

    ----------------------------------------------------------------------
      7684        406        380          8         48       5084   Library Totals

    ----------------------------------------------------------------------

==============================================================================


      Code (inc. data)   RO Data    RW Data    ZI Data      Debug   

     40928       4578        804        344      89352     532948   Grand Totals
     40928       4578        804         80      89352     532948   ELF Image Totals (compressed)
     40928       4578        804         80          0          0   ROM Totals

==============================================================================

    Total RO  Size (Code + RO Data)                41732 (  40.75kB)
    Total RW  Size (RW Data + ZI Data)             89696 (  87.59kB)
    Total ROM Size (Code + RO Data + RW Data)      41812 (  40.83kB)

==============================================================================

