###############################################################################
#
# IAR ELF Linker V8.22.1.15669/W32 for ARM                08/Nov/2021  12:32:59
# Copyright 2007-2018 IAR Systems AB.
#
#    Output file  =  
#        D:\work-temp\STM32F407-App-Hal-IAR\Debug\Exe\project_hal.out
#    Map file     =  
#        D:\work-temp\STM32F407-App-Hal-IAR\Debug\List\project_hal.map
#    Command line =  
#        -f C:\Users\SHME-007\AppData\Local\Temp\EW374B.tmp
#        (D:\work-temp\STM32F407-App-Hal-IAR\debug\Obj\bluetooth.o
#        D:\work-temp\STM32F407-App-Hal-IAR\debug\Obj\board.o
#        D:\work-temp\STM32F407-App-Hal-IAR\debug\Obj\can.o
#        D:\work-temp\STM32F407-App-Hal-IAR\debug\Obj\config.o
#        D:\work-temp\STM32F407-App-Hal-IAR\debug\Obj\ddp.o
#        D:\work-temp\STM32F407-App-Hal-IAR\debug\Obj\drv_can.o
#        D:\work-temp\STM32F407-App-Hal-IAR\debug\Obj\drv_emmc.o
#        D:\work-temp\STM32F407-App-Hal-IAR\debug\Obj\drv_fram.o
#        D:\work-temp\STM32F407-App-Hal-IAR\debug\Obj\drv_gpio.o
#        D:\work-temp\STM32F407-App-Hal-IAR\debug\Obj\drv_nor_flash.o
#        D:\work-temp\STM32F407-App-Hal-IAR\debug\Obj\drv_rtc.o
#        D:\work-temp\STM32F407-App-Hal-IAR\debug\Obj\drv_ticks.o
#        D:\work-temp\STM32F407-App-Hal-IAR\debug\Obj\drv_uart.o
#        D:\work-temp\STM32F407-App-Hal-IAR\debug\Obj\exflash.o
#        D:\work-temp\STM32F407-App-Hal-IAR\debug\Obj\files.o
#        D:\work-temp\STM32F407-App-Hal-IAR\debug\Obj\gnss.o
#        D:\work-temp\STM32F407-App-Hal-IAR\debug\Obj\lock.o
#        D:\work-temp\STM32F407-App-Hal-IAR\debug\Obj\lte.o
#        D:\work-temp\STM32F407-App-Hal-IAR\debug\Obj\main.o
#        D:\work-temp\STM32F407-App-Hal-IAR\debug\Obj\mbrtu.o
#        D:\work-temp\STM32F407-App-Hal-IAR\debug\Obj\md5.o
#        D:\work-temp\STM32F407-App-Hal-IAR\debug\Obj\md5_code.o
#        D:\work-temp\STM32F407-App-Hal-IAR\debug\Obj\mon.o
#        D:\work-temp\STM32F407-App-Hal-IAR\debug\Obj\pro_data.o
#        D:\work-temp\STM32F407-App-Hal-IAR\debug\Obj\shell.o
#        D:\work-temp\STM32F407-App-Hal-IAR\debug\Obj\startup_stm32f407xx.o
#        D:\work-temp\STM32F407-App-Hal-IAR\debug\Obj\stm32f4xx_hal.o
#        D:\work-temp\STM32F407-App-Hal-IAR\debug\Obj\stm32f4xx_hal_adc.o
#        D:\work-temp\STM32F407-App-Hal-IAR\debug\Obj\stm32f4xx_hal_adc_ex.o
#        D:\work-temp\STM32F407-App-Hal-IAR\debug\Obj\stm32f4xx_hal_can.o
#        D:\work-temp\STM32F407-App-Hal-IAR\debug\Obj\stm32f4xx_hal_cec.o
#        D:\work-temp\STM32F407-App-Hal-IAR\debug\Obj\stm32f4xx_hal_cortex.o
#        D:\work-temp\STM32F407-App-Hal-IAR\debug\Obj\stm32f4xx_hal_crc.o
#        D:\work-temp\STM32F407-App-Hal-IAR\debug\Obj\stm32f4xx_hal_cryp.o
#        D:\work-temp\STM32F407-App-Hal-IAR\debug\Obj\stm32f4xx_hal_cryp_ex.o
#        D:\work-temp\STM32F407-App-Hal-IAR\debug\Obj\stm32f4xx_hal_dac.o
#        D:\work-temp\STM32F407-App-Hal-IAR\debug\Obj\stm32f4xx_hal_dac_ex.o
#        D:\work-temp\STM32F407-App-Hal-IAR\debug\Obj\stm32f4xx_hal_dcmi.o
#        D:\work-temp\STM32F407-App-Hal-IAR\debug\Obj\stm32f4xx_hal_dcmi_ex.o
#        D:\work-temp\STM32F407-App-Hal-IAR\debug\Obj\stm32f4xx_hal_dfsdm.o
#        D:\work-temp\STM32F407-App-Hal-IAR\debug\Obj\stm32f4xx_hal_dma.o
#        D:\work-temp\STM32F407-App-Hal-IAR\debug\Obj\stm32f4xx_hal_dma2d.o
#        D:\work-temp\STM32F407-App-Hal-IAR\debug\Obj\stm32f4xx_hal_dma_ex.o
#        D:\work-temp\STM32F407-App-Hal-IAR\debug\Obj\stm32f4xx_hal_dsi.o
#        D:\work-temp\STM32F407-App-Hal-IAR\debug\Obj\stm32f4xx_hal_eth.o
#        D:\work-temp\STM32F407-App-Hal-IAR\debug\Obj\stm32f4xx_hal_exti.o
#        D:\work-temp\STM32F407-App-Hal-IAR\debug\Obj\stm32f4xx_hal_flash.o
#        D:\work-temp\STM32F407-App-Hal-IAR\debug\Obj\stm32f4xx_hal_flash_ex.o
#        D:\work-temp\STM32F407-App-Hal-IAR\debug\Obj\stm32f4xx_hal_flash_ramfunc.o
#        D:\work-temp\STM32F407-App-Hal-IAR\debug\Obj\stm32f4xx_hal_gpio.o
#        D:\work-temp\STM32F407-App-Hal-IAR\debug\Obj\stm32f4xx_hal_hash.o
#        D:\work-temp\STM32F407-App-Hal-IAR\debug\Obj\stm32f4xx_hal_hash_ex.o
#        D:\work-temp\STM32F407-App-Hal-IAR\debug\Obj\stm32f4xx_hal_hcd.o
#        D:\work-temp\STM32F407-App-Hal-IAR\debug\Obj\stm32f4xx_hal_i2c.o
#        D:\work-temp\STM32F407-App-Hal-IAR\debug\Obj\stm32f4xx_hal_i2c_ex.o
#        D:\work-temp\STM32F407-App-Hal-IAR\debug\Obj\stm32f4xx_hal_i2s.o
#        D:\work-temp\STM32F407-App-Hal-IAR\debug\Obj\stm32f4xx_hal_i2s_ex.o
#        D:\work-temp\STM32F407-App-Hal-IAR\debug\Obj\stm32f4xx_hal_irda.o
#        D:\work-temp\STM32F407-App-Hal-IAR\debug\Obj\stm32f4xx_hal_iwdg.o
#        D:\work-temp\STM32F407-App-Hal-IAR\debug\Obj\stm32f4xx_hal_lptim.o
#        D:\work-temp\STM32F407-App-Hal-IAR\debug\Obj\stm32f4xx_hal_ltdc.o
#        D:\work-temp\STM32F407-App-Hal-IAR\debug\Obj\stm32f4xx_hal_ltdc_ex.o
#        D:\work-temp\STM32F407-App-Hal-IAR\debug\Obj\stm32f4xx_hal_mmc.o
#        D:\work-temp\STM32F407-App-Hal-IAR\debug\Obj\stm32f4xx_hal_msp_template.o
#        D:\work-temp\STM32F407-App-Hal-IAR\debug\Obj\stm32f4xx_hal_nand.o
#        D:\work-temp\STM32F407-App-Hal-IAR\debug\Obj\stm32f4xx_hal_nor.o
#        D:\work-temp\STM32F407-App-Hal-IAR\debug\Obj\stm32f4xx_hal_pccard.o
#        D:\work-temp\STM32F407-App-Hal-IAR\debug\Obj\stm32f4xx_hal_pcd.o
#        D:\work-temp\STM32F407-App-Hal-IAR\debug\Obj\stm32f4xx_hal_pcd_ex.o
#        D:\work-temp\STM32F407-App-Hal-IAR\debug\Obj\stm32f4xx_hal_pwr.o
#        D:\work-temp\STM32F407-App-Hal-IAR\debug\Obj\stm32f4xx_hal_pwr_ex.o
#        D:\work-temp\STM32F407-App-Hal-IAR\debug\Obj\stm32f4xx_hal_qspi.o
#        D:\work-temp\STM32F407-App-Hal-IAR\debug\Obj\stm32f4xx_hal_rcc.o
#        D:\work-temp\STM32F407-App-Hal-IAR\debug\Obj\stm32f4xx_hal_rcc_ex.o
#        D:\work-temp\STM32F407-App-Hal-IAR\debug\Obj\stm32f4xx_hal_rng.o
#        D:\work-temp\STM32F407-App-Hal-IAR\debug\Obj\stm32f4xx_hal_rtc.o
#        D:\work-temp\STM32F407-App-Hal-IAR\debug\Obj\stm32f4xx_hal_rtc_ex.o
#        D:\work-temp\STM32F407-App-Hal-IAR\debug\Obj\stm32f4xx_hal_sai.o
#        D:\work-temp\STM32F407-App-Hal-IAR\debug\Obj\stm32f4xx_hal_sai_ex.o
#        D:\work-temp\STM32F407-App-Hal-IAR\debug\Obj\stm32f4xx_hal_sd.o
#        D:\work-temp\STM32F407-App-Hal-IAR\debug\Obj\stm32f4xx_hal_sdram.o
#        D:\work-temp\STM32F407-App-Hal-IAR\debug\Obj\stm32f4xx_hal_smartcard.o
#        D:\work-temp\STM32F407-App-Hal-IAR\debug\Obj\stm32f4xx_hal_smbus.o
#        D:\work-temp\STM32F407-App-Hal-IAR\debug\Obj\stm32f4xx_hal_spdifrx.o
#        D:\work-temp\STM32F407-App-Hal-IAR\debug\Obj\stm32f4xx_hal_spi.o
#        D:\work-temp\STM32F407-App-Hal-IAR\debug\Obj\stm32f4xx_hal_sram.o
#        D:\work-temp\STM32F407-App-Hal-IAR\debug\Obj\stm32f4xx_hal_tim.o
#        D:\work-temp\STM32F407-App-Hal-IAR\debug\Obj\stm32f4xx_hal_tim_ex.o
#        D:\work-temp\STM32F407-App-Hal-IAR\debug\Obj\stm32f4xx_hal_uart.o
#        D:\work-temp\STM32F407-App-Hal-IAR\debug\Obj\stm32f4xx_hal_usart.o
#        D:\work-temp\STM32F407-App-Hal-IAR\debug\Obj\stm32f4xx_hal_wwdg.o
#        D:\work-temp\STM32F407-App-Hal-IAR\debug\Obj\stm32f4xx_ll_adc.o
#        D:\work-temp\STM32F407-App-Hal-IAR\debug\Obj\stm32f4xx_ll_crc.o
#        D:\work-temp\STM32F407-App-Hal-IAR\debug\Obj\stm32f4xx_ll_dac.o
#        D:\work-temp\STM32F407-App-Hal-IAR\debug\Obj\stm32f4xx_ll_dma.o
#        D:\work-temp\STM32F407-App-Hal-IAR\debug\Obj\stm32f4xx_ll_dma2d.o
#        D:\work-temp\STM32F407-App-Hal-IAR\debug\Obj\stm32f4xx_ll_exti.o
#        D:\work-temp\STM32F407-App-Hal-IAR\debug\Obj\stm32f4xx_ll_fmc.o
#        D:\work-temp\STM32F407-App-Hal-IAR\debug\Obj\stm32f4xx_ll_fmpi2c.o
#        D:\work-temp\STM32F407-App-Hal-IAR\debug\Obj\stm32f4xx_ll_fsmc.o
#        D:\work-temp\STM32F407-App-Hal-IAR\debug\Obj\stm32f4xx_ll_gpio.o
#        D:\work-temp\STM32F407-App-Hal-IAR\debug\Obj\stm32f4xx_ll_i2c.o
#        D:\work-temp\STM32F407-App-Hal-IAR\debug\Obj\stm32f4xx_ll_lptim.o
#        D:\work-temp\STM32F407-App-Hal-IAR\debug\Obj\stm32f4xx_ll_pwr.o
#        D:\work-temp\STM32F407-App-Hal-IAR\debug\Obj\stm32f4xx_ll_rcc.o
#        D:\work-temp\STM32F407-App-Hal-IAR\debug\Obj\stm32f4xx_ll_rng.o
#        D:\work-temp\STM32F407-App-Hal-IAR\debug\Obj\stm32f4xx_ll_rtc.o
#        D:\work-temp\STM32F407-App-Hal-IAR\debug\Obj\stm32f4xx_ll_sdmmc.o
#        D:\work-temp\STM32F407-App-Hal-IAR\debug\Obj\stm32f4xx_ll_spi.o
#        D:\work-temp\STM32F407-App-Hal-IAR\debug\Obj\stm32f4xx_ll_tim.o
#        D:\work-temp\STM32F407-App-Hal-IAR\debug\Obj\stm32f4xx_ll_usart.o
#        D:\work-temp\STM32F407-App-Hal-IAR\debug\Obj\stm32f4xx_ll_usb.o
#        D:\work-temp\STM32F407-App-Hal-IAR\debug\Obj\stm32f4xx_ll_utils.o
#        D:\work-temp\STM32F407-App-Hal-IAR\debug\Obj\system_stm32f4xx.o
#        D:\work-temp\STM32F407-App-Hal-IAR\debug\Obj\version.o
#        D:\work-temp\STM32F407-App-Hal-IAR\debug\Obj\weic_lock.o -o
#        D:\work-temp\STM32F407-App-Hal-IAR\Debug\Exe\project_hal.out --map
#        D:\work-temp\STM32F407-App-Hal-IAR\Debug\List\project_hal.map --config
#        "C:\Program Files (x86)\IAR Systems\Embedded Workbench
#        8.0\arm\config\linker\ST\stm32f407xE.icf" --semihosting --entry
#        __iar_program_start --vfe --text_out locale)
#
###############################################################################

*******************************************************************************
*** RUNTIME MODEL ATTRIBUTES
***

CppFlavor       = *
__SystemLibrary = DLib
__dlib_version  = 6


*******************************************************************************
*** HEAP SELECTION
***

The basic heap was selected because no calls to memory allocation
functions were found in the application outside of system library
functions, and there are calls to deallocation functions in the
application.


*******************************************************************************
*** PLACEMENT SUMMARY
***

"A0":  place at 0x08000000 { ro section .intvec };
"P1":  place in [from 0x08000000 to 0x0807ffff] { ro };
define block CSTACK with size = 8K, alignment = 8 { };
"P3":  place in [from 0x10000000 to 0x1000ffff] {
          block CSTACK, section .ccram };
define block HEAP with size = 8K, alignment = 8 { };
"P4":  place in [from 0x20000000 to 0x2001bfff] |
                [from 0x2001c000 to 0x2001ffff] { rw, block HEAP };
initialize by copy { rw };

No sections matched the following patterns:

  ro section application_specific_ro  in "P2"
  section .backup_sram                in "P5"
  section .ccram                      in "P3"


  Section            Kind        Address    Size  Object
  -------            ----        -------    ----  ------
"A0":                                      0x188
  .intvec            ro code  0x08000000   0x188  startup_stm32f407xx.o [1]
                            - 0x08000188   0x188

"P1":                                     0x5e98
  .text              ro code  0x08000188   0xe22  xprintffull_nomb.o [3]
  .text              ro code  0x08000faa    0x1a  xsnprout.o [3]
  .text              ro code  0x08000fc4    0x16  strchr.o [5]
  .text              ro code  0x08000fdc    0x40  xfail_s.o [3]
  .text              ro code  0x0800101c    0x36  strlen.o [5]
  .text              ro code  0x08001054    0x58  memchr.o [5]
  .text              ro code  0x080010ac   0x22e  I64DivMod.o [5]
  .text              ro code  0x080012dc   0x1a2  DblMul.o [4]
  .text              ro code  0x08001480    0xa6  ABImemcpy.o [5]
  .text              ro code  0x08001528    0x70  frexp.o [4]
  .text              ro code  0x08001598    0x2e  DblCmpLe.o [4]
  .text              ro code  0x080015c8    0x2e  DblCmpGe.o [4]
  .text              ro code  0x080015f8   0x13a  ldexp.o [4]
  .text              ro code  0x08001734    0x3a  DblToS32.o [4]
  .text              ro code  0x08001770    0x22  S32ToDbl.o [4]
  .text              ro code  0x08001794    0xe2  DblSub.o [4]
  .text              ro code  0x08001878   0x246  DblDiv.o [4]
  .text              ro code  0x08001ac0    0x28  DblToU32.o [4]
  .text              ro code  0x08001ae8    0x1a  U32ToDbl.o [4]
  .text              ro code  0x08001b02     0x6  abort.o [3]
  .text              ro code  0x08001b08     0x2  I64DivZer.o [5]
  .text              ro code  0x08001b0c   0x168  DblAdd.o [4]
  .text              ro code  0x08001c74    0x14  exit.o [6]
  .text              ro code  0x08001c88   0xd10  drv_uart.o [1]
  .text              ro code  0x08002998   0x82e  stm32f4xx_hal_uart.o [1]
  .text              ro code  0x080031c6    0x26  drv_ticks.o [1]
  .text              ro code  0x080031ec     0x6  ABImemclr4.o [5]
  .text              ro code  0x080031f4   0x274  stm32f4xx_hal_gpio.o [1]
  .text              ro code  0x08003468   0x15c  stm32f4xx_hal_cortex.o [1]
  .text              ro code  0x080035c4    0x3c  vsnprint.o [3]
  .text              ro code  0x08003600     0xc  stm32f4xx_hal.o [1]
  .text              ro code  0x0800360c    0x28  stm32f4xx_hal_dma.o [1]
  .text              ro code  0x08003634     0x2  stm32f4xx_hal_uart.o [1]
  .text              ro code  0x08003636     0x2  stm32f4xx_hal_uart.o [1]
  .text              ro code  0x08003638     0x2  stm32f4xx_hal_uart.o [1]
  .text              ro code  0x0800363c   0x230  stm32f4xx_hal_rcc.o [1]
  .text              ro code  0x0800386c    0x18  stm32f4xx_hal.o [1]
  .text              ro code  0x08003884    0x32  ABImemset48.o [5]
  .text              ro code  0x080038b8    0x4c  stm32f4xx_hal.o [1]
  .text              ro code  0x08003904   0x6a4  stm32f4xx_hal_can.o [1]
  .text              ro code  0x08003fa8   0x4dc  drv_can.o [1]
  .text              ro code  0x08004484     0x2  stm32f4xx_hal_can.o [1]
  .text              ro code  0x08004486     0x2  stm32f4xx_hal_can.o [1]
  .text              ro code  0x08004488     0x2  stm32f4xx_hal_can.o [1]
  .text              ro code  0x0800448a     0x2  stm32f4xx_hal_can.o [1]
  .text              ro code  0x0800448c     0x2  stm32f4xx_hal_can.o [1]
  .text              ro code  0x0800448e     0x2  stm32f4xx_hal_can.o [1]
  .text              ro code  0x08004490     0x2  stm32f4xx_hal_can.o [1]
  .text              ro code  0x08004492     0x2  stm32f4xx_hal_can.o [1]
  .text              ro code  0x08004494     0x2  stm32f4xx_hal_can.o [1]
  .text              ro code  0x08004496     0x2  stm32f4xx_hal_can.o [1]
  .text              ro code  0x08004498     0x2  stm32f4xx_hal_can.o [1]
  .text              ro code  0x0800449a     0x2  stm32f4xx_hal_can.o [1]
  .text              ro code  0x0800449c   0x40c  stm32f4xx_hal_rcc.o [1]
  .text              ro code  0x080048a8   0x3d2  stm32f4xx_hal_rtc.o [1]
  .text              ro code  0x08004c7a     0x2  stm32f4xx_hal_rtc.o [1]
  .text              ro code  0x08004c7c     0x2  stm32f4xx_hal_rtc_ex.o [1]
  .text              ro code  0x08004c80   0x37a  stm32f4xx_hal_mmc.o [1]
  .text              ro code  0x08004ffc   0x1fc  stm32f4xx_ll_sdmmc.o [1]
  .text              ro code  0x080051f8     0x2  stm32f4xx_hal_mmc.o [1]
  .text              ro code  0x080051fa     0x2  stm32f4xx_hal_mmc.o [1]
  .text              ro code  0x080051fc     0x2  stm32f4xx_hal_mmc.o [1]
  .text              ro code  0x080051fe     0x2  stm32f4xx_hal_mmc.o [1]
  .text              ro code  0x08005200   0x35c  drv_gpio.o [1]
  .text              ro code  0x0800555c   0x1a0  main.o [1]
  .text              ro code  0x080056fc   0x10a  board.o [1]
  .text              ro code  0x08005808    0x7c  mbrtu.o [1]
  .text              ro code  0x08005884     0xe  stm32f4xx_hal_iwdg.o [1]
  .text              ro code  0x08005894   0x190  stm32f4xx_hal_rcc_ex.o [1]
  .text              ro code  0x08005a24    0x40  stm32f4xx_hal.o [1]
  .text              ro code  0x08005a64   0x124  drv_rtc.o [1]
  .text              ro code  0x08005b88     0x2  stm32f4xx_hal_msp_template.o [1]
  .text              ro code  0x08005b8c   0x17a  stm32f4xx_hal_rtc_ex.o [1]
  .text              ro code  0x08005d06     0x2  stm32f4xx_hal_rtc_ex.o [1]
  .text              ro code  0x08005d08    0x40  zero_init3.o [5]
  .text              ro code  0x08005d48    0x2c  copy_init3.o [5]
  .text              ro code  0x08005d74    0x28  data_init.o [5]
  .rodata            const    0x08005d9c    0x24  main.o [1]
  .text              ro code  0x08005dc0    0x22  fpinit_M.o [4]
  .iar.init_table    const    0x08005de4    0x24  - Linker created -
  .text              ro code  0x08005e08    0x20  system_stm32f4xx.o [1]
  .text              ro code  0x08005e28    0x1e  cmain.o [5]
  .text              ro code  0x08005e46     0x4  low_level_init.o [3]
  .text              ro code  0x08005e4a     0x4  exit.o [3]
  .text              ro code  0x08005e50     0xa  cexit.o [5]
  .rodata            const    0x08005e5c    0x10  system_stm32f4xx.o [1]
  .text              ro code  0x08005e6c    0x10  drv_emmc.o [1]
  .text              ro code  0x08005e7c    0x10  startup_stm32f407xx.o [1]
  .text              ro code  0x08005e8c     0xc  cstartup_M.o [5]
  .rodata            const    0x08005e98     0x8  system_stm32f4xx.o [1]
  .text              ro code  0x08005ea0     0x4  startup_stm32f407xx.o [1]
  .text              ro code  0x08005ea4     0x4  startup_stm32f407xx.o [1]
  .text              ro code  0x08005ea8     0x4  startup_stm32f407xx.o [1]
  .text              ro code  0x08005eac     0x4  startup_stm32f407xx.o [1]
  .text              ro code  0x08005eb0     0x4  startup_stm32f407xx.o [1]
  .text              ro code  0x08005eb4     0x4  startup_stm32f407xx.o [1]
  .text              ro code  0x08005eb8     0x4  startup_stm32f407xx.o [1]
  .text              ro code  0x08005ebc     0x4  startup_stm32f407xx.o [1]
  .text              ro code  0x08005ec0     0x4  startup_stm32f407xx.o [1]
  .text              ro code  0x08005ec4     0x4  startup_stm32f407xx.o [1]
  .text              ro code  0x08005ec8     0x4  startup_stm32f407xx.o [1]
  .text              ro code  0x08005ecc     0x4  startup_stm32f407xx.o [1]
  .text              ro code  0x08005ed0     0x4  startup_stm32f407xx.o [1]
  .text              ro code  0x08005ed4     0x4  startup_stm32f407xx.o [1]
  .text              ro code  0x08005ed8     0x4  startup_stm32f407xx.o [1]
  .text              ro code  0x08005edc     0x4  startup_stm32f407xx.o [1]
  .text              ro code  0x08005ee0     0x4  startup_stm32f407xx.o [1]
  .text              ro code  0x08005ee4     0x4  startup_stm32f407xx.o [1]
  .text              ro code  0x08005ee8     0x4  startup_stm32f407xx.o [1]
  .text              ro code  0x08005eec     0x4  startup_stm32f407xx.o [1]
  .text              ro code  0x08005ef0     0x4  startup_stm32f407xx.o [1]
  .text              ro code  0x08005ef4     0x4  startup_stm32f407xx.o [1]
  .text              ro code  0x08005ef8     0x4  startup_stm32f407xx.o [1]
  .text              ro code  0x08005efc     0x4  startup_stm32f407xx.o [1]
  .text              ro code  0x08005f00     0x4  startup_stm32f407xx.o [1]
  .text              ro code  0x08005f04     0x4  startup_stm32f407xx.o [1]
  .text              ro code  0x08005f08     0x4  startup_stm32f407xx.o [1]
  .text              ro code  0x08005f0c     0x4  startup_stm32f407xx.o [1]
  .text              ro code  0x08005f10     0x4  startup_stm32f407xx.o [1]
  .text              ro code  0x08005f14     0x4  startup_stm32f407xx.o [1]
  .text              ro code  0x08005f18     0x4  startup_stm32f407xx.o [1]
  .text              ro code  0x08005f1c     0x4  startup_stm32f407xx.o [1]
  .text              ro code  0x08005f20     0x4  startup_stm32f407xx.o [1]
  .text              ro code  0x08005f24     0x4  startup_stm32f407xx.o [1]
  .text              ro code  0x08005f28     0x4  startup_stm32f407xx.o [1]
  .text              ro code  0x08005f2c     0x4  startup_stm32f407xx.o [1]
  .text              ro code  0x08005f30     0x4  startup_stm32f407xx.o [1]
  .text              ro code  0x08005f34     0x4  startup_stm32f407xx.o [1]
  .text              ro code  0x08005f38     0x4  startup_stm32f407xx.o [1]
  .text              ro code  0x08005f3c     0x4  startup_stm32f407xx.o [1]
  .text              ro code  0x08005f40     0x4  startup_stm32f407xx.o [1]
  .text              ro code  0x08005f44     0x4  startup_stm32f407xx.o [1]
  .text              ro code  0x08005f48     0x4  startup_stm32f407xx.o [1]
  .text              ro code  0x08005f4c     0x4  startup_stm32f407xx.o [1]
  .text              ro code  0x08005f50     0x4  startup_stm32f407xx.o [1]
  .text              ro code  0x08005f54     0x4  startup_stm32f407xx.o [1]
  .text              ro code  0x08005f58     0x4  startup_stm32f407xx.o [1]
  .text              ro code  0x08005f5c     0x4  startup_stm32f407xx.o [1]
  .text              ro code  0x08005f60     0x4  startup_stm32f407xx.o [1]
  .text              ro code  0x08005f64     0x4  startup_stm32f407xx.o [1]
  .text              ro code  0x08005f68     0x4  startup_stm32f407xx.o [1]
  .text              ro code  0x08005f6c     0x4  startup_stm32f407xx.o [1]
  .text              ro code  0x08005f70     0x4  startup_stm32f407xx.o [1]
  .text              ro code  0x08005f74     0x4  startup_stm32f407xx.o [1]
  .text              ro code  0x08005f78     0x4  startup_stm32f407xx.o [1]
  .text              ro code  0x08005f7c     0x4  startup_stm32f407xx.o [1]
  .text              ro code  0x08005f80     0x4  startup_stm32f407xx.o [1]
  .text              ro code  0x08005f84     0x4  startup_stm32f407xx.o [1]
  .text              ro code  0x08005f88     0x4  startup_stm32f407xx.o [1]
  .text              ro code  0x08005f8c     0x4  startup_stm32f407xx.o [1]
  .text              ro code  0x08005f90     0x4  startup_stm32f407xx.o [1]
  .text              ro code  0x08005f94     0x4  startup_stm32f407xx.o [1]
  .text              ro code  0x08005f98     0x4  startup_stm32f407xx.o [1]
  .text              ro code  0x08005f9c     0x4  startup_stm32f407xx.o [1]
  .text              ro code  0x08005fa0     0x4  startup_stm32f407xx.o [1]
  .text              ro code  0x08005fa4     0x4  startup_stm32f407xx.o [1]
  .text              ro code  0x08005fa8     0x4  startup_stm32f407xx.o [1]
  .text              ro code  0x08005fac     0x4  startup_stm32f407xx.o [1]
  .text              ro code  0x08005fb0     0x4  startup_stm32f407xx.o [1]
  .text              ro code  0x08005fb4     0x4  startup_stm32f407xx.o [1]
  .text              ro code  0x08005fb8     0x4  startup_stm32f407xx.o [1]
  .text              ro code  0x08005fbc     0x4  startup_stm32f407xx.o [1]
  .text              ro code  0x08005fc0     0x4  startup_stm32f407xx.o [1]
  .text              ro code  0x08005fc4     0x4  startup_stm32f407xx.o [1]
  .text              ro code  0x08005fc8     0x4  startup_stm32f407xx.o [1]
  .text              ro code  0x08005fcc     0x4  startup_stm32f407xx.o [1]
  .text              ro code  0x08005fd0     0x4  startup_stm32f407xx.o [1]
  .rodata            const    0x08005fd4     0x0  zero_init3.o [5]
  .rodata            const    0x08005fd4     0x0  copy_init3.o [5]
  Initializer bytes  const    0x08005fd4    0x4c  <for P4 s0>
                            - 0x08006020  0x5e98

"P3":                                     0x2000
  CSTACK                      0x10000000  0x2000  <Block>
    CSTACK           uninit   0x10000000  0x2000  <Block tail>
                            - 0x10002000  0x2000

"P4", part 1 of 2:                          0x4c
  P4 s0                       0x20000000    0x4c  <Init block>
    .data            inited   0x20000000     0x4  drv_can.o [1]
    .data            inited   0x20000004     0x4  drv_can.o [1]
    .data            inited   0x20000008     0x4  drv_can.o [1]
    .data            inited   0x2000000c     0x4  drv_can.o [1]
    .data            inited   0x20000010     0x4  drv_uart.o [1]
    .data            inited   0x20000014     0x4  drv_uart.o [1]
    .data            inited   0x20000018     0x4  drv_uart.o [1]
    .data            inited   0x2000001c     0x4  drv_uart.o [1]
    .data            inited   0x20000020     0x4  drv_uart.o [1]
    .data            inited   0x20000024     0x4  drv_uart.o [1]
    .data            inited   0x20000028     0x4  drv_uart.o [1]
    .data            inited   0x2000002c     0x4  drv_uart.o [1]
    .data            inited   0x20000030     0x4  drv_uart.o [1]
    .data            inited   0x20000034     0x4  drv_uart.o [1]
    .data            inited   0x20000038     0x4  drv_uart.o [1]
    .data            inited   0x2000003c     0x4  drv_uart.o [1]
    .data            inited   0x20000040     0x4  stm32f4xx_hal.o [1]
    .data            inited   0x20000044     0x4  system_stm32f4xx.o [1]
    .data            inited   0x20000048     0x1  stm32f4xx_hal.o [1]
                            - 0x2000004c    0x4c

"P4", part 2 of 2:                        0x73d4
  .bss               zero     0x2000004c  0x2000  main.o [1]
  .bss               zero     0x2000204c  0x1400  main.o [1]
  .bss               zero     0x2000344c  0x1000  main.o [1]
  .bss               zero     0x2000444c  0x1000  main.o [1]
  .bss               zero     0x2000544c   0x400  drv_uart.o [1]
  .bss               zero     0x2000584c   0x400  drv_uart.o [1]
  .bss               zero     0x20005c4c   0x400  drv_uart.o [1]
  .bss               zero     0x2000604c   0x400  drv_uart.o [1]
  .bss               zero     0x2000644c   0x400  drv_uart.o [1]
  .bss               zero     0x2000684c   0x320  drv_can.o [1]
  .bss               zero     0x20006b6c   0x320  drv_can.o [1]
  .bss               zero     0x20006e8c   0x100  drv_uart.o [1]
  .bss               zero     0x20006f8c   0x100  drv_uart.o [1]
  .bss               zero     0x2000708c    0xc8  main.o [1]
  .bss               zero     0x20007154    0x80  drv_emmc.o [1]
  .bss               zero     0x200071d4    0x40  drv_uart.o [1]
  .bss               zero     0x20007214    0x40  drv_uart.o [1]
  .bss               zero     0x20007254    0x40  drv_uart.o [1]
  .bss               zero     0x20007294    0x40  drv_uart.o [1]
  .bss               zero     0x200072d4    0x40  drv_uart.o [1]
  .bss               zero     0x20007314    0x28  drv_can.o [1]
  .bss               zero     0x2000733c    0x28  drv_can.o [1]
  .bss               zero     0x20007364    0x20  drv_rtc.o [1]
  .bss               zero     0x20007384    0x1c  drv_can.o [1]
  .bss               zero     0x200073a0     0xc  board.o [1]
  .bss               zero     0x200073ac     0xc  drv_uart.o [1]
  .bss               zero     0x200073b8     0x8  drv_can.o [1]
  .bss               zero     0x200073c0     0x8  drv_uart.o [1]
  .bss               zero     0x200073c8     0x4  drv_can.o [1]
  .bss               zero     0x200073cc     0x4  drv_can.o [1]
  .bss               zero     0x200073d0     0x4  drv_rtc.o [1]
  .bss               zero     0x200073d4     0x4  drv_rtc.o [1]
  .bss               zero     0x200073d8     0x4  drv_uart.o [1]
  .bss               zero     0x200073dc     0x4  drv_uart.o [1]
  .bss               zero     0x200073e0     0x4  drv_uart.o [1]
  .bss               zero     0x200073e4     0x4  drv_uart.o [1]
  .bss               zero     0x200073e8     0x4  drv_uart.o [1]
  .bss               zero     0x200073ec     0x4  drv_uart.o [1]
  .bss               zero     0x200073f0     0x4  mbrtu.o [1]
  .bss               zero     0x200073f4     0x4  mbrtu.o [1]
  .bss               zero     0x200073f8     0x4  mbrtu.o [1]
  .bss               zero     0x200073fc     0x4  mbrtu.o [1]
  .bss               zero     0x20007400     0x4  stm32f4xx_hal.o [1]
  .bss               zero     0x20007404     0x4  xfail_s.o [3]
  .bss               zero     0x20007408     0x2  main.o [1]
  .bss               zero     0x2000740a     0x2  main.o [1]
  .bss               zero     0x2000740c     0x2  mbrtu.o [1]
  .bss               zero     0x2000740e     0x2  mbrtu.o [1]
  .bss               zero     0x20007410     0x2  mbrtu.o [1]
  .bss               zero     0x20007412     0x2  mbrtu.o [1]
  .bss               zero     0x20007414     0x1  drv_uart.o [1]
  .bss               zero     0x20007415     0x1  drv_uart.o [1]
  .bss               zero     0x20007416     0x1  drv_uart.o [1]
  .bss               zero     0x20007417     0x1  drv_uart.o [1]
  .bss               zero     0x20007418     0x1  drv_uart.o [1]
  .bss               zero     0x20007419     0x1  drv_uart.o [1]
  .bss               zero     0x2000741a     0x1  main.o [1]
  .bss               zero     0x2000741b     0x1  main.o [1]
  .bss               zero     0x2000741c     0x1  mbrtu.o [1]
                            - 0x2000741d  0x73d1


*******************************************************************************
*** INIT TABLE
***

          Address     Size
          -------     ----
Zero (__iar_zero_init3)
    1 destination range, total size 0x73d1:
          0x2000004c  0x73d1

Copy (__iar_copy_init3)
    1 source range, total size 0x4c (104% of destination):
          0x08005fd4    0x4c
    1 destination range, total size 0x49:
          0x20000000    0x49



*******************************************************************************
*** MODULE SUMMARY
***

    Module                        ro code  ro data  rw data
    ------                        -------  -------  -------
D:\work-temp\STM32F407-App-Hal-IAR\debug\Obj: [1]
    board.o                           266                12
    drv_can.o                       1 244       16    1 740
    drv_emmc.o                         16               128
    drv_gpio.o                        860
    drv_rtc.o                         292                40
    drv_ticks.o                        38
    drv_uart.o                      3 344       48    6 050
    main.o                            416       36   21 710
    mbrtu.o                           124                25
    startup_stm32f407xx.o             716
    stm32f4xx_hal.o                   176        5        9
    stm32f4xx_hal_can.o             1 724
    stm32f4xx_hal_cortex.o            348
    stm32f4xx_hal_dma.o                40
    stm32f4xx_hal_gpio.o              628
    stm32f4xx_hal_iwdg.o               14
    stm32f4xx_hal_mmc.o               898
    stm32f4xx_hal_msp_template.o        2
    stm32f4xx_hal_rcc.o             1 596
    stm32f4xx_hal_rcc_ex.o            400
    stm32f4xx_hal_rtc.o               980
    stm32f4xx_hal_rtc_ex.o            382
    stm32f4xx_hal_uart.o            2 100
    stm32f4xx_ll_sdmmc.o              508
    system_stm32f4xx.o                 32       28        4
    -------------------------------------------------------
    Total:                         17 144      133   29 718

command line: [2]
    -------------------------------------------------------
    Total:

dl7M_tln.a: [3]
    abort.o                             6
    exit.o                              4
    low_level_init.o                    4
    vsnprint.o                         60
    xfail_s.o                          64                 4
    xprintffull_nomb.o              3 618
    xsnprout.o                         26
    -------------------------------------------------------
    Total:                          3 782                 4

m7M_tls.a: [4]
    DblAdd.o                          360
    DblCmpGe.o                         46
    DblCmpLe.o                         46
    DblDiv.o                          582
    DblMul.o                          418
    DblSub.o                          226
    DblToS32.o                         58
    DblToU32.o                         40
    S32ToDbl.o                         34
    U32ToDbl.o                         26
    fpinit_M.o                         34
    frexp.o                           112
    ldexp.o                           314
    -------------------------------------------------------
    Total:                          2 296

rt7M_tl.a: [5]
    ABImemclr4.o                        6
    ABImemcpy.o                       166
    ABImemset48.o                      50
    I64DivMod.o                       558
    I64DivZer.o                         2
    cexit.o                            10
    cmain.o                            30
    copy_init3.o                       44
    cstartup_M.o                       12
    data_init.o                        40
    memchr.o                           88
    strchr.o                           22
    strlen.o                           54
    zero_init3.o                       64
    -------------------------------------------------------
    Total:                          1 146

shb_l.a: [6]
    exit.o                             20
    -------------------------------------------------------
    Total:                             20

    Gaps                               44        4
    Linker created                              39    8 192
-----------------------------------------------------------
    Grand Total:                   24 432      176   37 914


*******************************************************************************
*** ENTRY LIST
***

Entry                      Address    Size  Type      Object
-----                      -------    ----  ----      ------
.iar.init_table$$Base   0x08005de4           --   Gb  - Linker created -
.iar.init_table$$Limit  0x08005e08           --   Gb  - Linker created -
?main                   0x08005e29          Code  Gb  cmain.o [5]
AHBPrescTable           0x08005e5c    0x10  Data  Gb  system_stm32f4xx.o [1]
APBPrescTable           0x08005e98     0x8  Data  Gb  system_stm32f4xx.o [1]
CAN1_RX0_IRQHandler     0x08004413     0xa  Code  Gb  drv_can.o [1]
CAN1_RX1_IRQHandler     0x0800441d     0xa  Code  Gb  drv_can.o [1]
CAN2_RX0_IRQHandler     0x08004427     0xa  Code  Gb  drv_can.o [1]
CSTACK$$Base            0x10000000           --   Gb  - Linker created -
CSTACK$$Limit           0x10002000           --   Gb  - Linker created -
HAL_CAN_ActivateNotification
                        0x08003d51    0x34  Code  Gb  stm32f4xx_hal_can.o [1]
HAL_CAN_ConfigFilter    0x08003a71   0x128  Code  Gb  stm32f4xx_hal_can.o [1]
HAL_CAN_GetRxMessage    0x08003bf9   0x158  Code  Gb  stm32f4xx_hal_can.o [1]
HAL_CAN_IRQHandler      0x08003d85   0x224  Code  Gb  stm32f4xx_hal_can.o [1]
HAL_CAN_Init            0x08003905   0x16c  Code  Gb  stm32f4xx_hal_can.o [1]
HAL_CAN_MspInit         0x080043dd     0x8  Code  Gb  drv_can.o [1]
HAL_CAN_RxFifo0MsgPendingCallback
                        0x080043e5    0x2e  Code  Gb  drv_can.o [1]
HAL_CAN_Start           0x08003b99    0x5c  Code  Gb  stm32f4xx_hal_can.o [1]
HAL_DMA_Abort_IT        0x0800360d    0x28  Code  Gb  stm32f4xx_hal_dma.o [1]
HAL_GPIO_Init           0x080031f5   0x220  Code  Gb  stm32f4xx_hal_gpio.o [1]
HAL_GPIO_WritePin       0x08003415    0x1a  Code  Gb  stm32f4xx_hal_gpio.o [1]
HAL_GetTick             0x08003601     0xc  Code  Wk  stm32f4xx_hal.o [1]
HAL_IWDG_Refresh        0x08005885     0xe  Code  Gb  stm32f4xx_hal_iwdg.o [1]
HAL_IncTick             0x0800386d    0x18  Code  Wk  stm32f4xx_hal.o [1]
HAL_Init                0x08005a25    0x3a  Code  Gb  stm32f4xx_hal.o [1]
HAL_InitTick            0x080038b9    0x4c  Code  Wk  stm32f4xx_hal.o [1]
HAL_MMC_GetCardState    0x08004e49    0x24  Code  Gb  stm32f4xx_hal_mmc.o [1]
HAL_MMC_IRQHandler      0x08004c81   0x1c8  Code  Gb  stm32f4xx_hal_mmc.o [1]
HAL_MspInit             0x08005b89     0x2  Code  Gb  stm32f4xx_hal_msp_template.o [1]
HAL_NVIC_EnableIRQ      0x0800358b     0xe  Code  Gb  stm32f4xx_hal_cortex.o [1]
HAL_NVIC_SetPriority    0x08003561    0x2a  Code  Gb  stm32f4xx_hal_cortex.o [1]
HAL_NVIC_SetPriorityGrouping
                        0x08003555     0xc  Code  Gb  stm32f4xx_hal_cortex.o [1]
HAL_RCCEx_PeriphCLKConfig
                        0x08005895   0x16a  Code  Gb  stm32f4xx_hal_rcc_ex.o [1]
HAL_RCC_ClockConfig     0x0800363d   0x14c  Code  Gb  stm32f4xx_hal_rcc.o [1]
HAL_RCC_GetHCLKFreq     0x08003789     0x6  Code  Gb  stm32f4xx_hal_rcc.o [1]
HAL_RCC_GetPCLK1Freq    0x0800378f    0x16  Code  Gb  stm32f4xx_hal_rcc.o [1]
HAL_RCC_GetPCLK2Freq    0x080037a5    0x16  Code  Gb  stm32f4xx_hal_rcc.o [1]
HAL_RCC_OscConfig       0x0800449d   0x40c  Code  Wk  stm32f4xx_hal_rcc.o [1]
HAL_RTCEx_AlarmBEventCallback
                        0x08004c7d     0x2  Code  Wk  stm32f4xx_hal_rtc_ex.o [1]
HAL_RTCEx_BKUPRead      0x08005cf7    0x10  Code  Gb  stm32f4xx_hal_rtc_ex.o [1]
HAL_RTCEx_BKUPWrite     0x08005ce5    0x12  Code  Gb  stm32f4xx_hal_rtc_ex.o [1]
HAL_RTCEx_SetWakeUpTimer_IT
                        0x08005b8d   0x118  Code  Gb  stm32f4xx_hal_rtc_ex.o [1]
HAL_RTCEx_WakeUpTimerIRQHandler
                        0x08005ca5    0x30  Code  Gb  stm32f4xx_hal_rtc_ex.o [1]
HAL_RTC_AlarmIRQHandler
                        0x08004b81    0x5e  Code  Gb  stm32f4xx_hal_rtc.o [1]
HAL_RTC_Init            0x080048a9    0xcc  Code  Gb  stm32f4xx_hal_rtc.o [1]
HAL_RTC_SetDate         0x08004a85    0xfc  Code  Gb  stm32f4xx_hal_rtc.o [1]
HAL_RTC_SetTime         0x08004975   0x110  Code  Gb  stm32f4xx_hal_rtc.o [1]
HAL_RTC_WaitForSynchro  0x08004bf1    0x36  Code  Gb  stm32f4xx_hal_rtc.o [1]
HAL_SYSTICK_Config      0x08003599     0xc  Code  Gb  stm32f4xx_hal_cortex.o [1]
HAL_UART_IRQHandler     0x08002b61   0x150  Code  Gb  stm32f4xx_hal_uart.o [1]
HAL_UART_Init           0x08002999    0x76  Code  Gb  stm32f4xx_hal_uart.o [1]
HAL_UART_Receive_IT     0x08002aef    0x72  Code  Gb  stm32f4xx_hal_uart.o [1]
HAL_UART_Transmit       0x08002a0f    0xe0  Code  Gb  stm32f4xx_hal_uart.o [1]
LoadInt                 0x0800033b    0x7a  Code  Lc  xprintffull_nomb.o [3]
MMC_DMARxAbort          0x08004ec1    0x52  Code  Lc  stm32f4xx_hal_mmc.o [1]
MMC_DMATxAbort          0x08004e6d    0x52  Code  Lc  stm32f4xx_hal_mmc.o [1]
MMC_Read_IT             0x08004f4b    0x58  Code  Lc  stm32f4xx_hal_mmc.o [1]
MMC_SendStatus          0x08004f19    0x32  Code  Lc  stm32f4xx_hal_mmc.o [1]
MMC_Write_IT            0x08004fa3    0x58  Code  Lc  stm32f4xx_hal_mmc.o [1]
NVIC_EncodePriority     0x080034e3    0x42  Code  Lc  stm32f4xx_hal_cortex.o [1]
RTC_Alarm_IRQHandler    0x08005b5b    0x18  Code  Gb  drv_rtc.o [1]
RTC_ByteToBcd2          0x08004c61    0x18  Code  Gb  stm32f4xx_hal_rtc.o [1]
RTC_EnterInitMode       0x08004c27    0x3a  Code  Gb  stm32f4xx_hal_rtc.o [1]
RTC_WKUP_IRQHandler     0x08005b43    0x18  Code  Gb  drv_rtc.o [1]
Region$$Table$$Base     0x08005de4           --   Gb  - Linker created -
Region$$Table$$Limit    0x08005e08           --   Gb  - Linker created -
RxData                  0x200073b8     0x8  Data  Lc  drv_can.o [1]
RxHeader                0x20007384    0x1c  Data  Gb  drv_can.o [1]
SDIO_GetCommandResponse
                        0x08005039     0x6  Code  Gb  stm32f4xx_ll_sdmmc.o [1]
SDIO_GetResponse        0x0800503f     0xc  Code  Gb  stm32f4xx_ll_sdmmc.o [1]
SDIO_IRQHandler         0x08005e6d     0xa  Code  Gb  drv_emmc.o [1]
SDIO_ReadFIFO           0x08004ffd     0x6  Code  Gb  stm32f4xx_ll_sdmmc.o [1]
SDIO_SendCommand        0x0800500f    0x2a  Code  Gb  stm32f4xx_ll_sdmmc.o [1]
SDIO_WriteFIFO          0x08005003     0xc  Code  Gb  stm32f4xx_ll_sdmmc.o [1]
SDMMC_CmdSendStatus     0x0800507f    0x34  Code  Gb  stm32f4xx_ll_sdmmc.o [1]
SDMMC_CmdStopTransfer   0x0800504b    0x34  Code  Gb  stm32f4xx_ll_sdmmc.o [1]
SDMMC_GetCmdResp1       0x080050b3   0x13a  Code  Lc  stm32f4xx_ll_sdmmc.o [1]
SysTick_Config          0x08003525    0x30  Code  Lc  stm32f4xx_hal_cortex.o [1]
SysTick_Handler         0x080031e5     0x8  Code  Gb  drv_ticks.o [1]
SystemCoreClock         0x20000044     0x4  Data  Gb  system_stm32f4xx.o [1]
SystemInit              0x08005e09    0x16  Code  Gb  system_stm32f4xx.o [1]
UART4_IRQHandler        0x080028bb     0xe  Code  Gb  drv_uart.o [1]
UART5_IRQHandler        0x080028c9     0xe  Code  Gb  drv_uart.o [1]
UART_DMAAbortOnError    0x08002d41    0x16  Code  Lc  stm32f4xx_hal_uart.o [1]
UART_EndRxTransfer      0x08002d1f    0x20  Code  Lc  stm32f4xx_hal_uart.o [1]
UART_EndTransmit_IT     0x08002dc7    0x20  Code  Lc  stm32f4xx_hal_uart.o [1]
UART_Receive_IT         0x08002de7    0xae  Code  Lc  stm32f4xx_hal_uart.o [1]
UART_SetConfig          0x08002e95   0x322  Code  Lc  stm32f4xx_hal_uart.o [1]
UART_Transmit_IT        0x08002d59    0x6e  Code  Lc  stm32f4xx_hal_uart.o [1]
UART_WaitOnFlagUntilTimeout
                        0x08002cb1    0x6e  Code  Lc  stm32f4xx_hal_uart.o [1]
USART1_IRQHandler       0x08002891     0xe  Code  Gb  drv_uart.o [1]
USART2_IRQHandler       0x0800289f     0xe  Code  Gb  drv_uart.o [1]
USART3_IRQHandler       0x080028ad     0xe  Code  Gb  drv_uart.o [1]
USART6_IRQHandler       0x080028e1     0xe  Code  Gb  drv_uart.o [1]
_GenldFullNoMb          0x08000ca9   0x274  Code  Lc  xprintffull_nomb.o [3]
_LdtobFullNoMb          0x0800087d   0x3fe  Code  Lc  xprintffull_nomb.o [3]
_LitobFullNoMb          0x08000725   0x112  Code  Lc  xprintffull_nomb.o [3]
_PrintfFullNoMb         0x08000189   0x1a4  Code  Gb  xprintffull_nomb.o [3]
_PutcharsFullNoMb       0x08000f1d    0x2e  Code  Lc  xprintffull_nomb.o [3]
_PutfldFullNoMb         0x080003b5   0x264  Code  Lc  xprintffull_nomb.o [3]
_PuttxtFullNoMb         0x08000619   0x10c  Code  Lc  xprintffull_nomb.o [3]
_SNProut                0x08000fab    0x1a  Code  Gb  xsnprout.o [3]
__NVIC_EnableIRQ        0x08003497    0x20  Code  Lc  stm32f4xx_hal_cortex.o [1]
__NVIC_GetPriorityGrouping
                        0x0800348b     0xc  Code  Lc  stm32f4xx_hal_cortex.o [1]
__NVIC_SetPriority      0x080034b7    0x2c  Code  Lc  stm32f4xx_hal_cortex.o [1]
__NVIC_SetPriorityGrouping
                        0x08003469    0x22  Code  Lc  stm32f4xx_hal_cortex.o [1]
__aeabi_cdcmple         0x08001599          Code  Gb  DblCmpLe.o [4]
__aeabi_cdrcmple        0x080015c9          Code  Gb  DblCmpGe.o [4]
__aeabi_d2iz            0x08001735          Code  Gb  DblToS32.o [4]
__aeabi_d2uiz           0x08001ac1          Code  Gb  DblToU32.o [4]
__aeabi_ddiv            0x08001879          Code  Gb  DblDiv.o [4]
__aeabi_dmul            0x080012dd          Code  Gb  DblMul.o [4]
__aeabi_dsub            0x08001795          Code  Gb  DblSub.o [4]
__aeabi_i2d             0x08001771          Code  Gb  S32ToDbl.o [4]
__aeabi_ldiv0           0x08001b09          Code  Gb  I64DivZer.o [5]
__aeabi_memclr4         0x080031ed          Code  Gb  ABImemclr4.o [5]
__aeabi_memcpy          0x08001481          Code  Gb  ABImemcpy.o [5]
__aeabi_memcpy4         0x080014a1          Code  Gb  ABImemcpy.o [5]
__aeabi_memcpy8         0x080014a1          Code  Gb  ABImemcpy.o [5]
__aeabi_ui2d            0x08001ae9          Code  Gb  U32ToDbl.o [4]
__aeabi_uldivmod        0x080010ad          Code  Gb  I64DivMod.o [5]
__cmain                 0x08005e29          Code  Gb  cmain.o [5]
__exit                  0x08001c75    0x14  Code  Gb  exit.o [6]
__iar_Fail_s            0x08000fdd    0x1c  Code  Gb  xfail_s.o [3]
__iar_Memchr            0x08001055          Code  Gb  memchr.o [5]
__iar_Memset4_word      0x08003885          Code  Gb  ABImemset48.o [5]
__iar_Memset8_word      0x08003885          Code  Gb  ABImemset48.o [5]
__iar_Strchr            0x08000fc5          Code  Gb  strchr.o [5]
__iar_copy_init3        0x08005d49    0x2c  Code  Gb  copy_init3.o [5]
__iar_dadd              0x080017a5          Code  Gb  DblSub.o [4]
__iar_data_init3        0x08005d75    0x28  Code  Gb  data_init.o [5]
__iar_dsub              0x08001b0d          Code  Gb  DblAdd.o [4]
__iar_dsubStart         0x08001b1f          Code  Gb  DblAdd.o [4]
__iar_frexp             0x08001535          Code  Gb  frexp.o [4]
__iar_frexpl            0x08001535          Code  Gb  frexp.o [4]
__iar_init_vfp          0x08005dc1          Code  Gb  fpinit_M.o [4]
__iar_ldexp64           0x080015f9          Code  Gb  ldexp.o [4]
__iar_program_start     0x08005e8d          Code  Gb  cstartup_M.o [5]
__iar_scalbln64         0x080015f9          Code  Gb  ldexp.o [4]
__iar_scalbn64          0x080015f9          Code  Gb  ldexp.o [4]
__iar_softfp___iar_frexp64
                        0x08001529          Code  Gb  frexp.o [4]
__iar_softfp_frexp      0x08001529          Code  Gb  frexp.o [4]
__iar_softfp_frexpl     0x08001529          Code  Gb  frexp.o [4]
__iar_systems$$module {Abs}
                        0x00000001          Data  Gb  command line/config [2]
__iar_zero_init3        0x08005d09    0x40  Code  Gb  zero_init3.o [5]
__low_level_init        0x08005e47     0x4  Code  Gb  low_level_init.o [3]
__vector_table          0x08000000          Data  Gb  startup_stm32f407xx.o [1]
_call_main              0x08005e35          Code  Gb  cmain.o [5]
_exit                   0x08005e51          Code  Gb  cexit.o [5]
_main                   0x08005e43          Code  Gb  cmain.o [5]
abort                   0x08001b03     0x6  Code  Gb  abort.o [3]
can_one_msg_rx_buf      0x2000684c   0x320  Data  Lc  drv_can.o [1]
can_one_msg_rx_num      0x200073c8     0x4  Data  Lc  drv_can.o [1]
can_two_msg_rx_buf      0x20006b6c   0x320  Data  Lc  drv_can.o [1]
can_two_msg_rx_num      0x200073cc     0x4  Data  Lc  drv_can.o [1]
clear_com               0x08001c89    0xa0  Code  Gb  drv_uart.o [1]
com1_new_data           0x20007414     0x1  Data  Lc  drv_uart.o [1]
com1_recv_buf           0x2000544c   0x400  Data  Lc  drv_uart.o [1]
com1_recv_size          0x200073d8     0x4  Data  Lc  drv_uart.o [1]
com1_send_buf           0x2000584c   0x400  Data  Lc  drv_uart.o [1]
com2_new_data           0x20007415     0x1  Data  Lc  drv_uart.o [1]
com2_recv_buf           0x20006e8c   0x100  Data  Lc  drv_uart.o [1]
com2_recv_size          0x200073dc     0x4  Data  Lc  drv_uart.o [1]
com3_new_data           0x20007416     0x1  Data  Lc  drv_uart.o [1]
com3_recv_buf           0x20005c4c   0x400  Data  Lc  drv_uart.o [1]
com3_recv_size          0x200073e0     0x4  Data  Lc  drv_uart.o [1]
com4_new_data           0x20007417     0x1  Data  Lc  drv_uart.o [1]
com4_recv_buf           0x2000604c   0x400  Data  Lc  drv_uart.o [1]
com4_recv_size          0x200073e4     0x4  Data  Lc  drv_uart.o [1]
com5_new_data           0x20007418     0x1  Data  Lc  drv_uart.o [1]
com5_recv_buf           0x20006f8c   0x100  Data  Lc  drv_uart.o [1]
com5_recv_size          0x200073e8     0x4  Data  Lc  drv_uart.o [1]
com6_new_data           0x20007419     0x1  Data  Lc  drv_uart.o [1]
com6_recv_buf           0x2000644c   0x400  Data  Lc  drv_uart.o [1]
com6_recv_size          0x200073ec     0x4  Data  Lc  drv_uart.o [1]
com_recv_buf            0x2000204c  0x1400  Data  Gb  main.o [1]
datasize_in_com         0x08001de7    0x52  Code  Gb  drv_uart.o [1]
exit                    0x08005e4b     0x4  Code  Gb  exit.o [3]
front_can_one_rx_buf    0x20000000     0x4  Data  Lc  drv_can.o [1]
front_can_two_rx_buf    0x20000008     0x4  Data  Lc  drv_can.o [1]
front_com1_recv_buf     0x20000010     0x4  Data  Lc  drv_uart.o [1]
front_com2_recv_buf     0x20000018     0x4  Data  Lc  drv_uart.o [1]
front_com3_recv_buf     0x20000020     0x4  Data  Lc  drv_uart.o [1]
front_com4_recv_buf     0x20000028     0x4  Data  Lc  drv_uart.o [1]
front_com5_recv_buf     0x20000030     0x4  Data  Lc  drv_uart.o [1]
front_com6_recv_buf     0x20000038     0x4  Data  Lc  drv_uart.o [1]
hcan1                   0x20007314    0x28  Data  Gb  drv_can.o [1]
hcan2                   0x2000733c    0x28  Data  Gb  drv_can.o [1]
hiwdg                   0x200073a0     0xc  Data  Lc  board.o [1]
hmmc                    0x20007154    0x80  Data  Gb  drv_emmc.o [1]
hrtc                    0x20007364    0x20  Data  Gb  drv_rtc.o [1]
huart1                  0x200071d4    0x40  Data  Lc  drv_uart.o [1]
huart2                  0x20007214    0x40  Data  Lc  drv_uart.o [1]
huart3                  0x20007254    0x40  Data  Lc  drv_uart.o [1]
huart4                  0x20007294    0x40  Data  Lc  drv_uart.o [1]
huart6                  0x200072d4    0x40  Data  Lc  drv_uart.o [1]
init_mbrtu_lib          0x08005809    0x58  Code  Gb  mbrtu.o [1]
ldexp                   0x080015f9          Code  Gb  ldexp.o [4]
ldexpl                  0x080015f9          Code  Gb  ldexp.o [4]
main                    0x08005695    0x3e  Code  Gb  main.o [1]
memchr                  0x08001055          Code  Gb  memchr.o [5]
mw_ai                   0x2000708c    0xc8  Data  Gb  main.o [1]
mw_ai                   0x200073fc     0x4  Data  Lc  mbrtu.o [1]
mw_ao                   0x2000004c  0x2000  Data  Gb  main.o [1]
mw_ao                   0x200073f8     0x4  Data  Lc  mbrtu.o [1]
mw_di                   0x2000444c  0x1000  Data  Gb  main.o [1]
mw_di                   0x200073f4     0x4  Data  Lc  mbrtu.o [1]
mw_do                   0x2000344c  0x1000  Data  Gb  main.o [1]
mw_do                   0x200073f0     0x4  Data  Lc  mbrtu.o [1]
new_data_in_com         0x08001d29    0xbe  Code  Gb  drv_uart.o [1]
num_ai                  0x20007412     0x2  Data  Lc  mbrtu.o [1]
num_ao                  0x20007410     0x2  Data  Lc  mbrtu.o [1]
num_di                  0x2000740e     0x2  Data  Lc  mbrtu.o [1]
num_do                  0x2000740c     0x2  Data  Lc  mbrtu.o [1]
process_led             0x0800555d    0x74  Code  Gb  main.o [1]
process_led::step1      0x2000741a     0x1  Data  Lc  main.o [1]
process_led::sw1        0x20007408     0x2  Data  Lc  main.o [1]
process_lte             0x080055d1    0xc4  Code  Gb  main.o [1]
process_lte::step       0x2000741b     0x1  Data  Lc  main.o [1]
process_lte::sw         0x2000740a     0x2  Data  Lc  main.o [1]
read_com_buf            0x08001e39   0x260  Code  Gb  drv_uart.o [1]
read_com_pkt            0x08002115    0xe0  Code  Gb  drv_uart.o [1]
read_com_pkt::step      0x200073c0     0x8  Data  Lc  drv_uart.o [1]
read_com_pkt::stopwatch
                        0x200073ac     0xc  Data  Lc  drv_uart.o [1]
rear_can_one_rx_buf     0x20000004     0x4  Data  Lc  drv_can.o [1]
rear_can_two_rx_buf     0x2000000c     0x4  Data  Lc  drv_can.o [1]
rear_com1_recv_buf      0x20000014     0x4  Data  Lc  drv_uart.o [1]
rear_com2_recv_buf      0x2000001c     0x4  Data  Lc  drv_uart.o [1]
rear_com3_recv_buf      0x20000024     0x4  Data  Lc  drv_uart.o [1]
rear_com4_recv_buf      0x2000002c     0x4  Data  Lc  drv_uart.o [1]
rear_com5_recv_buf      0x20000034     0x4  Data  Lc  drv_uart.o [1]
rear_com6_recv_buf      0x2000003c     0x4  Data  Lc  drv_uart.o [1]
rt_bt_mode_not_at       0x08005339    0x10  Code  Gb  drv_gpio.o [1]
rt_can_stb1_on          0x0800530d     0xe  Code  Gb  drv_gpio.o [1]
rt_can_stb2_on          0x0800531b     0xe  Code  Gb  drv_gpio.o [1]
rt_feed_iwdg            0x080056fd     0xa  Code  Gb  board.o [1]
rt_gnss_back_low        0x080052fd    0x10  Code  Gb  drv_gpio.o [1]
rt_gnss_power_off       0x080052ed    0x10  Code  Gb  drv_gpio.o [1]
rt_gpio_set_mode        0x08005201    0x2e  Code  Gb  drv_gpio.o [1]
rt_hw_gpio_init         0x08005349   0x1fe  Code  Gb  drv_gpio.o [1]
rt_hw_init_can_one      0x080041d9   0x108  Code  Gb  drv_can.o [1]
rt_hw_init_can_two      0x080042e1    0xfc  Code  Gb  drv_can.o [1]
rt_hw_init_hse          0x08005707    0xb8  Code  Gb  board.o [1]
rt_hw_init_nvic         0x080057cd     0xa  Code  Gb  board.o [1]
rt_hw_init_rtc          0x08005a65    0xde  Code  Gb  drv_rtc.o [1]
rt_hw_init_uart1        0x08002605    0xa0  Code  Gb  drv_uart.o [1]
rt_hw_init_uart3        0x080026b5    0x98  Code  Gb  drv_uart.o [1]
rt_hw_init_uart4        0x0800274d    0x96  Code  Gb  drv_uart.o [1]
rt_hw_init_uart6        0x080027f5    0x96  Code  Gb  drv_uart.o [1]
rt_init_board           0x080057d7    0x30  Code  Gb  board.o [1]
rt_irq_alarm_hook       0x200073d4     0x4  Data  Lc  drv_rtc.o [1]
rt_irq_wkup_hook        0x200073d0     0x4  Data  Lc  drv_rtc.o [1]
rt_led_blue_off         0x0800523f    0x10  Code  Gb  drv_gpio.o [1]
rt_led_green_off        0x0800525f    0x10  Code  Gb  drv_gpio.o [1]
rt_led_green_on         0x0800524f    0x10  Code  Gb  drv_gpio.o [1]
rt_led_red_off          0x0800526f    0x10  Code  Gb  drv_gpio.o [1]
rt_led_yellow_off       0x0800522f    0x10  Code  Gb  drv_gpio.o [1]
rt_lte_power_off        0x080052a3    0x10  Code  Gb  drv_gpio.o [1]
rt_lte_power_on         0x08005291    0x12  Code  Gb  drv_gpio.o [1]
rt_lte_reset_low        0x080052cf     0xe  Code  Gb  drv_gpio.o [1]
rt_lte_switch_high      0x080052c1     0xe  Code  Gb  drv_gpio.o [1]
rt_lte_switch_low       0x080052b3     0xe  Code  Gb  drv_gpio.o [1]
rt_power_bt_off         0x08005329    0x10  Code  Gb  drv_gpio.o [1]
rt_power_flash_off      0x080052dd    0x10  Code  Gb  drv_gpio.o [1]
rt_power_rs232_on       0x0800527f    0x12  Code  Gb  drv_gpio.o [1]
rt_printf               0x080028f5    0x34  Code  Gb  drv_uart.o [1]
rt_write_can_one_rx_buf
                        0x08003fa9   0x118  Code  Gb  drv_can.o [1]
rt_write_can_two_rx_buf
                        0x080040c1   0x118  Code  Gb  drv_can.o [1]
scalbln                 0x080015f9          Code  Gb  ldexp.o [4]
scalblnl                0x080015f9          Code  Gb  ldexp.o [4]
scalbn                  0x080015f9          Code  Gb  ldexp.o [4]
scalbnl                 0x080015f9          Code  Gb  ldexp.o [4]
scale                   0x08000837    0x46  Code  Lc  xprintffull_nomb.o [3]
sec_hand                0x20007404     0x4  Data  Lc  xfail_s.o [3]
stopwatch16_init        0x080031c7     0xc  Code  Gb  drv_ticks.o [1]
stopwatch16_read_value  0x080031d3    0x12  Code  Gb  drv_ticks.o [1]
strchr                  0x08000fc5          Code  Gb  strchr.o [5]
strlen                  0x0800101d          Code  Gb  strlen.o [5]
to_com_buf              0x08002099    0x7c  Code  Gb  drv_uart.o [1]
unit_id                 0x2000741c     0x1  Data  Lc  mbrtu.o [1]
uwTick                  0x20007400     0x4  Data  Gb  stm32f4xx_hal.o [1]
uwTickFreq              0x20000048     0x1  Data  Gb  stm32f4xx_hal.o [1]
uwTickPrio              0x20000040     0x4  Data  Gb  stm32f4xx_hal.o [1]
vsnprintf               0x080035c5    0x3c  Code  Gb  vsnprint.o [3]
write_com1_recv_buf     0x080021f5    0xe2  Code  Gb  drv_uart.o [1]
write_com2_recv_buf     0x080022d7    0xc0  Code  Gb  drv_uart.o [1]
write_com3_recv_buf     0x08002397    0xba  Code  Gb  drv_uart.o [1]
write_com4_recv_buf     0x08002451    0xb4  Code  Gb  drv_uart.o [1]
write_com6_recv_buf     0x08002519    0xb6  Code  Gb  drv_uart.o [1]


[1] = D:\work-temp\STM32F407-App-Hal-IAR\debug\Obj
[2] = command line
[3] = dl7M_tln.a
[4] = m7M_tls.a
[5] = rt7M_tl.a
[6] = shb_l.a

  24 432 bytes of readonly  code memory
     176 bytes of readonly  data memory
  37 914 bytes of readwrite data memory

Errors: none
Warnings: none
