Component: ARM Compiler 5.06 update 6 (build 750) Tool: armlink [4d35ed]

==============================================================================

Section Cross References

    main.o(i.main) refers to board.o(i.fr_init_board) for fr_init_board
    main.o(i.main) refers to tasks.o(i.xTaskCreate) for xTaskCreate
    main.o(i.main) refers to tasks.o(i.vTaskStartScheduler) for vTaskStartScheduler
    main.o(i.main) refers to main.o(i.task_start) for task_start
    main.o(i.mon_rx_handle) refers to tasks.o(i.xTaskGetTickCount) for xTaskGetTickCount
    main.o(i.mon_rx_handle) refers to main.o(.data) for mon_ticks
    main.o(i.mon_ticks_handle) refers to tasks.o(i.xTaskGetTickCount) for xTaskGetTickCount
    main.o(i.mon_ticks_handle) refers to queue.o(i.xQueueGiveFromISR) for xQueueGiveFromISR
    main.o(i.mon_ticks_handle) refers to main.o(.data) for mon_ticks
    main.o(i.task_build_data) refers to tasks.o(i.vTaskDelay) for vTaskDelay
    main.o(i.task_build_data) refers to can.o(i.read_can_actual_rotate) for read_can_actual_rotate
    main.o(i.task_build_data) refers to rtc.o(i.read_timestamp) for read_timestamp
    main.o(i.task_build_data) refers to config.o(i.read_config_travel_upload_cycle) for read_config_travel_upload_cycle
    main.o(i.task_build_data) refers to ddp.o(i.build_complete_packet) for build_complete_packet
    main.o(i.task_build_data) refers to fifo.o(i.WriteSendQueue) for WriteSendQueue
    main.o(i.task_build_data) refers to ddp.o(i.build_position_packet) for build_position_packet
    main.o(i.task_build_data) refers to config.o(i.read_config_work_upload_cycle) for read_config_work_upload_cycle
    main.o(i.task_config) refers to queue.o(i.xQueueGenericReceive) for xQueueGenericReceive
    main.o(i.task_config) refers to fr_drv_uart.o(i.read_uart_pkt) for read_uart_pkt
    main.o(i.task_config) refers to strstr.o(.text) for strstr
    main.o(i.task_config) refers to config.o(i.save_config_info) for save_config_info
    main.o(i.task_config) refers to tasks.o(i.vTaskDelete) for vTaskDelete
    main.o(i.task_config) refers to pro_data.o(i.look_for_str) for look_for_str
    main.o(i.task_config) refers to config.o(i.analysis_config_info) for analysis_config_info
    main.o(i.task_config) refers to tasks.o(i.vTaskDelay) for vTaskDelay
    main.o(i.task_config) refers to board.o(i.fr_reset_sys) for fr_reset_sys
    main.o(i.task_config) refers to rt_memclr_w.o(.text) for __aeabi_memclr4
    main.o(i.task_config) refers to config.o(i.build_config_info) for build_config_info
    main.o(i.task_config) refers to console.o(i.fr_send_console) for fr_send_console
    main.o(i.task_config) refers to main.o(.data) for mon_semaphore
    main.o(i.task_start) refers to fifo.o(i.init_fifo_sema) for init_fifo_sema
    main.o(i.task_start) refers to console.o(i.fr_printf) for fr_printf
    main.o(i.task_start) refers to port.o(i.vPortEnterCritical) for vPortEnterCritical
    main.o(i.task_start) refers to stm32f10x_gpio.o(i.GPIO_SetBits) for GPIO_SetBits
    main.o(i.task_start) refers to config.o(i.read_config_info) for read_config_info
    main.o(i.task_start) refers to tasks.o(i.xTaskCreate) for xTaskCreate
    main.o(i.task_start) refers to port.o(i.vPortExitCritical) for vPortExitCritical
    main.o(i.task_start) refers to queue.o(i.xQueueGenericCreate) for xQueueGenericCreate
    main.o(i.task_start) refers to fr_drv_uart.o(i.fr_set_uart2_rx_hook) for fr_set_uart2_rx_hook
    main.o(i.task_start) refers to fr_drv_timer.o(i.fr_timer3_sethook) for fr_timer3_sethook
    main.o(i.task_start) refers to tasks.o(i.vTaskDelay) for vTaskDelay
    main.o(i.task_start) refers to config.o(i.read_config_state) for read_config_state
    main.o(i.task_start) refers to board.o(i.fr_init_wdt) for fr_init_wdt
    main.o(i.task_start) refers to board.o(i.fr_reset_iwdg) for fr_reset_iwdg
    main.o(i.task_start) refers to queue.o(i.xQueueGenericReceive) for xQueueGenericReceive
    main.o(i.task_start) refers to fr_drv_uart.o(i.read_uart_pkt) for read_uart_pkt
    main.o(i.task_start) refers to strstr.o(.text) for strstr
    main.o(i.task_start) refers to board.o(i.fr_reset_sys) for fr_reset_sys
    main.o(i.task_start) refers to tasks.o(i.vTaskDelete) for vTaskDelete
    main.o(i.task_start) refers to stm32f10x_gpio.o(i.GPIO_ResetBits) for GPIO_ResetBits
    main.o(i.task_start) refers to tasks.o(i.uxTaskGetStackHighWaterMark) for uxTaskGetStackHighWaterMark
    main.o(i.task_start) refers to mon.o(i.read_acc_state) for read_acc_state
    main.o(i.task_start) refers to config.o(i.read_config_info_run_time) for read_config_info_run_time
    main.o(i.task_start) refers to mon.o(i.read_batter_vol) for read_batter_vol
    main.o(i.task_start) refers to rtc.o(i.read_timestamp) for read_timestamp
    main.o(i.task_start) refers to gnss.o(i.close_gnss_modle) for close_gnss_modle
    main.o(i.task_start) refers to gsm.o(i.gsm_modle_close) for gsm_modle_close
[...]
    pvTaskIncrementMutexHeldCount            0x0800a5f1   Thumb Code    26  tasks.o(i.pvTaskIncrementMutexHeldCount)
    pxPortInitialiseStack                    0x0800a611   Thumb Code    30  port.o(i.pxPortInitialiseStack)
    read_acc_state                           0x0800a635   Thumb Code     6  mon.o(i.read_acc_state)
    read_ant_state                           0x0800a641   Thumb Code     6  mon.o(i.read_ant_state)
    read_batter_vol                          0x0800a64d   Thumb Code     8  mon.o(i.read_batter_vol)
    read_bd_sate_num                         0x0800a659   Thumb Code     8  gnss.o(i.read_bd_sate_num)
    read_can_actual_rotate                   0x0800a665   Thumb Code     8  can.o(i.read_can_actual_rotate)
    read_can_connect_state                   0x0800a671   Thumb Code     6  can.o(i.read_can_connect_state)
    read_can_info                            0x0800a67d   Thumb Code    22  can.o(i.read_can_info)
    read_car_type                            0x0800a699   Thumb Code     8  config.o(i.read_car_type)
    read_com_buf                             0x0800a6a5   Thumb Code   312  fr_drv_uart.o(i.read_com_buf)
    read_config_apn                          0x0800a80d   Thumb Code    26  config.o(i.read_config_apn)
    read_config_dev_id                       0x0800a82d   Thumb Code    20  config.o(i.read_config_dev_id)
    read_config_dev_secret                   0x0800a845   Thumb Code    20  config.o(i.read_config_dev_secret)
    read_config_info                         0x0800a85d   Thumb Code   218  config.o(i.read_config_info)
    read_config_info_hard_ware               0x0800a971   Thumb Code     8  config.o(i.read_config_info_hard_ware)
    read_config_info_run_time                0x0800a97d   Thumb Code    10  config.o(i.read_config_info_run_time)
    read_config_state                        0x0800a98d   Thumb Code     6  config.o(i.read_config_state)
    read_config_travel_upload_cycle          0x0800a999   Thumb Code     6  config.o(i.read_config_travel_upload_cycle)
    read_config_work_upload_cycle            0x0800a9a5   Thumb Code     6  config.o(i.read_config_work_upload_cycle)
    read_fir_ver                             0x0800a9b1   Thumb Code     4  version.o(i.read_fir_ver)
    read_gateway_addr1                       0x0800a9b5   Thumb Code    28  config.o(i.read_gateway_addr1)
    read_gateway_port1                       0x0800a9d5   Thumb Code     8  config.o(i.read_gateway_port1)
    read_gnss_altitude                       0x0800a9e1   Thumb Code     6  gnss.o(i.read_gnss_altitude)
    read_gnss_hdop                           0x0800a9ed   Thumb Code    32  gnss.o(i.read_gnss_hdop)
    read_gnss_heading                        0x0800aa15   Thumb Code     6  gnss.o(i.read_gnss_heading)
    read_gnss_latitude                       0x0800aa21   Thumb Code     8  gnss.o(i.read_gnss_latitude)
    read_gnss_longitude                      0x0800aa2d   Thumb Code     6  gnss.o(i.read_gnss_longitude)
    read_gnss_speed                          0x0800aa39   Thumb Code    32  gnss.o(i.read_gnss_speed)
    read_gnss_state                          0x0800aa61   Thumb Code     8  gnss.o(i.read_gnss_state)
    read_gnss_utc_time                       0x0800aa6d   Thumb Code    14  gnss.o(i.read_gnss_utc_time)
    read_gps_sate_num                        0x0800aa81   Thumb Code     8  gnss.o(i.read_gps_sate_num)
    read_gsm_signal                          0x0800aa8d   Thumb Code     8  gsm.o(i.read_gsm_signal)
    read_icc_id                              0x0800aa99   Thumb Code    32  gsm.o(i.read_icc_id)
    read_lock_expect_state                   0x0800aabd   Thumb Code    16  can.o(i.read_lock_expect_state)
    read_lock_state                          0x0800aad1   Thumb Code    30  can.o(i.read_lock_state)
    read_mon_expect_state                    0x0800aaf5   Thumb Code    16  can.o(i.read_mon_expect_state)
    read_net_state                           0x0800ab09   Thumb Code     8  gsm.o(i.read_net_state)
    read_power_vol                           0x0800ab15   Thumb Code     8  mon.o(i.read_power_vol)
    read_satellite_num                       0x0800ab21   Thumb Code     8  gnss.o(i.read_satellite_num)
    read_shell_state                         0x0800ab2d   Thumb Code     6  mon.o(i.read_shell_state)
    read_terminal_id                         0x0800ab39   Thumb Code    28  config.o(i.read_terminal_id)
    read_time                                0x0800ab59   Thumb Code    38  rtc.o(i.read_time)
    read_timestamp                           0x0800ab85   Thumb Code     6  rtc.o(i.read_timestamp)
    read_uart_pkt                            0x0800ab91   Thumb Code    50  fr_drv_uart.o(i.read_uart_pkt)
    respond_ecu_hand                         0x0800abc5   Thumb Code   146  can.o(i.respond_ecu_hand)
    save_config_info                         0x0800ac5d   Thumb Code    24  config.o(i.save_config_info)
    save_lock_state                          0x0800ac79   Thumb Code    20  can.o(i.save_lock_state)
    send_heart_request                       0x0800ad41   Thumb Code   164  can.o(i.send_heart_request)
    task_build_data                          0x0800aea5   Thumb Code   276  main.o(i.task_build_data)
    task_can_lock                            0x0800afb9   Thumb Code   238  can.o(i.task_can_lock)
    task_can_rx                              0x0800b0b1   Thumb Code    38  can.o(i.task_can_rx)
    task_config                              0x0800b0e1   Thumb Code   160  main.o(i.task_config)
    task_gnss                                0x0800b1b5   Thumb Code   304  gnss.o(i.task_gnss)
    task_gsm                                 0x0800b365   Thumb Code   714  gsm.o(i.task_gsm)
    task_in                                  0x0800b79d   Thumb Code    20  mon.o(i.task_in)
    task_rtc                                 0x0800b7b1   Thumb Code   154  rtc.o(i.task_rtc)
    task_start                               0x0800b88d   Thumb Code   778  main.o(i.task_start)
    task_up_load                             0x0800bccd   Thumb Code    92  main.o(i.task_up_load)
    timestamp_to_calendar                    0x0800bd45   Thumb Code   330  rtc.o(i.timestamp_to_calendar)
    uxListRemove                             0x0800be99   Thumb Code    40  list.o(i.uxListRemove)
    uxTaskGetStackHighWaterMark              0x0800bec1   Thumb Code    34  tasks.o(i.uxTaskGetStackHighWaterMark)
    vApplicationIdleHook                     0x0800bee9   Thumb Code     2  main.o(i.vApplicationIdleHook)
    vListInitialise                          0x0800beeb   Thumb Code    26  list.o(i.vListInitialise)
    vListInitialiseItem                      0x0800bf05   Thumb Code     6  list.o(i.vListInitialiseItem)
    vListInsert                              0x0800bf0b   Thumb Code    52  list.o(i.vListInsert)
    vListInsertEnd                           0x0800bf3f   Thumb Code    24  list.o(i.vListInsertEnd)
    vPortEnterCritical                       0x0800bf59   Thumb Code    30  port.o(i.vPortEnterCritical)
    vPortExitCritical                        0x0800bf7d   Thumb Code    28  port.o(i.vPortExitCritical)
    vPortFree                                0x0800bf9d   Thumb Code    64  heap_4.o(i.vPortFree)
    vPortSetupTimerInterrupt                 0x0800bfe5   Thumb Code    14  port.o(i.vPortSetupTimerInterrupt)
    vQueueWaitForMessageRestricted           0x0800bff9   Thumb Code    74  queue.o(i.vQueueWaitForMessageRestricted)
    vTaskDelay                               0x0800c045   Thumb Code    46  tasks.o(i.vTaskDelay)
    vTaskDelete                              0x0800c079   Thumb Code   166  tasks.o(i.vTaskDelete)
    vTaskMissedYield                         0x0800c145   Thumb Code     8  tasks.o(i.vTaskMissedYield)
    vTaskPlaceOnEventList                    0x0800c151   Thumb Code    28  tasks.o(i.vTaskPlaceOnEventList)
    vTaskPlaceOnEventListRestricted          0x0800c171   Thumb Code    36  tasks.o(i.vTaskPlaceOnEventListRestricted)
    vTaskPriorityInherit                     0x0800c199   Thumb Code   164  tasks.o(i.vTaskPriorityInherit)
    vTaskSetTimeOutState                     0x0800c249   Thumb Code    14  tasks.o(i.vTaskSetTimeOutState)
    vTaskStartScheduler                      0x0800c261   Thumb Code    82  tasks.o(i.vTaskStartScheduler)
    vTaskSuspendAll                          0x0800c2d1   Thumb Code    12  tasks.o(i.vTaskSuspendAll)
    vTaskSwitchContext                       0x0800c2e1   Thumb Code    76  tasks.o(i.vTaskSwitchContext)
    write_com1_recv_buf                      0x0800c341   Thumb Code   150  fr_drv_uart.o(i.write_com1_recv_buf)
    write_com2_recv_buf                      0x0800c3ed   Thumb Code   150  fr_drv_uart.o(i.write_com2_recv_buf)
    write_com4_recv_buf                      0x0800c499   Thumb Code   150  fr_drv_uart.o(i.write_com4_recv_buf)
    xPortStartScheduler                      0x0800c545   Thumb Code    42  port.o(i.xPortStartScheduler)
    xQueueCreateMutex                        0x0800c579   Thumb Code    34  queue.o(i.xQueueCreateMutex)
    xQueueGenericCreate                      0x0800c59b   Thumb Code    56  queue.o(i.xQueueGenericCreate)
    xQueueGenericReceive                     0x0800c5d5   Thumb Code   342  queue.o(i.xQueueGenericReceive)
    xQueueGenericReset                       0x0800c731   Thumb Code   122  queue.o(i.xQueueGenericReset)
    xQueueGenericSend                        0x0800c7b1   Thumb Code   276  queue.o(i.xQueueGenericSend)
    xQueueGenericSendFromISR                 0x0800c8c9   Thumb Code   134  queue.o(i.xQueueGenericSendFromISR)
    xQueueGiveFromISR                        0x0800c94f   Thumb Code   120  queue.o(i.xQueueGiveFromISR)
    xTaskCheckForTimeOut                     0x0800c9c9   Thumb Code    84  tasks.o(i.xTaskCheckForTimeOut)
    xTaskCreate                              0x0800ca25   Thumb Code    96  tasks.o(i.xTaskCreate)
    xTaskGetSchedulerState                   0x0800ca85   Thumb Code    24  tasks.o(i.xTaskGetSchedulerState)
    xTaskGetTickCount                        0x0800caa5   Thumb Code     6  tasks.o(i.xTaskGetTickCount)
    xTaskIncrementTick                       0x0800cab1   Thumb Code   238  tasks.o(i.xTaskIncrementTick)
    xTaskPriorityDisinherit                  0x0800cbcd   Thumb Code   122  tasks.o(i.xTaskPriorityDisinherit)
    xTaskRemoveFromEventList                 0x0800cc51   Thumb Code   104  tasks.o(i.xTaskRemoveFromEventList)
    xTaskResumeAll                           0x0800ccd1   Thumb Code   196  tasks.o(i.xTaskResumeAll)
    xTimerCreate                             0x0800cdb9   Thumb Code    48  timers.o(i.xTimerCreate)
    xTimerCreateTimerTask                    0x0800cde9   Thumb Code    40  timers.o(i.xTimerCreateTimerTask)
    xTimerGenericCommand                     0x0800ce25   Thumb Code   102  timers.o(i.xTimerGenericCommand)
    _get_lc_numeric                          0x0800ce91   Thumb Code    44  lc_numeric_c.o(locale$$code)
    _get_lc_ctype                            0x0800cebd   Thumb Code    44  lc_ctype_c.o(locale$$code)
    __aeabi_d2f                              0x0800cee9   Thumb Code     0  d2f.o(x$fpl$d2f)
    _d2f                                     0x0800cee9   Thumb Code    98  d2f.o(x$fpl$d2f)
    __aeabi_dadd                             0x0800cf4d   Thumb Code     0  daddsub_clz.o(x$fpl$dadd)
    _dadd                                    0x0800cf4d   Thumb Code   332  daddsub_clz.o(x$fpl$dadd)
    __aeabi_ddiv                             0x0800d09d   Thumb Code     0  ddiv.o(x$fpl$ddiv)
    _ddiv                                    0x0800d09d   Thumb Code   552  ddiv.o(x$fpl$ddiv)
    __aeabi_d2uiz                            0x0800d34d   Thumb Code     0  dfixu.o(x$fpl$dfixu)
    _dfixu                                   0x0800d34d   Thumb Code    90  dfixu.o(x$fpl$dfixu)
    __aeabi_i2d                              0x0800d3a7   Thumb Code     0  dflt_clz.o(x$fpl$dflt)
    _dflt                                    0x0800d3a7   Thumb Code    46  dflt_clz.o(x$fpl$dflt)
    __aeabi_ui2d                             0x0800d3d5   Thumb Code     0  dflt_clz.o(x$fpl$dfltu)
    _dfltu                                   0x0800d3d5   Thumb Code    38  dflt_clz.o(x$fpl$dfltu)
    __aeabi_dmul                             0x0800d3fd   Thumb Code     0  dmul.o(x$fpl$dmul)
    _dmul                                    0x0800d3fd   Thumb Code   332  dmul.o(x$fpl$dmul)
    __fpl_dnaninf                            0x0800d551   Thumb Code   156  dnaninf.o(x$fpl$dnaninf)
    __fpl_dretinf                            0x0800d5ed   Thumb Code    12  dretinf.o(x$fpl$dretinf)
    __aeabi_drsub                            0x0800d5f9   Thumb Code     0  daddsub_clz.o(x$fpl$drsb)
    _drsb                                    0x0800d5f9   Thumb Code    22  daddsub_clz.o(x$fpl$drsb)
    __aeabi_dsub                             0x0800d611   Thumb Code     0  daddsub_clz.o(x$fpl$dsub)
    _dsub                                    0x0800d611   Thumb Code   464  daddsub_clz.o(x$fpl$dsub)
    __aeabi_f2uiz                            0x0800d7e5   Thumb Code     0  ffixu.o(x$fpl$ffixu)
    _ffixu                                   0x0800d7e5   Thumb Code    62  ffixu.o(x$fpl$ffixu)
    __fpl_fnaninf                            0x0800d823   Thumb Code   140  fnaninf.o(x$fpl$fnaninf)
    __fpl_fretinf                            0x0800d8af   Thumb Code    10  fretinf.o(x$fpl$fretinf)
    _printf_fp_dec                           0x0800d8b9   Thumb Code     4  printf1.o(x$fpl$printf1)
    _printf_fp_hex                           0x0800d8bd   Thumb Code     4  printf2.o(x$fpl$printf2)
    __I$use$fp                               0x0800d8c0   Number         0  usenofp.o(x$fpl$usenofp)
    Region$$Table$$Base                      0x0800d9c0   Number         0  anon$$obj.o(Region$$Table)
    Region$$Table$$Limit                     0x0800d9e0   Number         0  anon$$obj.o(Region$$Table)
    __ctype                                  0x0800da09   Data           0  lc_ctype_c.o(locale$$data)
    task_handler_gnss                        0x20000004   Data           4  main.o(.data)
    task_handler_gsm                         0x20000008   Data           4  main.o(.data)
    task_handler_rtc                         0x2000000c   Data           4  main.o(.data)
    task_handler_in                          0x20000010   Data           4  main.o(.data)
    task_handler_config                      0x20000014   Data           4  main.o(.data)
    task_handler_can_lock                    0x20000018   Data           4  main.o(.data)
    task_handler_can_rx                      0x2000001c   Data           4  main.o(.data)
    task_handler_up_load                     0x20000020   Data           4  main.o(.data)
    task_handler_build_data                  0x20000024   Data           4  main.o(.data)
    a                                        0x20000030   Data           4  md5.o(.data)
    b                                        0x20000034   Data           4  md5.o(.data)
    c                                        0x20000038   Data           4  md5.o(.data)
    d                                        0x2000003c   Data           4  md5.o(.data)
    set_time_queue                           0x20000070   Data           4  rtc.o(.data)
    lock_current                             0x20000094   Data           5  can.o(.data)
    lock_expect                              0x20000099   Data           3  can.o(.data)
    lock_cmd_queue                           0x200000a0   Data           4  can.o(.data)
    sema_upload_queue                        0x200000b0   Data           4  fifo.o(.data)
    sema_upload_cmd                          0x200000b4   Data           4  fifo.o(.data)
    pxCurrentTCB                             0x200000bc   Data           4  tasks.o(.data)
    xSemaConsole                             0x2000010c   Data           4  console.o(.data)
    can1_tx_sema                             0x20000144   Data           4  fr_drv_can.o(.data)
    xSemaphoreE2prom                         0x20000148   Data           4  fr_drv_mem.o(.data)
    x                                        0x200001a0   Data          64  md5.o(.bss)
    state                                    0x200001e0   Data          16  md5.o(.bss)
    gnss_info                                0x200005d8   Data          72  gnss.o(.bss)
    run_data                                 0x200016d9   Data          24  mon.o(.bss)
    can_rx_msg                               0x20001738   Data         360  can.o(.bss)
    __libspace_start                         0x200084d4   Data          96  libspace.o(.bss)
    __temporary_stack_top$libspace           0x20008534   Data           0  libspace.o(.bss)



==============================================================================

Memory Map of the image

  Image Entry point : 0x08000131

  Load Region LR_IROM1 (Base: 0x08000000, Size: 0x0000dcac, Max: 0x00032000, ABSOLUTE, COMPRESSED[0x0000db4c])

    Execution Region ER_IROM1 (Exec base: 0x08000000, Load base: 0x08000000, Size: 0x0000db0c, Max: 0x00032000, ABSOLUTE)

    Exec Addr    Load Addr    Size         Type   Attr      Idx    E Section Name        Object

    0x08000000   0x08000000   0x00000130   Data   RO         5212    RESET               startup_stm32f10x_hd.o
    0x08000130   0x08000130   0x00000008   Code   RO         6072  * !!!main             c_w.l(__main.o)
    0x08000138   0x08000138   0x00000034   Code   RO         6491    !!!scatter          c_w.l(__scatter.o)
    0x0800016c   0x0800016c   0x0000005a   Code   RO         6489    !!dczerorl2         c_w.l(__dczerorl2.o)
    0x080001c6   0x080001c6   0x00000002   PAD
    0x080001c8   0x080001c8   0x0000001c   Code   RO         6493    !!handler_zi        c_w.l(__scatter_zi.o)
    0x080001e4   0x080001e4   0x00000000   Code   RO         6049    .ARM.Collect$$_printf_percent$$00000000  c_w.l(_printf_percent.o)
    0x080001e4   0x080001e4   0x00000006   Code   RO         6176    .ARM.Collect$$_printf_percent$$00000001  c_w.l(_printf_n.o)
    0x080001ea   0x080001ea   0x00000006   Code   RO         6178    .ARM.Collect$$_printf_percent$$00000002  c_w.l(_printf_p.o)
    0x080001f0   0x080001f0   0x00000006   Code   RO         6182    .ARM.Collect$$_printf_percent$$00000003  c_w.l(_printf_f.o)
    0x080001f6   0x080001f6   0x00000006   Code   RO         6183    .ARM.Collect$$_printf_percent$$00000004  c_w.l(_printf_e.o)
    0x080001fc   0x080001fc   0x00000006   Code   RO         6184    .ARM.Collect$$_printf_percent$$00000005  c_w.l(_printf_g.o)
    0x08000202   0x08000202   0x00000006   Code   RO         6185    .ARM.Collect$$_printf_percent$$00000006  c_w.l(_printf_a.o)
    0x08000208   0x08000208   0x0000000a   Code   RO         6190    .ARM.Collect$$_printf_percent$$00000007  c_w.l(_printf_ll.o)
    0x08000212   0x08000212   0x00000006   Code   RO         6180    .ARM.Collect$$_printf_percent$$00000008  c_w.l(_printf_i.o)
    0x08000218   0x08000218   0x00000006   Code   RO         6048    .ARM.Collect$$_printf_percent$$00000009  c_w.l(_printf_d.o)
    0x0800021e   0x0800021e   0x00000006   Code   RO         6181    .ARM.Collect$$_printf_percent$$0000000A  c_w.l(_printf_u.o)
    0x08000224   0x08000224   0x00000006   Code   RO         6179    .ARM.Collect$$_printf_percent$$0000000B  c_w.l(_printf_o.o)
    0x0800022a   0x0800022a   0x00000006   Code   RO         6177    .ARM.Collect$$_printf_percent$$0000000C  c_w.l(_printf_x.o)
    0x08000230   0x08000230   0x00000006   Code   RO         6187    .ARM.Collect$$_printf_percent$$0000000D  c_w.l(_printf_lli.o)
    0x08000236   0x08000236   0x00000006   Code   RO         6188    .ARM.Collect$$_printf_percent$$0000000E  c_w.l(_printf_lld.o)
    0x0800023c   0x0800023c   0x00000006   Code   RO         6189    .ARM.Collect$$_printf_percent$$0000000F  c_w.l(_printf_llu.o)
    0x08000242   0x08000242   0x00000006   Code   RO         6194    .ARM.Collect$$_printf_percent$$00000010  c_w.l(_printf_llo.o)
    0x08000248   0x08000248   0x00000006   Code   RO         6195    .ARM.Collect$$_printf_percent$$00000011  c_w.l(_printf_llx.o)
    0x0800024e   0x0800024e   0x0000000a   Code   RO         6191    .ARM.Collect$$_printf_percent$$00000012  c_w.l(_printf_l.o)
    0x08000258   0x08000258   0x00000006   Code   RO         6175    .ARM.Collect$$_printf_percent$$00000013  c_w.l(_printf_c.o)
    0x0800025e   0x0800025e   0x00000006   Code   RO         6047    .ARM.Collect$$_printf_percent$$00000014  c_w.l(_printf_s.o)
    0x08000264   0x08000264   0x00000006   Code   RO         6192    .ARM.Collect$$_printf_percent$$00000015  c_w.l(_printf_lc.o)
    0x0800026a   0x0800026a   0x00000006   Code   RO         6193    .ARM.Collect$$_printf_percent$$00000016  c_w.l(_printf_ls.o)
    0x08000270   0x08000270   0x00000004   Code   RO         6186    .ARM.Collect$$_printf_percent$$00000017  c_w.l(_printf_percent_end.o)
    0x08000274   0x08000274   0x00000002   Code   RO         6349    .ARM.Collect$$libinit$$00000000  c_w.l(libinit.o)
    0x08000276   0x08000276   0x00000000   Code   RO         6362    .ARM.Collect$$libinit$$00000002  c_w.l(libinit2.o)
    0x08000276   0x08000276   0x00000000   Code   RO         6364    .ARM.Collect$$libinit$$00000004  c_w.l(libinit2.o)
    0x08000276   0x08000276   0x00000000   Code   RO         6367    .ARM.Collect$$libinit$$0000000A  c_w.l(libinit2.o)
    0x08000276   0x08000276   0x00000000   Code   RO         6369    .ARM.Collect$$libinit$$0000000C  c_w.l(libinit2.o)
    0x08000276   0x08000276   0x00000000   Code   RO         6371    .ARM.Collect$$libinit$$0000000E  c_w.l(libinit2.o)
    0x08000276   0x08000276   0x00000006   Code   RO         6372    .ARM.Collect$$libinit$$0000000F  c_w.l(libinit2.o)
    0x0800027c   0x0800027c   0x00000000   Code   RO         6374    .ARM.Collect$$libinit$$00000011  c_w.l(libinit2.o)
    0x0800027c   0x0800027c   0x0000000c   Code   RO         6375    .ARM.Collect$$libinit$$00000012  c_w.l(libinit2.o)
    0x08000288   0x08000288   0x00000000   Code   RO         6376    .ARM.Collect$$libinit$$00000013  c_w.l(libinit2.o)
    0x08000288   0x08000288   0x00000000   Code   RO         6378    .ARM.Collect$$libinit$$00000015  c_w.l(libinit2.o)
    0x08000288   0x08000288   0x0000000a   Code   RO         6379    .ARM.Collect$$libinit$$00000016  c_w.l(libinit2.o)
    0x08000292   0x08000292   0x00000000   Code   RO         6380    .ARM.Collect$$libinit$$00000017  c_w.l(libinit2.o)
    0x08000292   0x08000292   0x00000000   Code   RO         6382    .ARM.Collect$$libinit$$00000019  c_w.l(libinit2.o)
    0x08000292   0x08000292   0x00000000   Code   RO         6384    .ARM.Collect$$libinit$$0000001B  c_w.l(libinit2.o)
    0x08000292   0x08000292   0x00000000   Code   RO         6386    .ARM.Collect$$libinit$$0000001D  c_w.l(libinit2.o)
    0x08000292   0x08000292   0x00000000   Code   RO         6388    .ARM.Collect$$libinit$$0000001F  c_w.l(libinit2.o)
    0x08000292   0x08000292   0x00000000   Code   RO         6390    .ARM.Collect$$libinit$$00000021  c_w.l(libinit2.o)
    0x08000292   0x08000292   0x00000000   Code   RO         6392    .ARM.Collect$$libinit$$00000023  c_w.l(libinit2.o)
    0x08000292   0x08000292   0x00000000   Code   RO         6394    .ARM.Collect$$libinit$$00000025  c_w.l(libinit2.o)
    0x08000292   0x08000292   0x00000000   Code   RO         6398    .ARM.Collect$$libinit$$0000002C  c_w.l(libinit2.o)
    0x08000292   0x08000292   0x00000000   Code   RO         6400    .ARM.Collect$$libinit$$0000002E  c_w.l(libinit2.o)
    0x08000292   0x08000292   0x00000000   Code   RO         6402    .ARM.Collect$$libinit$$00000030  c_w.l(libinit2.o)
    0x08000292   0x08000292   0x00000000   Code   RO         6404    .ARM.Collect$$libinit$$00000032  c_w.l(libinit2.o)
    0x08000292   0x08000292   0x00000002   Code   RO         6405    .ARM.Collect$$libinit$$00000033  c_w.l(libinit2.o)
    0x08000294   0x08000294   0x00000002   Code   RO         6429    .ARM.Collect$$libshutdown$$00000000  c_w.l(libshutdown.o)
    0x08000296   0x08000296   0x00000000   Code   RO         6442    .ARM.Collect$$libshutdown$$00000002  c_w.l(libshutdown2.o)
    0x08000296   0x08000296   0x00000000   Code   RO         6444    .ARM.Collect$$libshutdown$$00000004  c_w.l(libshutdown2.o)
    0x08000296   0x08000296   0x00000000   Code   RO         6447    .ARM.Collect$$libshutdown$$00000007  c_w.l(libshutdown2.o)
    0x08000296   0x08000296   0x00000000   Code   RO         6450    .ARM.Collect$$libshutdown$$0000000A  c_w.l(libshutdown2.o)
    0x08000296   0x08000296   0x00000000   Code   RO         6452    .ARM.Collect$$libshutdown$$0000000C  c_w.l(libshutdown2.o)
    0x08000296   0x08000296   0x00000000   Code   RO         6455    .ARM.Collect$$libshutdown$$0000000F  c_w.l(libshutdown2.o)
    0x08000296   0x08000296   0x00000002   Code   RO         6456    .ARM.Collect$$libshutdown$$00000010  c_w.l(libshutdown2.o)
    0x08000298   0x08000298   0x00000000   Code   RO         6126    .ARM.Collect$$rtentry$$00000000  c_w.l(__rtentry.o)
    0x08000298   0x08000298   0x00000000   Code   RO         6252    .ARM.Collect$$rtentry$$00000002  c_w.l(__rtentry2.o)
    0x08000298   0x08000298   0x00000006   Code   RO         6264    .ARM.Collect$$rtentry$$00000004  c_w.l(__rtentry4.o)
    0x0800029e   0x0800029e   0x00000000   Code   RO         6254    .ARM.Collect$$rtentry$$00000009  c_w.l(__rtentry2.o)
    0x0800029e   0x0800029e   0x00000004   Code   RO         6255    .ARM.Collect$$rtentry$$0000000A  c_w.l(__rtentry2.o)
    0x080002a2   0x080002a2   0x00000000   Code   RO         6257    .ARM.Collect$$rtentry$$0000000C  c_w.l(__rtentry2.o)
    0x080002a2   0x080002a2   0x00000008   Code   RO         6258    .ARM.Collect$$rtentry$$0000000D  c_w.l(__rtentry2.o)
    0x080002aa   0x080002aa   0x00000002   Code   RO         6354    .ARM.Collect$$rtexit$$00000000  c_w.l(rtexit.o)
    0x080002ac   0x080002ac   0x00000000   Code   RO         6409    .ARM.Collect$$rtexit$$00000002  c_w.l(rtexit2.o)
    0x080002ac   0x080002ac   0x00000004   Code   RO         6410    .ARM.Collect$$rtexit$$00000003  c_w.l(rtexit2.o)
    0x080002b0   0x080002b0   0x00000006   Code   RO         6411    .ARM.Collect$$rtexit$$00000004  c_w.l(rtexit2.o)
    0x080002b6   0x080002b6   0x00000002   PAD
    0x080002b8   0x080002b8   0x00000096   Code   RO         1407    .emb_text           port.o
    0x0800034e   0x0800034e   0x00000002   PAD
    0x08000350   0x08000350   0x00000040   Code   RO         5213    .text               startup_stm32f10x_hd.o
    0x08000390   0x08000390   0x00000034   Code   RO         6013    .text               c_w.l(vsnprintf.o)
    0x080003c4   0x080003c4   0x0000002c   Code   RO         6015    .text               c_w.l(__2sprintf.o)
    0x080003f0   0x080003f0   0x0000004e   Code   RO         6021    .text               c_w.l(_printf_pad.o)
    0x0800043e   0x0800043e   0x00000052   Code   RO         6023    .text               c_w.l(_printf_str.o)
    0x08000490   0x08000490   0x00000078   Code   RO         6025    .text               c_w.l(_printf_dec.o)
    0x08000508   0x08000508   0x00000188   Code   RO         6044    .text               c_w.l(__printf_flags_ss_wp.o)
    0x08000690   0x08000690   0x0000003c   Code   RO         6050    .text               c_w.l(__0sscanf.o)
    0x080006cc   0x080006cc   0x0000014c   Code   RO         6052    .text               c_w.l(_scanf_int.o)
    0x08000818   0x08000818   0x000000e0   Code   RO         6054    .text               c_w.l(_scanf_str.o)
    0x080008f8   0x080008f8   0x00000024   Code   RO         6056    .text               c_w.l(strstr.o)
    0x0800091c   0x0800091c   0x0000003e   Code   RO         6058    .text               c_w.l(strlen.o)
    0x0800095a   0x0800095a   0x0000008a   Code   RO         6060    .text               c_w.l(rt_memcpy_v6.o)
    0x080009e4   0x080009e4   0x00000064   Code   RO         6062    .text               c_w.l(rt_memcpy_w.o)
    0x08000a48   0x08000a48   0x00000010   Code   RO         6064    .text               c_w.l(aeabi_memset.o)
    0x08000a58   0x08000a58   0x00000044   Code   RO         6066    .text               c_w.l(rt_memclr.o)
    0x08000a9c   0x08000a9c   0x0000004e   Code   RO         6068    .text               c_w.l(rt_memclr_w.o)
    0x08000aea   0x08000aea   0x00000006   Code   RO         6070    .text               c_w.l(heapauxi.o)
    0x08000af0   0x08000af0   0x00000024   Code   RO         6129    .text               c_w.l(_printf_truncate.o)
    0x08000b14   0x08000b14   0x000000b2   Code   RO         6131    .text               c_w.l(_printf_intcommon.o)
    0x08000bc6   0x08000bc6   0x00000028   Code   RO         6133    .text               c_w.l(_printf_charcount.o)
    0x08000bee   0x08000bee   0x00000002   PAD
    0x08000bf0   0x08000bf0   0x00000030   Code   RO         6135    .text               c_w.l(_printf_char_common.o)
    0x08000c20   0x08000c20   0x0000000a   Code   RO         6137    .text               c_w.l(_sputc.o)
    0x08000c2a   0x08000c2a   0x00000010   Code   RO         6139    .text               c_w.l(_snputc.o)
    0x08000c3a   0x08000c3a   0x0000002c   Code   RO         6141    .text               c_w.l(_printf_char.o)
    0x08000c66   0x08000c66   0x00000002   PAD
    0x08000c68   0x08000c68   0x000000bc   Code   RO         6143    .text               c_w.l(_printf_wctomb.o)
    0x08000d24   0x08000d24   0x0000007c   Code   RO         6146    .text               c_w.l(_printf_longlong_dec.o)
    0x08000da0   0x08000da0   0x00000070   Code   RO         6152    .text               c_w.l(_printf_oct_int_ll.o)
    0x08000e10   0x08000e10   0x00000094   Code   RO         6172    .text               c_w.l(_printf_hex_int_ll_ptr.o)
    0x08000ea4   0x08000ea4   0x0000001c   Code   RO         6196    .text               c_w.l(_chval.o)
    0x08000ec0   0x08000ec0   0x0000002c   Code   RO         6198    .text               c_w.l(scanf_char.o)
    0x08000eec   0x08000eec   0x00000040   Code   RO         6200    .text               c_w.l(_sgetc.o)
    0x08000f2c   0x08000f2c   0x0000008a   Code   RO         6271    .text               c_w.l(lludiv10.o)
    0x08000fb6   0x08000fb6   0x00000012   Code   RO         6273    .text               c_w.l(isspace.o)
    0x08000fc8   0x08000fc8   0x0000041e   Code   RO         6275    .text               c_w.l(_printf_fp_dec.o)
    0x080013e6   0x080013e6   0x00000002   PAD
    0x080013e8   0x080013e8   0x000002fc   Code   RO         6277    .text               c_w.l(_printf_fp_hex.o)
    0x080016e4   0x080016e4   0x0000002c   Code   RO         6282    .text               c_w.l(_printf_wchar.o)
    0x08001710   0x08001710   0x00000374   Code   RO         6284    .text               c_w.l(_scanf.o)
    0x08001a84   0x08001a84   0x00000040   Code   RO         6286    .text               c_w.l(_wcrtomb.o)
    0x08001ac4   0x08001ac4   0x00000008   Code   RO         6300    .text               c_w.l(libspace.o)
    0x08001acc   0x08001acc   0x0000004a   Code   RO         6303    .text               c_w.l(sys_stackheap_outer.o)
    0x08001b16   0x08001b16   0x00000002   PAD
    0x08001b18   0x08001b18   0x00000010   Code   RO         6305    .text               c_w.l(rt_ctype_table.o)
    0x08001b28   0x08001b28   0x00000008   Code   RO         6310    .text               c_w.l(rt_locale_intlibspace.o)
    0x08001b30   0x08001b30   0x00000080   Code   RO         6312    .text               c_w.l(_printf_fp_infnan.o)
    0x08001bb0   0x08001bb0   0x000000e4   Code   RO         6314    .text               c_w.l(bigflt0.o)
    0x08001c94   0x08001c94   0x00000012   Code   RO         6342    .text               c_w.l(exit.o)
    0x08001ca6   0x08001ca6   0x00000002   PAD
    0x08001ca8   0x08001ca8   0x00000080   Code   RO         6359    .text               c_w.l(strcmpv7m.o)
    0x08001d28   0x08001d28   0x0000000c   Code   RO         6421    .text               c_w.l(sys_exit.o)
    0x08001d34   0x08001d34   0x00000002   Code   RO         6432    .text               c_w.l(use_no_semi.o)
    0x08001d36   0x08001d36   0x00000000   Code   RO         6434    .text               c_w.l(indicate_semi.o)
    0x08001d36   0x08001d36   0x0000003e   Code   RO         6317    CL$$btod_d2e        c_w.l(btod.o)
    0x08001d74   0x08001d74   0x00000046   Code   RO         6319    CL$$btod_d2e_denorm_low  c_w.l(btod.o)
    0x08001dba   0x08001dba   0x00000060   Code   RO         6318    CL$$btod_d2e_norm_op1  c_w.l(btod.o)
    0x08001e1a   0x08001e1a   0x00000338   Code   RO         6327    CL$$btod_div_common  c_w.l(btod.o)
    0x08002152   0x08002152   0x000000dc   Code   RO         6324    CL$$btod_e2e        c_w.l(btod.o)
    0x0800222e   0x0800222e   0x0000002a   Code   RO         6321    CL$$btod_ediv       c_w.l(btod.o)
    0x08002258   0x08002258   0x0000002a   Code   RO         6320    CL$$btod_emul       c_w.l(btod.o)
    0x08002282   0x08002282   0x00000244   Code   RO         6326    CL$$btod_mult_common  c_w.l(btod.o)
    0x080024c6   0x080024c6   0x00000016   Code   RO         2241    i.ADC_Cmd           stm32f10x_adc.o
    0x080024dc   0x080024dc   0x00000016   Code   RO         2242    i.ADC_DMACmd        stm32f10x_adc.o
    0x080024f2   0x080024f2   0x00000002   PAD
    0x080024f4   0x080024f4   0x0000005c   Code   RO         2243    i.ADC_DeInit        stm32f10x_adc.o
    0x08002550   0x08002550   0x00000014   Code   RO         2249    i.ADC_GetCalibrationStatus  stm32f10x_adc.o
    0x08002564   0x08002564   0x00000014   Code   RO         2255    i.ADC_GetResetCalibrationStatus  stm32f10x_adc.o
    0x08002578   0x08002578   0x00000050   Code   RO         2259    i.ADC_Init          stm32f10x_adc.o
    0x080025c8   0x080025c8   0x000000b8   Code   RO         2263    i.ADC_RegularChannelConfig  stm32f10x_adc.o
    0x08002680   0x08002680   0x0000000a   Code   RO         2264    i.ADC_ResetCalibration  stm32f10x_adc.o
    0x0800268a   0x0800268a   0x00000016   Code   RO         2266    i.ADC_SoftwareStartConvCmd  stm32f10x_adc.o
    0x080026a0   0x080026a0   0x0000000a   Code   RO         2268    i.ADC_StartCalibration  stm32f10x_adc.o
    0x080026aa   0x080026aa   0x00000002   PAD
    0x080026ac   0x080026ac   0x00000024   Code   RO         2270    i.ADC_TempSensorVrefintCmd  stm32f10x_adc.o
    0x080026d0   0x080026d0   0x00000066   Code   RO          620    i.AsciiToHex        pro_data.o
    0x08002736   0x08002736   0x00000010   Code   RO         2459    i.BKP_DeInit        stm32f10x_bkp.o
    0x08002746   0x08002746   0x00000002   PAD
    0x08002748   0x08002748   0x0000001c   Code   RO         2464    i.BKP_ReadBackupRegister  stm32f10x_bkp.o
    0x08002764   0x08002764   0x0000001c   Code   RO         2468    i.BKP_WriteBackupRegister  stm32f10x_bkp.o
    0x08002780   0x08002780   0x0000001a   Code   RO          621    i.BccVerify         pro_data.o
    0x0800279a   0x0800279a   0x00000002   PAD
    0x0800279c   0x0800279c   0x00000060   Code   RO          244    i.ByteToWord        md5.o
    0x080027fc   0x080027fc   0x000000a8   Code   RO         2537    i.CAN_ClearITPendingBit  stm32f10x_can.o
    0x080028a4   0x080028a4   0x00000038   Code   RO         2539    i.CAN_DeInit        stm32f10x_can.o
    0x080028dc   0x080028dc   0x00000108   Code   RO         2541    i.CAN_FilterInit    stm32f10x_can.o
    0x080029e4   0x080029e4   0x00000012   Code   RO         2547    i.CAN_ITConfig      stm32f10x_can.o
    0x080029f6   0x080029f6   0x00000114   Code   RO         2548    i.CAN_Init          stm32f10x_can.o
    0x08002b0a   0x08002b0a   0x000000f0   Code   RO         2551    i.CAN_Receive       stm32f10x_can.o
    0x08002bfa   0x08002bfa   0x00000126   Code   RO         2556    i.CAN_Transmit      stm32f10x_can.o
    0x08002d20   0x08002d20   0x00000042   Code   RO          622    i.CalcCrc8          pro_data.o
    0x08002d62   0x08002d62   0x00000002   PAD
    0x08002d64   0x08002d64   0x00000030   Code   RO         1186    i.ClearCmdData      fifo.o
    0x08002d94   0x08002d94   0x00000044   Code   RO         1187    i.ClearSendQueue    fifo.o
    0x08002dd8   0x08002dd8   0x00000018   Code   RO         2926    i.DMA_Cmd           stm32f10x_dma.o
    0x08002df0   0x08002df0   0x0000014c   Code   RO         2927    i.DMA_DeInit        stm32f10x_dma.o
    0x08002f3c   0x08002f3c   0x0000003c   Code   RO         2932    i.DMA_Init          stm32f10x_dma.o
    0x08002f78   0x08002f78   0x00000010   Code   RO         5822    i.EXTI0_IRQHandler  fr_drv_gpio.o
    0x08002f88   0x08002f88   0x0000000c   Code   RO         2996    i.EXTI_ClearFlag    stm32f10x_exti.o
    0x08002f94   0x08002f94   0x0000000c   Code   RO         2997    i.EXTI_ClearITPendingBit  stm32f10x_exti.o
    0x08002fa0   0x08002fa0   0x00000024   Code   RO         2998    i.EXTI_DeInit       stm32f10x_exti.o
    0x08002fc4   0x08002fc4   0x00000094   Code   RO         3002    i.EXTI_Init         stm32f10x_exti.o
    0x08003058   0x08003058   0x0000001c   Code   RO         3067    i.FLASH_PrefetchBufferCmd  stm32f10x_flash.o
    0x08003074   0x08003074   0x00000018   Code   RO         3072    i.FLASH_SetLatency  stm32f10x_flash.o
    0x0800308c   0x0800308c   0x00000116   Code   RO         3350    i.GPIO_Init         stm32f10x_gpio.o
    0x080031a2   0x080031a2   0x00000002   PAD
    0x080031a4   0x080031a4   0x00000090   Code   RO         3352    i.GPIO_PinRemapConfig  stm32f10x_gpio.o
    0x08003234   0x08003234   0x00000012   Code   RO         3354    i.GPIO_ReadInputDataBit  stm32f10x_gpio.o
    0x08003246   0x08003246   0x00000004   Code   RO         3357    i.GPIO_ResetBits    stm32f10x_gpio.o
    0x0800324a   0x0800324a   0x00000004   Code   RO         3358    i.GPIO_SetBits      stm32f10x_gpio.o
    0x0800324e   0x0800324e   0x00000002   PAD
    0x08003250   0x08003250   0x00000010   Code   RO         3662    i.IWDG_Enable       stm32f10x_iwdg.o
    0x08003260   0x08003260   0x00000010   Code   RO         3664    i.IWDG_ReloadCounter  stm32f10x_iwdg.o
    0x08003270   0x08003270   0x0000000c   Code   RO         3665    i.IWDG_SetPrescaler  stm32f10x_iwdg.o
    0x0800327c   0x0800327c   0x0000000c   Code   RO         3666    i.IWDG_SetReload    stm32f10x_iwdg.o
    0x08003288   0x08003288   0x0000000c   Code   RO         3667    i.IWDG_WriteAccessCmd  stm32f10x_iwdg.o
    0x08003294   0x08003294   0x00000070   Code   RO         2199    i.NVIC_Init         misc.o
    0x08003304   0x08003304   0x00000014   Code   RO         2200    i.NVIC_PriorityGroupConfig  misc.o
    0x08003318   0x08003318   0x0000000c   Code   RO         3704    i.PWR_BackupAccessCmd  stm32f10x_pwr.o
    0x08003324   0x08003324   0x00000014   Code   RO         3705    i.PWR_ClearFlag     stm32f10x_pwr.o
    0x08003338   0x08003338   0x00000040   Code   RO         3708    i.PWR_EnterSTOPMode  stm32f10x_pwr.o
    0x08003378   0x08003378   0x00000018   Code   RO         3709    i.PWR_GetFlagStatus  stm32f10x_pwr.o
    0x08003390   0x08003390   0x0000000c   Code   RO         3710    i.PWR_PVDCmd        stm32f10x_pwr.o
    0x0800339c   0x0800339c   0x00000018   Code   RO         3711    i.PWR_PVDLevelConfig  stm32f10x_pwr.o
    0x080033b4   0x080033b4   0x00000018   Code   RO         3764    i.RCC_ADCCLKConfig  stm32f10x_rcc.o
    0x080033cc   0x080033cc   0x00000020   Code   RO         3765    i.RCC_AHBPeriphClockCmd  stm32f10x_rcc.o
    0x080033ec   0x080033ec   0x00000020   Code   RO         3766    i.RCC_APB1PeriphClockCmd  stm32f10x_rcc.o
    0x0800340c   0x0800340c   0x00000020   Code   RO         3767    i.RCC_APB1PeriphResetCmd  stm32f10x_rcc.o
    0x0800342c   0x0800342c   0x00000020   Code   RO         3768    i.RCC_APB2PeriphClockCmd  stm32f10x_rcc.o
    0x0800344c   0x0800344c   0x00000020   Code   RO         3769    i.RCC_APB2PeriphResetCmd  stm32f10x_rcc.o
    0x0800346c   0x0800346c   0x0000000c   Code   RO         3771    i.RCC_BackupResetCmd  stm32f10x_rcc.o
    0x08003478   0x08003478   0x00000014   Code   RO         3772    i.RCC_ClearFlag     stm32f10x_rcc.o
    0x0800348c   0x0800348c   0x0000004c   Code   RO         3775    i.RCC_DeInit        stm32f10x_rcc.o
    0x080034d8   0x080034d8   0x000000d4   Code   RO         3776    i.RCC_GetClocksFreq  stm32f10x_rcc.o
    0x080035ac   0x080035ac   0x0000003c   Code   RO         3777    i.RCC_GetFlagStatus  stm32f10x_rcc.o
    0x080035e8   0x080035e8   0x00000010   Code   RO         3779    i.RCC_GetSYSCLKSource  stm32f10x_rcc.o
    0x080035f8   0x080035f8   0x00000018   Code   RO         3780    i.RCC_HCLKConfig    stm32f10x_rcc.o
    0x08003610   0x08003610   0x0000004c   Code   RO         3781    i.RCC_HSEConfig     stm32f10x_rcc.o
    0x0800365c   0x0800365c   0x0000000c   Code   RO         3782    i.RCC_HSICmd        stm32f10x_rcc.o
    0x08003668   0x08003668   0x00000034   Code   RO         3784    i.RCC_LSEConfig     stm32f10x_rcc.o
    0x0800369c   0x0800369c   0x0000000c   Code   RO         3785    i.RCC_LSICmd        stm32f10x_rcc.o
    0x080036a8   0x080036a8   0x00000018   Code   RO         3787    i.RCC_PCLK1Config   stm32f10x_rcc.o
    0x080036c0   0x080036c0   0x00000018   Code   RO         3788    i.RCC_PCLK2Config   stm32f10x_rcc.o
    0x080036d8   0x080036d8   0x0000000c   Code   RO         3789    i.RCC_PLLCmd        stm32f10x_rcc.o
    0x080036e4   0x080036e4   0x0000001c   Code   RO         3790    i.RCC_PLLConfig     stm32f10x_rcc.o
    0x08003700   0x08003700   0x0000000c   Code   RO         3791    i.RCC_RTCCLKCmd     stm32f10x_rcc.o
    0x0800370c   0x0800370c   0x00000010   Code   RO         3792    i.RCC_RTCCLKConfig  stm32f10x_rcc.o
    0x0800371c   0x0800371c   0x00000018   Code   RO         3793    i.RCC_SYSCLKConfig  stm32f10x_rcc.o
    0x08003734   0x08003734   0x00000030   Code   RO         5344    i.RTCAlarm_IRQHandler  fr_drv_rtc.o
    0x08003764   0x08003764   0x00000010   Code   RO         3965    i.RTC_ClearITPendingBit  stm32f10x_rtc.o
    0x08003774   0x08003774   0x00000014   Code   RO         3966    i.RTC_EnterConfigMode  stm32f10x_rtc.o
    0x08003788   0x08003788   0x00000014   Code   RO         3967    i.RTC_ExitConfigMode  stm32f10x_rtc.o
    0x0800379c   0x0800379c   0x00000014   Code   RO         3968    i.RTC_GetCounter    stm32f10x_rtc.o
    0x080037b0   0x080037b0   0x00000024   Code   RO         3971    i.RTC_GetITStatus   stm32f10x_rtc.o
    0x080037d4   0x080037d4   0x00000024   Code   RO         5345    i.RTC_IRQHandler    fr_drv_rtc.o
    0x080037f8   0x080037f8   0x00000020   Code   RO         3972    i.RTC_ITConfig      stm32f10x_rtc.o
    0x08003818   0x08003818   0x0000001c   Code   RO         3973    i.RTC_SetAlarm      stm32f10x_rtc.o
    0x08003834   0x08003834   0x0000001c   Code   RO         3974    i.RTC_SetCounter    stm32f10x_rtc.o
    0x08003850   0x08003850   0x00000020   Code   RO         3975    i.RTC_SetPrescaler  stm32f10x_rtc.o
    0x08003870   0x08003870   0x00000014   Code   RO         3976    i.RTC_WaitForLastTask  stm32f10x_rtc.o
    0x08003884   0x08003884   0x00000024   Code   RO         3977    i.RTC_WaitForSynchro  stm32f10x_rtc.o
    0x080038a8   0x080038a8   0x0000005c   Code   RO         1190    i.ReadCmdDataBuf    fifo.o
    0x08003904   0x08003904   0x00000180   Code   RO         1191    i.ReadSendQueue     fifo.o
    0x08003a84   0x08003a84   0x00000008   Code   RO         5176    i.SetSysClock       system_stm32f10x.o
    0x08003a8c   0x08003a8c   0x000000e0   Code   RO         5177    i.SetSysClockTo72   system_stm32f10x.o
    0x08003b6c   0x08003b6c   0x00000022   Code   RO          634    i.StrCompare        pro_data.o
    0x08003b8e   0x08003b8e   0x00000002   PAD
    0x08003b90   0x08003b90   0x00000034   Code   RO         1408    i.SysTick_Handler   port.o
    0x08003bc4   0x08003bc4   0x00000060   Code   RO         5179    i.SystemInit        system_stm32f10x.o
    0x08003c24   0x08003c24   0x0000004c   Code   RO         5655    i.TIM3_IRQHandler   fr_drv_timer.o
    0x08003c70   0x08003c70   0x00000006   Code   RO         4395    i.TIM_ClearITPendingBit  stm32f10x_tim.o
    0x08003c76   0x08003c76   0x00000018   Code   RO         4400    i.TIM_Cmd           stm32f10x_tim.o
    0x08003c8e   0x08003c8e   0x00000022   Code   RO         4421    i.TIM_GetITStatus   stm32f10x_tim.o
    0x08003cb0   0x08003cb0   0x00000012   Code   RO         4425    i.TIM_ITConfig      stm32f10x_tim.o
    0x08003cc2   0x08003cc2   0x00000002   PAD
    0x08003cc4   0x08003cc4   0x000000a4   Code   RO         4471    i.TIM_TimeBaseInit  stm32f10x_tim.o
    0x08003d68   0x08003d68   0x00000030   Code   RO         5681    i.UART4_IRQHandler  fr_drv_uart.o
    0x08003d98   0x08003d98   0x00000030   Code   RO         5682    i.USART1_IRQHandler  fr_drv_uart.o
    0x08003dc8   0x08003dc8   0x00000030   Code   RO         5683    i.USART2_IRQHandler  fr_drv_uart.o
    0x08003df8   0x08003df8   0x0000001e   Code   RO         4933    i.USART_ClearITPendingBit  stm32f10x_usart.o
    0x08003e16   0x08003e16   0x00000018   Code   RO         4936    i.USART_Cmd         stm32f10x_usart.o
    0x08003e2e   0x08003e2e   0x00000002   PAD
    0x08003e30   0x08003e30   0x0000009c   Code   RO         4938    i.USART_DeInit      stm32f10x_usart.o
    0x08003ecc   0x08003ecc   0x0000001a   Code   RO         4939    i.USART_GetFlagStatus  stm32f10x_usart.o
    0x08003ee6   0x08003ee6   0x00000054   Code   RO         4940    i.USART_GetITStatus  stm32f10x_usart.o
    0x08003f3a   0x08003f3a   0x0000004a   Code   RO         4942    i.USART_ITConfig    stm32f10x_usart.o
    0x08003f84   0x08003f84   0x000000d8   Code   RO         4943    i.USART_Init        stm32f10x_usart.o
    0x0800405c   0x0800405c   0x0000000a   Code   RO         4950    i.USART_ReceiveData  stm32f10x_usart.o
    0x08004066   0x08004066   0x00000008   Code   RO         4953    i.USART_SendData    stm32f10x_usart.o
    0x0800406e   0x0800406e   0x00000002   PAD
    0x08004070   0x08004070   0x00000034   Code   RO         5411    i.USB_LP_CAN1_RX0_IRQHandler  fr_drv_can.o
    0x080040a4   0x080040a4   0x00000028   Code   RO         1193    i.WriteCmdDataBuf   fifo.o
    0x080040cc   0x080040cc   0x0000025c   Code   RO         1194    i.WriteSendQueue    fifo.o
    0x08004328   0x08004328   0x00000028   Code   RO         6296    i.__ARM_fpclassify  m_ws.l(fpclassify.o)
    0x08004350   0x08004350   0x0000000e   Code   RO         6037    i._is_digit         c_w.l(__printf_wp.o)
    0x0800435e   0x0800435e   0x00000002   PAD
    0x08004360   0x08004360   0x0000043c   Code   RO         1037    i.analysis_can_info  can.o
    0x0800479c   0x0800479c   0x00000274   Code   RO          863    i.analysis_config_info  config.o
    0x08004a10   0x08004a10   0x00000368   Code   RO          478    i.analysis_down_data  gsm.o
    0x08004d78   0x08004d78   0x00000050   Code   RO          479    i.at_cmd_cgatt      gsm.o
    0x08004dc8   0x08004dc8   0x00000038   Code   RO          480    i.at_cmd_cpin       gsm.o
    0x08004e00   0x08004e00   0x00000120   Code   RO          481    i.at_cmd_creat_socket  gsm.o
    0x08004f20   0x08004f20   0x00000068   Code   RO          482    i.at_cmd_creg       gsm.o
    0x08004f88   0x08004f88   0x00000054   Code   RO          483    i.at_cmd_csq        gsm.o
    0x08004fdc   0x08004fdc   0x00000048   Code   RO          484    i.at_cmd_icc_id     gsm.o
    0x08005024   0x08005024   0x00000184   Code   RO          485    i.at_cmd_mipsend_data  gsm.o
    0x080051a8   0x080051a8   0x00000024   Code   RO          486    i.at_cmd_ok         gsm.o
    0x080051cc   0x080051cc   0x00000064   Code   RO          487    i.at_cmd_return_mipstat  gsm.o
    0x08005230   0x08005230   0x00000080   Code   RO          488    i.at_cmd_send_syn   gsm.o
    0x080052b0   0x080052b0   0x0000008c   Code   RO          489    i.at_get_local_ip   gsm.o
    0x0800533c   0x0800533c   0x000003f8   Code   RO          823    i.build_complete_packet  ddp.o
    0x08005734   0x08005734   0x00000614   Code   RO          864    i.build_config_info  config.o
    0x08005d48   0x08005d48   0x00000412   Code   RO          824    i.build_general_response  ddp.o
    0x0800615a   0x0800615a   0x00000002   PAD
    0x0800615c   0x0800615c   0x000004d0   Code   RO          825    i.build_position_packet  ddp.o
    0x0800662c   0x0800662c   0x000000ec   Code   RO          784    i.calendar_to_timestamp  rtc.o
    0x08006718   0x08006718   0x000003fc   Code   RO         1038    i.can1_rx_handle    can.o
    0x08006b14   0x08006b14   0x000000cc   Code   RO         1039    i.can_checkout_handle  can.o
    0x08006be0   0x08006be0   0x00000088   Code   RO         5684    i.clear_com         fr_drv_uart.o
    0x08006c68   0x08006c68   0x00000018   Code   RO          341    i.close_gnss_modle  gnss.o
    0x08006c80   0x08006c80   0x00000044   Code   RO         5685    i.datasize_in_com   fr_drv_uart.o
    0x08006cc4   0x08006cc4   0x0000002a   Code   RO         5218    i.delay_ms          board.o
    0x08006cee   0x08006cee   0x00000010   Code   RO          245    i.f                 md5.o
    0x08006cfe   0x08006cfe   0x00000002   PAD
    0x08006d00   0x08006d00   0x0000015c   Code   RO          246    i.ff                md5.o
    0x08006e5c   0x08006e5c   0x000000e4   Code   RO          638    i.fr_atof           pro_data.o
    0x08006f40   0x08006f40   0x0000003c   Code   RO          639    i.fr_atoi           pro_data.o
    0x08006f7c   0x08006f7c   0x00000134   Code   RO         5412    i.fr_can1_init      fr_drv_can.o
    0x080070b0   0x080070b0   0x00000084   Code   RO         5413    i.fr_can1_tx_msg    fr_drv_can.o
    0x08007134   0x08007134   0x0000004c   Code   RO         5686    i.fr_close_uart1    fr_drv_uart.o
    0x08007180   0x08007180   0x0000004c   Code   RO         5688    i.fr_close_uart4    fr_drv_uart.o
    0x080071cc   0x080071cc   0x0000002e   Code   RO         5219    i.fr_enter_sleep    board.o
    0x080071fa   0x080071fa   0x0000001c   Code   RO         5220    i.fr_exit_sleep     board.o
    0x08007216   0x08007216   0x00000002   PAD
    0x08007218   0x08007218   0x00000054   Code   RO         5520    i.fr_fram_read      fr_drv_mem.o
    0x0800726c   0x0800726c   0x0000018a   Code   RO         5521    i.fr_fram_write     fr_drv_mem.o
    0x080073f6   0x080073f6   0x00000002   PAD
    0x080073f8   0x080073f8   0x00000148   Code   RO         5824    i.fr_gpio_init      fr_drv_gpio.o
    0x08007540   0x08007540   0x00000020   Code   RO         5825    i.fr_gpio_set_mode  fr_drv_gpio.o
    0x08007560   0x08007560   0x0000009c   Code   RO         5451    i.fr_i2c_read       fr_drv_i2c.o
    0x080075fc   0x080075fc   0x00000066   Code   RO         5452    i.fr_i2c_write      fr_drv_i2c.o
    0x08007662   0x08007662   0x00000002   PAD
    0x08007664   0x08007664   0x00000120   Code   RO         5630    i.fr_init_adc       fr_drv_adc.o
    0x08007784   0x08007784   0x00000030   Code   RO         5221    i.fr_init_board     board.o
    0x080077b4   0x080077b4   0x00000014   Code   RO         5414    i.fr_init_can1_sema  fr_drv_can.o
    0x080077c8   0x080077c8   0x0000002c   Code   RO         5523    i.fr_init_fram      fr_drv_mem.o
    0x080077f4   0x080077f4   0x0000006a   Code   RO         5222    i.fr_init_hse_72mhz  board.o
    0x0800785e   0x0800785e   0x00000002   PAD
    0x08007860   0x08007860   0x00000064   Code   RO         5225    i.fr_init_hsi_8mhz  board.o
    0x080078c4   0x080078c4   0x00000024   Code   RO         5453    i.fr_init_i2c       fr_drv_i2c.o
    0x080078e8   0x080078e8   0x00000044   Code   RO         5226    i.fr_init_pvd       board.o
    0x0800792c   0x0800792c   0x0000007e   Code   RO         5346    i.fr_init_rtc       fr_drv_rtc.o
    0x080079aa   0x080079aa   0x00000078   Code   RO         5347    i.fr_init_rtc_lse   fr_drv_rtc.o
    0x08007a22   0x08007a22   0x00000068   Code   RO         5348    i.fr_init_rtc_lsi   fr_drv_rtc.o
    0x08007a8a   0x08007a8a   0x00000002   PAD
    0x08007a8c   0x08007a8c   0x0000009c   Code   RO         5689    i.fr_init_uart1     fr_drv_uart.o
    0x08007b28   0x08007b28   0x00000098   Code   RO         5690    i.fr_init_uart2     fr_drv_uart.o
    0x08007bc0   0x08007bc0   0x0000009c   Code   RO         5691    i.fr_init_uart4     fr_drv_uart.o
    0x08007c5c   0x08007c5c   0x00000084   Code   RO         5227    i.fr_init_wdt       board.o
    0x08007ce0   0x08007ce0   0x0000006e   Code   RO         5228    i.fr_init_wkup      board.o
    0x08007d4e   0x08007d4e   0x000000fa   Code   RO         5229    i.fr_nvic_config    board.o
    0x08007e48   0x08007e48   0x00000054   Code   RO         2112    i.fr_printf         console.o
    0x08007e9c   0x08007e9c   0x00000028   Code   RO         5631    i.fr_read_adc_value  fr_drv_adc.o
    0x08007ec4   0x08007ec4   0x00000010   Code   RO         5826    i.fr_read_gpio_state  fr_drv_gpio.o
    0x08007ed4   0x08007ed4   0x0000000c   Code   RO         5349    i.fr_read_rtc       fr_drv_rtc.o
    0x08007ee0   0x08007ee0   0x00000008   Code   RO         5230    i.fr_reset_iwdg     board.o
    0x08007ee8   0x08007ee8   0x00000028   Code   RO         5231    i.fr_reset_sys      board.o
    0x08007f10   0x08007f10   0x0000002a   Code   RO         5350    i.fr_rtc_delay_ms   fr_drv_rtc.o
    0x08007f3a   0x08007f3a   0x00000002   PAD
    0x08007f3c   0x08007f3c   0x0000004c   Code   RO         2113    i.fr_send_console   console.o
    0x08007f88   0x08007f88   0x00000044   Code   RO         5693    i.fr_send_uart2     fr_drv_uart.o
    0x08007fcc   0x08007fcc   0x00000044   Code   RO         5694    i.fr_send_uart4     fr_drv_uart.o
    0x08008010   0x08008010   0x00000010   Code   RO         5415    i.fr_set_can1_rx_hook  fr_drv_can.o
    0x08008020   0x08008020   0x00000020   Code   RO         2114    i.fr_set_console    console.o
    0x08008040   0x08008040   0x00000014   Code   RO         5351    i.fr_set_rtc        fr_drv_rtc.o
    0x08008054   0x08008054   0x0000002c   Code   RO         5352    i.fr_set_rtc_alarm  fr_drv_rtc.o
    0x08008080   0x08008080   0x00000010   Code   RO         5695    i.fr_set_uart1_rx_hook  fr_drv_uart.o
    0x08008090   0x08008090   0x00000010   Code   RO         5696    i.fr_set_uart2_rx_hook  fr_drv_uart.o
    0x080080a0   0x080080a0   0x00000010   Code   RO         5697    i.fr_set_uart4_rx_hook  fr_drv_uart.o
    0x080080b0   0x080080b0   0x00000044   Code   RO         5656    i.fr_timer3_init    fr_drv_timer.o
    0x080080f4   0x080080f4   0x00000030   Code   RO         5657    i.fr_timer3_sethook  fr_drv_timer.o
    0x08008124   0x08008124   0x0000005a   Code   RO         5232    i.fr_wkup_idle      board.o
    0x0800817e   0x0800817e   0x00000002   PAD
    0x08008180   0x08008180   0x0000005c   Code   RO         5524    i.fram_page_write   fr_drv_mem.o
    0x080081dc   0x080081dc   0x00000010   Code   RO          247    i.g                 md5.o
    0x080081ec   0x080081ec   0x0000002c   Code   RO          640    i.get_comma_posi    pro_data.o
    0x08008218   0x08008218   0x00000058   Code   RO          641    i.get_data_str      pro_data.o
    0x08008270   0x08008270   0x0000015c   Code   RO          248    i.gg                md5.o
    0x080083cc   0x080083cc   0x00000010   Code   RO          343    i.gnss_rx_handle    gnss.o
    0x080083dc   0x080083dc   0x00000054   Code   RO          344    i.gnss_ticks_handle  gnss.o
    0x08008430   0x08008430   0x000000b4   Code   RO          345    i.gps_info_handler  gnss.o
    0x080084e4   0x080084e4   0x000000c8   Code   RO          490    i.gsm_led_handle    gsm.o
    0x080085ac   0x080085ac   0x00000018   Code   RO          491    i.gsm_modle_close   gsm.o
    0x080085c4   0x080085c4   0x0000014c   Code   RO          492    i.gsm_open_power    gsm.o
    0x08008710   0x08008710   0x00000104   Code   RO          493    i.gsm_register_network  gsm.o
    0x08008814   0x08008814   0x00000010   Code   RO          494    i.gsm_rx_handle     gsm.o
    0x08008824   0x08008824   0x00000098   Code   RO          495    i.gsm_send_data     gsm.o
    0x080088bc   0x080088bc   0x00000054   Code   RO          496    i.gsm_ticks_handle  gsm.o
    0x08008910   0x08008910   0x0000000a   Code   RO          249    i.h                 md5.o
    0x0800891a   0x0800891a   0x00000002   PAD
    0x0800891c   0x0800891c   0x0000015c   Code   RO          250    i.hh                md5.o
    0x08008a78   0x08008a78   0x0000000c   Code   RO          251    i.i                 md5.o
    0x08008a84   0x08008a84   0x0000003c   Code   RO         5454    i.i2c_ack           fr_drv_i2c.o
    0x08008ac0   0x08008ac0   0x00000012   Code   RO         5455    i.i2c_delay         fr_drv_i2c.o
    0x08008ad2   0x08008ad2   0x00000002   PAD
    0x08008ad4   0x08008ad4   0x0000003c   Code   RO         5456    i.i2c_no_ack        fr_drv_i2c.o
    0x08008b10   0x08008b10   0x00000068   Code   RO         5457    i.i2c_read_byte     fr_drv_i2c.o
    0x08008b78   0x08008b78   0x00000060   Code   RO         5458    i.i2c_start         fr_drv_i2c.o
    0x08008bd8   0x08008bd8   0x0000003c   Code   RO         5459    i.i2c_stop          fr_drv_i2c.o
    0x08008c14   0x08008c14   0x000000a4   Code   RO         5460    i.i2c_write_byte    fr_drv_i2c.o
    0x08008cb8   0x08008cb8   0x0000015c   Code   RO          252    i.ii                md5.o
    0x08008e14   0x08008e14   0x0000002c   Code   RO         1195    i.init_fifo_sema    fifo.o
    0x08008e40   0x08008e40   0x00000044   Code   RO          497    i.init_gsm_timer    gsm.o
    0x08008e84   0x08008e84   0x00000044   Code   RO         1044    i.init_request_heart  can.o
    0x08008ec8   0x08008ec8   0x0000007a   Code   RO          642    i.int_to_str        pro_data.o
    0x08008f42   0x08008f42   0x0000003e   Code   RO          643    i.look_for_str      pro_data.o
    0x08008f80   0x08008f80   0x00000034   Code   RO            1    i.main              main.o
    0x08008fb4   0x08008fb4   0x00000164   Code   RO          253    i.md5               md5.o
    0x08009118   0x08009118   0x0000001c   Code   RO          254    i.md5_ClearX        md5.o
    0x08009134   0x08009134   0x00000474   Code   RO          255    i.md5_ProChunk      md5.o
    0x080095a8   0x080095a8   0x00000010   Code   RO            2    i.mon_rx_handle     main.o
    0x080095b8   0x080095b8   0x00000038   Code   RO            3    i.mon_ticks_handle  main.o
    0x080095f0   0x080095f0   0x00000052   Code   RO          644    i.nmea_verfy        pro_data.o
    0x08009642   0x08009642   0x00000002   PAD
    0x08009644   0x08009644   0x00000054   Code   RO          346    i.parse_bdgsv       gnss.o
    0x08009698   0x08009698   0x000000ac   Code   RO          347    i.parse_gga         gnss.o
    0x08009744   0x08009744   0x00000054   Code   RO          348    i.parse_gpgsv       gnss.o
    0x08009798   0x08009798   0x0000030c   Code   RO          349    i.parse_rmc         gnss.o
    0x08009aa4   0x08009aa4   0x0000016c   Code   RO          979    i.process_in        mon.o
    0x08009c10   0x08009c10   0x00000098   Code   RO         1639    i.prvAddCurrentTaskToDelayedList  tasks.o
    0x08009ca8   0x08009ca8   0x000000b8   Code   RO         1640    i.prvAddNewTaskToReadyList  tasks.o
    0x08009d60   0x08009d60   0x0000004c   Code   RO         1994    i.prvCheckForValidListAndQueue  timers.o
    0x08009dac   0x08009dac   0x00000064   Code   RO         1641    i.prvCheckTasksWaitingTermination  tasks.o
    0x08009e10   0x08009e10   0x0000002a   Code   RO         1479    i.prvCopyDataFromQueue  queue.o
    0x08009e3a   0x08009e3a   0x0000007c   Code   RO         1480    i.prvCopyDataToQueue  queue.o
    0x08009eb6   0x08009eb6   0x00000012   Code   RO         1642    i.prvDeleteTCB      tasks.o
    0x08009ec8   0x08009ec8   0x00000028   Code   RO         1995    i.prvGetNextExpireTime  timers.o
    0x08009ef0   0x08009ef0   0x0000007c   Code   RO         2150    i.prvHeapInit       heap_4.o
    0x08009f6c   0x08009f6c   0x0000002c   Code   RO         1643    i.prvIdleTask       tasks.o
    0x08009f98   0x08009f98   0x0000001c   Code   RO         1481    i.prvInitialiseMutex  queue.o
    0x08009fb4   0x08009fb4   0x0000002a   Code   RO         1482    i.prvInitialiseNewQueue  queue.o
    0x08009fde   0x08009fde   0x00000090   Code   RO         1644    i.prvInitialiseNewTask  tasks.o
    0x0800a06e   0x0800a06e   0x0000002e   Code   RO         1996    i.prvInitialiseNewTimer  timers.o
    0x0800a09c   0x0800a09c   0x00000068   Code   RO         1645    i.prvInitialiseTaskLists  tasks.o
    0x0800a104   0x0800a104   0x00000068   Code   RO         2151    i.prvInsertBlockIntoFreeList  heap_4.o
    0x0800a16c   0x0800a16c   0x00000058   Code   RO         1997    i.prvInsertTimerInActiveList  timers.o
    0x0800a1c4   0x0800a1c4   0x0000001a   Code   RO         1483    i.prvIsQueueEmpty   queue.o
    0x0800a1de   0x0800a1de   0x0000001e   Code   RO         1484    i.prvIsQueueFull    queue.o
    0x0800a1fc   0x0800a1fc   0x0000004c   Code   RO         1998    i.prvProcessExpiredTimer  timers.o
    0x0800a248   0x0800a248   0x000000bc   Code   RO         1999    i.prvProcessReceivedCommands  timers.o
    0x0800a304   0x0800a304   0x00000074   Code   RO         2000    i.prvProcessTimerOrBlockTask  timers.o
    0x0800a378   0x0800a378   0x00000034   Code   RO         1647    i.prvResetNextTaskUnblockTime  tasks.o
    0x0800a3ac   0x0800a3ac   0x0000002c   Code   RO         2001    i.prvSampleTimeNow  timers.o
    0x0800a3d8   0x0800a3d8   0x00000084   Code   RO         2002    i.prvSwitchTimerLists  timers.o
    0x0800a45c   0x0800a45c   0x00000016   Code   RO         1648    i.prvTaskCheckFreeStackSpace  tasks.o
    0x0800a472   0x0800a472   0x00000016   Code   RO         1409    i.prvTaskExitError  port.o
    0x0800a488   0x0800a488   0x0000001a   Code   RO         2003    i.prvTimerTask      timers.o
    0x0800a4a2   0x0800a4a2   0x0000007e   Code   RO         1485    i.prvUnlockQueue    queue.o
    0x0800a520   0x0800a520   0x000000d0   Code   RO         2152    i.pvPortMalloc      heap_4.o
    0x0800a5f0   0x0800a5f0   0x00000020   Code   RO         1650    i.pvTaskIncrementMutexHeldCount  tasks.o
    0x0800a610   0x0800a610   0x00000024   Code   RO         1410    i.pxPortInitialiseStack  port.o
    0x0800a634   0x0800a634   0x0000000c   Code   RO          980    i.read_acc_state    mon.o
    0x0800a640   0x0800a640   0x0000000c   Code   RO          981    i.read_ant_state    mon.o
    0x0800a64c   0x0800a64c   0x0000000c   Code   RO          982    i.read_batter_vol   mon.o
    0x0800a658   0x0800a658   0x0000000c   Code   RO          350    i.read_bd_sate_num  gnss.o
    0x0800a664   0x0800a664   0x0000000c   Code   RO         1045    i.read_can_actual_rotate  can.o
    0x0800a670   0x0800a670   0x0000000c   Code   RO         1046    i.read_can_connect_state  can.o
    0x0800a67c   0x0800a67c   0x0000001c   Code   RO         1048    i.read_can_info     can.o
    0x0800a698   0x0800a698   0x0000000c   Code   RO          865    i.read_car_type     config.o
    0x0800a6a4   0x0800a6a4   0x00000168   Code   RO         5698    i.read_com_buf      fr_drv_uart.o
    0x0800a80c   0x0800a80c   0x00000020   Code   RO          866    i.read_config_apn   config.o
    0x0800a82c   0x0800a82c   0x00000018   Code   RO          867    i.read_config_dev_id  config.o
    0x0800a844   0x0800a844   0x00000018   Code   RO          868    i.read_config_dev_secret  config.o
    0x0800a85c   0x0800a85c   0x00000114   Code   RO          869    i.read_config_info  config.o
    0x0800a970   0x0800a970   0x0000000c   Code   RO          870    i.read_config_info_hard_ware  config.o
    0x0800a97c   0x0800a97c   0x00000010   Code   RO          871    i.read_config_info_run_time  config.o
    0x0800a98c   0x0800a98c   0x0000000c   Code   RO          873    i.read_config_state  config.o
    0x0800a998   0x0800a998   0x0000000c   Code   RO          874    i.read_config_travel_upload_cycle  config.o
    0x0800a9a4   0x0800a9a4   0x0000000c   Code   RO          875    i.read_config_work_upload_cycle  config.o
    0x0800a9b0   0x0800a9b0   0x00000004   Code   RO          326    i.read_fir_ver      version.o
    0x0800a9b4   0x0800a9b4   0x00000020   Code   RO          876    i.read_gateway_addr1  config.o
    0x0800a9d4   0x0800a9d4   0x0000000c   Code   RO          877    i.read_gateway_port1  config.o
    0x0800a9e0   0x0800a9e0   0x0000000c   Code   RO          351    i.read_gnss_altitude  gnss.o
    0x0800a9ec   0x0800a9ec   0x00000028   Code   RO          353    i.read_gnss_hdop    gnss.o
    0x0800aa14   0x0800aa14   0x0000000c   Code   RO          354    i.read_gnss_heading  gnss.o
    0x0800aa20   0x0800aa20   0x0000000c   Code   RO          355    i.read_gnss_latitude  gnss.o
    0x0800aa2c   0x0800aa2c   0x0000000c   Code   RO          356    i.read_gnss_longitude  gnss.o
    0x0800aa38   0x0800aa38   0x00000028   Code   RO          357    i.read_gnss_speed   gnss.o
    0x0800aa60   0x0800aa60   0x0000000c   Code   RO          358    i.read_gnss_state   gnss.o
    0x0800aa6c   0x0800aa6c   0x00000014   Code   RO          359    i.read_gnss_utc_time  gnss.o
    0x0800aa80   0x0800aa80   0x0000000c   Code   RO          360    i.read_gps_sate_num  gnss.o
    0x0800aa8c   0x0800aa8c   0x0000000c   Code   RO          498    i.read_gsm_signal   gsm.o
    0x0800aa98   0x0800aa98   0x00000024   Code   RO          499    i.read_icc_id       gsm.o
    0x0800aabc   0x0800aabc   0x00000014   Code   RO         1049    i.read_lock_expect_state  can.o
    0x0800aad0   0x0800aad0   0x00000024   Code   RO         1050    i.read_lock_state   can.o
    0x0800aaf4   0x0800aaf4   0x00000014   Code   RO         1051    i.read_mon_expect_state  can.o
    0x0800ab08   0x0800ab08   0x0000000c   Code   RO          500    i.read_net_state    gsm.o
    0x0800ab14   0x0800ab14   0x0000000c   Code   RO          983    i.read_power_vol    mon.o
    0x0800ab20   0x0800ab20   0x0000000c   Code   RO          361    i.read_satellite_num  gnss.o
    0x0800ab2c   0x0800ab2c   0x0000000c   Code   RO          984    i.read_shell_state  mon.o
    0x0800ab38   0x0800ab38   0x00000020   Code   RO          878    i.read_terminal_id  config.o
    0x0800ab58   0x0800ab58   0x0000002c   Code   RO          785    i.read_time         rtc.o
    0x0800ab84   0x0800ab84   0x0000000c   Code   RO          786    i.read_timestamp    rtc.o
    0x0800ab90   0x0800ab90   0x00000032   Code   RO         5699    i.read_uart_pkt     fr_drv_uart.o
    0x0800abc2   0x0800abc2   0x00000002   PAD
    0x0800abc4   0x0800abc4   0x00000098   Code   RO         1052    i.respond_ecu_hand  can.o
    0x0800ac5c   0x0800ac5c   0x0000001c   Code   RO          879    i.save_config_info  config.o
    0x0800ac78   0x0800ac78   0x00000018   Code   RO         1053    i.save_lock_state   can.o
    0x0800ac90   0x0800ac90   0x000000b0   Code   RO         1054    i.send_activate_cmd  can.o
    0x0800ad40   0x0800ad40   0x000000b4   Code   RO         1055    i.send_heart_request  can.o
    0x0800adf4   0x0800adf4   0x000000b0   Code   RO         1056    i.send_lock_cmd     can.o
    0x0800aea4   0x0800aea4   0x00000114   Code   RO            4    i.task_build_data   main.o
    0x0800afb8   0x0800afb8   0x000000f8   Code   RO         1057    i.task_can_lock     can.o
    0x0800b0b0   0x0800b0b0   0x00000030   Code   RO         1058    i.task_can_rx       can.o
    0x0800b0e0   0x0800b0e0   0x000000d4   Code   RO            5    i.task_config       main.o
    0x0800b1b4   0x0800b1b4   0x000001b0   Code   RO          362    i.task_gnss         gnss.o
    0x0800b364   0x0800b364   0x00000438   Code   RO          501    i.task_gsm          gsm.o
    0x0800b79c   0x0800b79c   0x00000014   Code   RO          986    i.task_in           mon.o
    0x0800b7b0   0x0800b7b0   0x000000dc   Code   RO          787    i.task_rtc          rtc.o
    0x0800b88c   0x0800b88c   0x00000440   Code   RO            6    i.task_start        main.o
    0x0800bccc   0x0800bccc   0x00000078   Code   RO            7    i.task_up_load      main.o
    0x0800bd44   0x0800bd44   0x00000154   Code   RO          788    i.timestamp_to_calendar  rtc.o
    0x0800be98   0x0800be98   0x00000028   Code   RO         1371    i.uxListRemove      list.o
    0x0800bec0   0x0800bec0   0x00000028   Code   RO         1653    i.uxTaskGetStackHighWaterMark  tasks.o
    0x0800bee8   0x0800bee8   0x00000002   Code   RO            8    i.vApplicationIdleHook  main.o
    0x0800beea   0x0800beea   0x0000001a   Code   RO         1372    i.vListInitialise   list.o
    0x0800bf04   0x0800bf04   0x00000006   Code   RO         1373    i.vListInitialiseItem  list.o
    0x0800bf0a   0x0800bf0a   0x00000034   Code   RO         1374    i.vListInsert       list.o
    0x0800bf3e   0x0800bf3e   0x00000018   Code   RO         1375    i.vListInsertEnd    list.o
    0x0800bf56   0x0800bf56   0x00000002   PAD
    0x0800bf58   0x0800bf58   0x00000024   Code   RO         1412    i.vPortEnterCritical  port.o
    0x0800bf7c   0x0800bf7c   0x00000020   Code   RO         1413    i.vPortExitCritical  port.o
    0x0800bf9c   0x0800bf9c   0x00000048   Code   RO         2153    i.vPortFree         heap_4.o
    0x0800bfe4   0x0800bfe4   0x00000014   Code   RO         1414    i.vPortSetupTimerInterrupt  port.o
    0x0800bff8   0x0800bff8   0x0000004a   Code   RO         1493    i.vQueueWaitForMessageRestricted  queue.o
    0x0800c042   0x0800c042   0x00000002   PAD
    0x0800c044   0x0800c044   0x00000034   Code   RO         1659    i.vTaskDelay        tasks.o
    0x0800c078   0x0800c078   0x000000cc   Code   RO         1661    i.vTaskDelete       tasks.o
    0x0800c144   0x0800c144   0x0000000c   Code   RO         1664    i.vTaskMissedYield  tasks.o
    0x0800c150   0x0800c150   0x00000020   Code   RO         1666    i.vTaskPlaceOnEventList  tasks.o
    0x0800c170   0x0800c170   0x00000028   Code   RO         1667    i.vTaskPlaceOnEventListRestricted  tasks.o
    0x0800c198   0x0800c198   0x000000b0   Code   RO         1669    i.vTaskPriorityInherit  tasks.o
    0x0800c248   0x0800c248   0x00000018   Code   RO         1673    i.vTaskSetTimeOutState  tasks.o
    0x0800c260   0x0800c260   0x00000070   Code   RO         1674    i.vTaskStartScheduler  tasks.o
    0x0800c2d0   0x0800c2d0   0x00000010   Code   RO         1676    i.vTaskSuspendAll   tasks.o
    0x0800c2e0   0x0800c2e0   0x00000060   Code   RO         1677    i.vTaskSwitchContext  tasks.o
    0x0800c340   0x0800c340   0x000000ac   Code   RO         5700    i.write_com1_recv_buf  fr_drv_uart.o
    0x0800c3ec   0x0800c3ec   0x000000ac   Code   RO         5701    i.write_com2_recv_buf  fr_drv_uart.o
    0x0800c498   0x0800c498   0x000000ac   Code   RO         5702    i.write_com4_recv_buf  fr_drv_uart.o
    0x0800c544   0x0800c544   0x00000034   Code   RO         1415    i.xPortStartScheduler  port.o
    0x0800c578   0x0800c578   0x00000022   Code   RO         1494    i.xQueueCreateMutex  queue.o
    0x0800c59a   0x0800c59a   0x00000038   Code   RO         1495    i.xQueueGenericCreate  queue.o
    0x0800c5d2   0x0800c5d2   0x00000002   PAD
    0x0800c5d4   0x0800c5d4   0x0000015c   Code   RO         1496    i.xQueueGenericReceive  queue.o
    0x0800c730   0x0800c730   0x00000080   Code   RO         1497    i.xQueueGenericReset  queue.o
    0x0800c7b0   0x0800c7b0   0x00000118   Code   RO         1498    i.xQueueGenericSend  queue.o
    0x0800c8c8   0x0800c8c8   0x00000086   Code   RO         1499    i.xQueueGenericSendFromISR  queue.o
    0x0800c94e   0x0800c94e   0x00000078   Code   RO         1500    i.xQueueGiveFromISR  queue.o
    0x0800c9c6   0x0800c9c6   0x00000002   PAD
    0x0800c9c8   0x0800c9c8   0x0000005c   Code   RO         1678    i.xTaskCheckForTimeOut  tasks.o
    0x0800ca24   0x0800ca24   0x00000060   Code   RO         1679    i.xTaskCreate       tasks.o
    0x0800ca84   0x0800ca84   0x00000020   Code   RO         1683    i.xTaskGetSchedulerState  tasks.o
    0x0800caa4   0x0800caa4   0x0000000c   Code   RO         1684    i.xTaskGetTickCount  tasks.o
    0x0800cab0   0x0800cab0   0x0000011c   Code   RO         1686    i.xTaskIncrementTick  tasks.o
    0x0800cbcc   0x0800cbcc   0x00000084   Code   RO         1689    i.xTaskPriorityDisinherit  tasks.o
    0x0800cc50   0x0800cc50   0x00000080   Code   RO         1690    i.xTaskRemoveFromEventList  tasks.o
    0x0800ccd0   0x0800ccd0   0x000000e8   Code   RO         1692    i.xTaskResumeAll    tasks.o
    0x0800cdb8   0x0800cdb8   0x00000030   Code   RO         2006    i.xTimerCreate      timers.o
    0x0800cde8   0x0800cde8   0x0000003c   Code   RO         2007    i.xTimerCreateTimerTask  timers.o
    0x0800ce24   0x0800ce24   0x0000006c   Code   RO         2008    i.xTimerGenericCommand  timers.o
    0x0800ce90   0x0800ce90   0x0000002c   Code   RO         6340    locale$$code        c_w.l(lc_numeric_c.o)
    0x0800cebc   0x0800cebc   0x0000002c   Code   RO         6357    locale$$code        c_w.l(lc_ctype_c.o)
    0x0800cee8   0x0800cee8   0x00000062   Code   RO         6074    x$fpl$d2f           fz_ws.l(d2f.o)
    0x0800cf4a   0x0800cf4a   0x00000002   PAD
    0x0800cf4c   0x0800cf4c   0x00000150   Code   RO         6076    x$fpl$dadd          fz_ws.l(daddsub_clz.o)
    0x0800d09c   0x0800d09c   0x000002b0   Code   RO         6083    x$fpl$ddiv          fz_ws.l(ddiv.o)
    0x0800d34c   0x0800d34c   0x0000005a   Code   RO         6086    x$fpl$dfixu         fz_ws.l(dfixu.o)
    0x0800d3a6   0x0800d3a6   0x0000002e   Code   RO         6091    x$fpl$dflt          fz_ws.l(dflt_clz.o)
    0x0800d3d4   0x0800d3d4   0x00000026   Code   RO         6090    x$fpl$dfltu         fz_ws.l(dflt_clz.o)
    0x0800d3fa   0x0800d3fa   0x00000002   PAD
    0x0800d3fc   0x0800d3fc   0x00000154   Code   RO         6096    x$fpl$dmul          fz_ws.l(dmul.o)
    0x0800d550   0x0800d550   0x0000009c   Code   RO         6204    x$fpl$dnaninf       fz_ws.l(dnaninf.o)
    0x0800d5ec   0x0800d5ec   0x0000000c   Code   RO         6206    x$fpl$dretinf       fz_ws.l(dretinf.o)
    0x0800d5f8   0x0800d5f8   0x00000016   Code   RO         6077    x$fpl$drsb          fz_ws.l(daddsub_clz.o)
    0x0800d60e   0x0800d60e   0x00000002   PAD
    0x0800d610   0x0800d610   0x000001d4   Code   RO         6078    x$fpl$dsub          fz_ws.l(daddsub_clz.o)
    0x0800d7e4   0x0800d7e4   0x0000003e   Code   RO         6098    x$fpl$ffixu         fz_ws.l(ffixu.o)
    0x0800d822   0x0800d822   0x0000008c   Code   RO         6210    x$fpl$fnaninf       fz_ws.l(fnaninf.o)
    0x0800d8ae   0x0800d8ae   0x0000000a   Code   RO         6212    x$fpl$fretinf       fz_ws.l(fretinf.o)
    0x0800d8b8   0x0800d8b8   0x00000004   Code   RO         6214    x$fpl$printf1       fz_ws.l(printf1.o)
    0x0800d8bc   0x0800d8bc   0x00000004   Code   RO         6216    x$fpl$printf2       fz_ws.l(printf2.o)
    0x0800d8c0   0x0800d8c0   0x00000000   Code   RO         6222    x$fpl$usenofp       fz_ws.l(usenofp.o)
    0x0800d8c0   0x0800d8c0   0x00000011   Data   RO         6045    .constdata          c_w.l(__printf_flags_ss_wp.o)
    0x0800d8d1   0x0800d8d1   0x00000003   PAD
    0x0800d8d4   0x0800d8d4   0x00000008   Data   RO         6144    .constdata          c_w.l(_printf_wctomb.o)
    0x0800d8dc   0x0800d8dc   0x00000028   Data   RO         6173    .constdata          c_w.l(_printf_hex_int_ll_ptr.o)
    0x0800d904   0x0800d904   0x00000026   Data   RO         6278    .constdata          c_w.l(_printf_fp_hex.o)
    0x0800d92a   0x0800d92a   0x00000002   PAD
    0x0800d92c   0x0800d92c   0x00000094   Data   RO         6315    .constdata          c_w.l(bigflt0.o)
    0x0800d9c0   0x0800d9c0   0x00000020   Data   RO         6487    Region$$Table       anon$$obj.o
    0x0800d9e0   0x0800d9e0   0x0000001c   Data   RO         6339    locale$$data        c_w.l(lc_numeric_c.o)
    0x0800d9fc   0x0800d9fc   0x00000110   Data   RO         6356    locale$$data        c_w.l(lc_ctype_c.o)


    Execution Region RW_IRAM1 (Exec base: 0x20000000, Load base: 0x0800db0c, Size: 0x00008b38, Max: 0x0000c000, ABSOLUTE, COMPRESSED[0x00000040])

    Exec Addr    Load Addr    Size         Type   Attr      Idx    E Section Name        Object

    0x20000000   COMPRESSED   0x00000030   Data   RW            9    .data               main.o
    0x20000030   COMPRESSED   0x00000010   Data   RW          257    .data               md5.o
    0x20000040   COMPRESSED   0x00000008   Data   RW          364    .data               gnss.o
    0x20000048   COMPRESSED   0x00000015   Data   RW          503    .data               gsm.o
    0x2000005d   COMPRESSED   0x00000003   PAD
    0x20000060   COMPRESSED   0x00000014   Data   RW          789    .data               rtc.o
    0x20000074   COMPRESSED   0x0000000e   Data   RW          827    .data               ddp.o
    0x20000082   COMPRESSED   0x00000001   Data   RW          988    .data               mon.o
    0x20000083   COMPRESSED   0x00000001   PAD
    0x20000084   COMPRESSED   0x00000029   Data   RW         1060    .data               can.o
    0x200000ad   COMPRESSED   0x00000003   PAD
    0x200000b0   COMPRESSED   0x00000008   Data   RW         1198    .data               fifo.o
    0x200000b8   COMPRESSED   0x00000004   Data   RW         1416    .data               port.o
    0x200000bc   COMPRESSED   0x0000003c   Data   RW         1695    .data               tasks.o
    0x200000f8   COMPRESSED   0x00000014   Data   RW         2014    .data               timers.o
    0x2000010c   COMPRESSED   0x00000004   Data   RW         2116    .data               console.o
    0x20000110   COMPRESSED   0x00000018   Data   RW         2158    .data               heap_4.o
    0x20000128   COMPRESSED   0x00000014   Data   RW         3796    .data               stm32f10x_rcc.o
    0x2000013c   COMPRESSED   0x00000004   Data   RW         5354    .data               fr_drv_rtc.o
    0x20000140   COMPRESSED   0x00000008   Data   RW         5417    .data               fr_drv_can.o
    0x20000148   COMPRESSED   0x00000004   Data   RW         5525    .data               fr_drv_mem.o
    0x2000014c   COMPRESSED   0x00000006   Data   RW         5632    .data               fr_drv_adc.o
    0x20000152   COMPRESSED   0x00000002   PAD
    0x20000154   COMPRESSED   0x0000000c   Data   RW         5658    .data               fr_drv_timer.o
    0x20000160   COMPRESSED   0x00000040   Data   RW         5704    .data               fr_drv_uart.o
    0x200001a0        -       0x00000050   Zero   RW          256    .bss                md5.o
    0x200001f0        -       0x00000430   Zero   RW          363    .bss                gnss.o
    0x20000620        -       0x00000d08   Zero   RW          502    .bss                gsm.o
    0x20001328        -       0x00000200   Zero   RW          826    .bss                ddp.o
    0x20001528        -       0x00000160   Zero   RW          880    .bss                config.o
    0x20001688        -       0x00000069   Zero   RW          987    .bss                mon.o
    0x200016f1   COMPRESSED   0x00000003   PAD
    0x200016f4        -       0x000001ac   Zero   RW         1059    .bss                can.o
    0x200018a0        -       0x00003058   Zero   RW         1197    .bss                fifo.o
    0x200048f8        -       0x000001a4   Zero   RW         1694    .bss                tasks.o
    0x20004a9c        -       0x00000028   Zero   RW         2013    .bss                timers.o
    0x20004ac4        -       0x00000100   Zero   RW         2115    .bss                console.o
    0x20004bc4        -       0x00003000   Zero   RW         2157    .bss                heap_4.o
    0x20007bc4        -       0x00000028   Zero   RW         5416    .bss                fr_drv_can.o
    0x20007bec        -       0x000008e7   Zero   RW         5703    .bss                fr_drv_uart.o
    0x200084d3   COMPRESSED   0x00000001   PAD
    0x200084d4        -       0x00000060   Zero   RW         6301    .bss                c_w.l(libspace.o)
    0x20008534   COMPRESSED   0x00000004   PAD
    0x20008538        -       0x00000200   Zero   RW         5211    HEAP                startup_stm32f10x_hd.o
    0x20008738        -       0x00000400   Zero   RW         5210    STACK               startup_stm32f10x_hd.o


==============================================================================

Image component sizes


      Code (inc. data)   RO Data    RW Data    ZI Data      Debug   Object Name

      1068         36          0          0          0      22284   board.o
      3508        370          0         41        428      12169   can.o
      2720        202          0          0        352      10769   config.o
       192         24          0          4        256       3082   console.o
      3290         82          0         14        512       5373   ddp.o
         0          0          0          0          0       9276   event_groups.o
      1280        154          0          8      12376       5149   fifo.o
       328         20          0          6          0       1890   fr_drv_adc.o
       528         50          0          8         40       3762   fr_drv_can.o
       392         20          0          0          0       2730   fr_drv_gpio.o
       856         34          0          0          0       5908   fr_drv_i2c.o
       614         16          0          4          0       3395   fr_drv_mem.o
       552          6          0          4          0       5539   fr_drv_rtc.o
       192         36          0         12          0       2151   fr_drv_timer.o
      2074        274          0         64       2279      12609   fr_drv_uart.o
      2052        298          0          8       1072      11933   gnss.o
      4624       1162          0         21       3336      17710   gsm.o
       508         62          0         24      12288       3575   heap_4.o
       148          0          0          0          0       2998   list.o
      1822        420          0         48          0     318095   main.o
      3066        380          0         16         80       8549   md5.o
       132         22          0          0          0       1427   misc.o
       444         64          0          1        105       4174   mon.o
       400         50          0          4          0       8572   port.o
       914          8          0          0          0       8174   pro_data.o
      1592         16          0          0          0      13050   queue.o
       852        120          0         20          0       3945   rtc.o
        64         26        304          0       1536        804   startup_stm32f10x_hd.o
       518         30          0          0          0       8129   stm32f10x_adc.o
        72         10          0          0          0       2552   stm32f10x_bkp.o
      1316         18          0          0          0       5289   stm32f10x_can.o
       416          8          0          0          0       3282   stm32f10x_dma.o
       208         26          0          0          0       2316   stm32f10x_exti.o
        52         12          0          0          0       1041   stm32f10x_flash.o
       448          6          0          0          0       4302   stm32f10x_gpio.o
        68         30          0          0          0       2330   stm32f10x_iwdg.o
       156         38          0          0          0       3104   stm32f10x_pwr.o
       896        156          0         20          0      14897   stm32f10x_rcc.o
       288         52          0          0          0       5383   stm32f10x_rtc.o
       246         42          0          0          0       3354   stm32f10x_tim.o
       628         28          0          0          0       7110   stm32f10x_usart.o
       328         28          0          0          0       1897   system_stm32f10x.o
      2664        404          0         60        420      29181   tasks.o
      1048        106          0         20         40       9782   timers.o
         4          0          0          0          0        459   version.o

    ----------------------------------------------------------------------
     43626       4946        336        416      35124     613500   Object Totals
         0          0         32          0          0          0   (incl. Generated)
        58          0          0          9          4          0   (incl. Padding)

    ----------------------------------------------------------------------

      Code (inc. data)   RO Data    RW Data    ZI Data      Debug   Library Member Name

        60          8          0          0          0         84   __0sscanf.o
        44          6          0          0          0         84   __2sprintf.o
        90          0          0          0          0          0   __dczerorl2.o
         8          0          0          0          0         68   __main.o
       392          4         17          0          0         92   __printf_flags_ss_wp.o
        14          0          0          0          0         68   __printf_wp.o
         0          0          0          0          0          0   __rtentry.o
        12          0          0          0          0          0   __rtentry2.o
         6          0          0          0          0          0   __rtentry4.o
        52          8          0          0          0          0   __scatter.o
        28          0          0          0          0          0   __scatter_zi.o
        28          0          0          0          0         68   _chval.o
         6          0          0          0          0          0   _printf_a.o
         6          0          0          0          0          0   _printf_c.o
        44          0          0          0          0        108   _printf_char.o
        48          6          0          0          0         96   _printf_char_common.o
        40          0          0          0          0         68   _printf_charcount.o
         6          0          0          0          0          0   _printf_d.o
       120         16          0          0          0         92   _printf_dec.o
         6          0          0          0          0          0   _printf_e.o
         6          0          0          0          0          0   _printf_f.o
      1054          0          0          0          0        216   _printf_fp_dec.o
       764          8         38          0          0        100   _printf_fp_hex.o
       128         16          0          0          0         84   _printf_fp_infnan.o
         6          0          0          0          0          0   _printf_g.o
       148          4         40          0          0        160   _printf_hex_int_ll_ptr.o
         6          0          0          0          0          0   _printf_i.o
       178          0          0          0          0         88   _printf_intcommon.o
        10          0          0          0          0          0   _printf_l.o
         6          0          0          0          0          0   _printf_lc.o
        10          0          0          0          0          0   _printf_ll.o
         6          0          0          0          0          0   _printf_lld.o
         6          0          0          0          0          0   _printf_lli.o
         6          0          0          0          0          0   _printf_llo.o
         6          0          0          0          0          0   _printf_llu.o
         6          0          0          0          0          0   _printf_llx.o
       124         16          0          0          0         92   _printf_longlong_dec.o
         6          0          0          0          0          0   _printf_ls.o
         6          0          0          0          0          0   _printf_n.o
         6          0          0          0          0          0   _printf_o.o
       112         10          0          0          0        124   _printf_oct_int_ll.o
         6          0          0          0          0          0   _printf_p.o
        78          0          0          0          0        108   _printf_pad.o
         0          0          0          0          0          0   _printf_percent.o
         4          0          0          0          0          0   _printf_percent_end.o
         6          0          0          0          0          0   _printf_s.o
        82          0          0          0          0         80   _printf_str.o
        36          0          0          0          0         84   _printf_truncate.o
         6          0          0          0          0          0   _printf_u.o
        44          0          0          0          0        108   _printf_wchar.o
       188          6          8          0          0         92   _printf_wctomb.o
         6          0          0          0          0          0   _printf_x.o
       884          6          0          0          0        100   _scanf.o
       332          0          0          0          0         96   _scanf_int.o
       224          0          0          0          0         96   _scanf_str.o
        64          0          0          0          0         84   _sgetc.o
        16          0          0          0          0         68   _snputc.o
        10          0          0          0          0         68   _sputc.o
        64          0          0          0          0         92   _wcrtomb.o
        16          0          0          0          0         68   aeabi_memset.o
       228          4        148          0          0         96   bigflt0.o
      1936        128          0          0          0        672   btod.o
        18          0          0          0          0         80   exit.o
         6          0          0          0          0        152   heapauxi.o
         0          0          0          0          0          0   indicate_semi.o
        18          0          0          0          0         76   isspace.o
        44         10        272          0          0         76   lc_ctype_c.o
        44         10         28          0          0         76   lc_numeric_c.o
         2          0          0          0          0          0   libinit.o
        30          0          0          0          0          0   libinit2.o
         2          0          0          0          0          0   libshutdown.o
         2          0          0          0          0          0   libshutdown2.o
         8          4          0          0         96         68   libspace.o
       138          0          0          0          0         80   lludiv10.o
        16          4          0          0          0         76   rt_ctype_table.o
         8          4          0          0          0         68   rt_locale_intlibspace.o
        68          0          0          0          0         68   rt_memclr.o
        78          0          0          0          0         80   rt_memclr_w.o
       138          0          0          0          0         68   rt_memcpy_v6.o
       100          0          0          0          0         80   rt_memcpy_w.o
         2          0          0          0          0          0   rtexit.o
        10          0          0          0          0          0   rtexit2.o
        44          8          0          0          0         84   scanf_char.o
       128          0          0          0          0         68   strcmpv7m.o
        62          0          0          0          0         76   strlen.o
        36          0          0          0          0         80   strstr.o
        12          4          0          0          0         68   sys_exit.o
        74          0          0          0          0         80   sys_stackheap_outer.o
         2          0          0          0          0         68   use_no_semi.o
        52          4          0          0          0         80   vsnprintf.o
        98          4          0          0          0         92   d2f.o
       826         16          0          0          0        348   daddsub_clz.o
       688        140          0          0          0        208   ddiv.o
        90          4          0          0          0         92   dfixu.o
        84          0          0          0          0        136   dflt_clz.o
       340         12          0          0          0        104   dmul.o
       156          4          0          0          0         92   dnaninf.o
        12          0          0          0          0         68   dretinf.o
        62          4          0          0          0         84   ffixu.o
       140          4          0          0          0         84   fnaninf.o
        10          0          0          0          0         68   fretinf.o
         4          0          0          0          0         68   printf1.o
         4          0          0          0          0         68   printf2.o
         0          0          0          0          0          0   usenofp.o
        40          0          0          0          0         68   fpclassify.o

    ----------------------------------------------------------------------
     11558        482        556          0        100       6836   Library Totals
        22          0          5          0          4          0   (incl. Padding)

    ----------------------------------------------------------------------

      Code (inc. data)   RO Data    RW Data    ZI Data      Debug   Library Name

      8982        294        551          0         96       5256   c_w.l
      2514        188          0          0          0       1512   fz_ws.l
        40          0          0          0          0         68   m_ws.l

    ----------------------------------------------------------------------
     11558        482        556          0        100       6836   Library Totals

    ----------------------------------------------------------------------

==============================================================================


      Code (inc. data)   RO Data    RW Data    ZI Data      Debug   

     55184       5428        892        416      35224     597140   Grand Totals
     55184       5428        892         64      35224     597140   ELF Image Totals (compressed)
     55184       5428        892         64          0          0   ROM Totals

==============================================================================

    Total RO  Size (Code + RO Data)                56076 (  54.76kB)
    Total RW  Size (RW Data + ZI Data)             35640 (  34.80kB)
    Total ROM Size (Code + RO Data + RW Data)      56140 (  54.82kB)

==============================================================================

